<!doctype html public "-//w3c//dtd html 4.0 transitional//en">
<html><head>
<title>Static Call Graph - [.\Objects\bldc.axf]</title></head>
<body><HR>
<H1>Static Call Graph for image .\Objects\bldc.axf</H1><HR>
<BR><P>#&#060CALLGRAPH&#062# ARM Linker, 6240002: Last Updated: Wed Jul 29 20:25:48 2026
<BR><P>
<H3>Maximum Stack Usage =        200 bytes + Unknown(Cycles, Untraceable Function Pointers)</H3><H3>
Call chain for Maximum Stack Depth:</H3>
main &rArr; user_srpwm_init &rArr; GPIO_setPinConfig &rArr; assert_failed &rArr; __2printf
<P>
<H3>
Mutually Recursive functions
</H3> <LI><a href="#[18]">BusFault_Handler</a>&nbsp;&nbsp;&nbsp;&rArr;&nbsp;&nbsp;&nbsp;<a href="#[18]">BusFault_Handler</a><BR>
 <LI><a href="#[ae]">Interrupt_defaultHandler</a>&nbsp;&nbsp;&nbsp;&rArr;&nbsp;&nbsp;&nbsp;<a href="#[ae]">Interrupt_defaultHandler</a><BR>
</UL>
<P>
<H3>
Function Pointers
</H3><UL>
 <LI><a href="#[af]">ADC0_IRQHandler</a> from mc_it.o(.text.ADC0_IRQHandler) referenced 2 times from init_config.o(.text.user_adc_init)
 <LI><a href="#[7e]">AES_IRQHandler</a> from et6x_interrupt.o(.text.AES_IRQHandler) referenced from startup_et6039.o(RESET)
 <LI><a href="#[1f]">AHBDMAC0_BLOCK_IRQHandler</a> from et6x_interrupt.o(.text.AHBDMAC0_BLOCK_IRQHandler) referenced from startup_et6039.o(RESET)
 <LI><a href="#[23]">AHBDMAC0_COMBINED_IRQHandler</a> from et6x_interrupt.o(.text.AHBDMAC0_COMBINED_IRQHandler) referenced from startup_et6039.o(RESET)
 <LI><a href="#[21]">AHBDMAC0_DSTTRAN_IRQHandler</a> from et6x_interrupt.o(.text.AHBDMAC0_DSTTRAN_IRQHandler) referenced from startup_et6039.o(RESET)
 <LI><a href="#[22]">AHBDMAC0_ERROR_IRQHandler</a> from et6x_interrupt.o(.text.AHBDMAC0_ERROR_IRQHandler) referenced from startup_et6039.o(RESET)
 <LI><a href="#[20]">AHBDMAC0_SRCTRAN_IRQHandler</a> from et6x_interrupt.o(.text.AHBDMAC0_SRCTRAN_IRQHandler) referenced from startup_et6039.o(RESET)
 <LI><a href="#[1e]">AHBDMAC0_TFR_IRQHandler</a> from et6x_interrupt.o(.text.AHBDMAC0_TFR_IRQHandler) referenced from startup_et6039.o(RESET)
 <LI><a href="#[25]">AHBDMAC1_BLOCK_IRQHandler</a> from et6x_interrupt.o(.text.AHBDMAC1_BLOCK_IRQHandler) referenced from startup_et6039.o(RESET)
 <LI><a href="#[29]">AHBDMAC1_COMBINED_IRQHandler</a> from et6x_interrupt.o(.text.AHBDMAC1_COMBINED_IRQHandler) referenced from startup_et6039.o(RESET)
 <LI><a href="#[27]">AHBDMAC1_DSTTRAN_IRQHandler</a> from et6x_interrupt.o(.text.AHBDMAC1_DSTTRAN_IRQHandler) referenced from startup_et6039.o(RESET)
 <LI><a href="#[28]">AHBDMAC1_ERROR_IRQHandler</a> from et6x_interrupt.o(.text.AHBDMAC1_ERROR_IRQHandler) referenced from startup_et6039.o(RESET)
 <LI><a href="#[26]">AHBDMAC1_SRCTRAN_IRQHandler</a> from et6x_interrupt.o(.text.AHBDMAC1_SRCTRAN_IRQHandler) referenced from startup_et6039.o(RESET)
 <LI><a href="#[24]">AHBDMAC1_TFR_IRQHandler</a> from et6x_interrupt.o(.text.AHBDMAC1_TFR_IRQHandler) referenced from startup_et6039.o(RESET)
 <LI><a href="#[18]">BusFault_Handler</a> from startup_et6039.o(.text) referenced from startup_et6039.o(RESET)
 <LI><a href="#[36]">CAN0_DMU_IRQHandler</a> from et6x_interrupt.o(.text.CAN0_DMU_IRQHandler) referenced from startup_et6039.o(RESET)
 <LI><a href="#[34]">CAN0_INT0_IRQHandler</a> from et6x_interrupt.o(.text.CAN0_INT0_IRQHandler) referenced from startup_et6039.o(RESET)
 <LI><a href="#[35]">CAN0_INT1_IRQHandler</a> from et6x_interrupt.o(.text.CAN0_INT1_IRQHandler) referenced from startup_et6039.o(RESET)
 <LI><a href="#[39]">CAN1_DMU_IRQHandler</a> from et6x_interrupt.o(.text.CAN1_DMU_IRQHandler) referenced from startup_et6039.o(RESET)
 <LI><a href="#[37]">CAN1_INT0_IRQHandler</a> from et6x_interrupt.o(.text.CAN1_INT0_IRQHandler) referenced from startup_et6039.o(RESET)
 <LI><a href="#[38]">CAN1_INT1_IRQHandler</a> from et6x_interrupt.o(.text.CAN1_INT1_IRQHandler) referenced from startup_et6039.o(RESET)
 <LI><a href="#[64]">CMPC_INTR0_IRQHandler</a> from et6x_interrupt.o(.text.CMPC_INTR0_IRQHandler) referenced from startup_et6039.o(RESET)
 <LI><a href="#[65]">CMPC_INTR1_IRQHandler</a> from et6x_interrupt.o(.text.CMPC_INTR1_IRQHandler) referenced from startup_et6039.o(RESET)
 <LI><a href="#[66]">CMPC_INTR2_IRQHandler</a> from et6x_interrupt.o(.text.CMPC_INTR2_IRQHandler) referenced from startup_et6039.o(RESET)
 <LI><a href="#[67]">CMPC_INTR3_IRQHandler</a> from et6x_interrupt.o(.text.CMPC_INTR3_IRQHandler) referenced from startup_et6039.o(RESET)
 <LI><a href="#[7a]">CORDIC_IRQHandler</a> from et6x_interrupt.o(.text.CORDIC_IRQHandler) referenced from startup_et6039.o(RESET)
 <LI><a href="#[5e]">CORE2PERI_TIMEOUT_IRQHandler</a> from et6x_interrupt.o(.text.CORE2PERI_TIMEOUT_IRQHandler) referenced from startup_et6039.o(RESET)
 <LI><a href="#[79]">CRC_IRQHandler</a> from et6x_interrupt.o(.text.CRC_IRQHandler) referenced from startup_et6039.o(RESET)
 <LI><a href="#[68]">DACC_INTR0_IRQHandler</a> from et6x_interrupt.o(.text.DACC_INTR0_IRQHandler) referenced from startup_et6039.o(RESET)
 <LI><a href="#[69]">DACC_INTR1_IRQHandler</a> from et6x_interrupt.o(.text.DACC_INTR1_IRQHandler) referenced from startup_et6039.o(RESET)
 <LI><a href="#[13]">DAC_Exec</a> from dac_ui.o(.text.DAC_Exec) referenced 2 times from mc_config.o(.data.UI_Params)
 <LI><a href="#[f]">DAC_GetChannelConfig</a> from dac_common_ui.o(.text.DAC_GetChannelConfig) referenced 2 times from mc_config.o(.data.UI_Params)
 <LI><a href="#[11]">DAC_GetUserChannelValue</a> from dac_common_ui.o(.text.DAC_GetUserChannelValue) referenced 2 times from mc_config.o(.data.UI_Params)
 <LI><a href="#[12]">DAC_Init</a> from dac_ui.o(.text.DAC_Init) referenced 2 times from mc_config.o(.data.UI_Params)
 <LI><a href="#[e]">DAC_SetChannelConfig</a> from dac_common_ui.o(.text.DAC_SetChannelConfig) referenced 2 times from mc_config.o(.data.UI_Params)
 <LI><a href="#[10]">DAC_SetUserChannelValue</a> from dac_common_ui.o(.text.DAC_SetUserChannelValue) referenced 2 times from mc_config.o(.data.UI_Params)
 <LI><a href="#[1b]">DebugMon_Handler</a> from startup_et6039.o(.text) referenced from startup_et6039.o(RESET)
 <LI><a href="#[56]">EFC0_FLASH_IRQHandler</a> from et6x_interrupt.o(.text.EFC0_FLASH_IRQHandler) referenced from startup_et6039.o(RESET)
 <LI><a href="#[57]">EFC1_FLASH_IRQHandler</a> from et6x_interrupt.o(.text.EFC1_FLASH_IRQHandler) referenced from startup_et6039.o(RESET)
 <LI><a href="#[58]">EFC2_FLASH_IRQHandler</a> from et6x_interrupt.o(.text.EFC2_FLASH_IRQHandler) referenced from startup_et6039.o(RESET)
 <LI><a href="#[8d]">EPWM_EPWMCOM_INTR0_IRQHandler</a> from et6x_interrupt.o(.text.EPWM_EPWMCOM_INTR0_IRQHandler) referenced from startup_et6039.o(RESET)
 <LI><a href="#[97]">EPWM_EPWMCOM_INTR10_IRQHandler</a> from et6x_interrupt.o(.text.EPWM_EPWMCOM_INTR10_IRQHandler) referenced from startup_et6039.o(RESET)
 <LI><a href="#[98]">EPWM_EPWMCOM_INTR11_IRQHandler</a> from et6x_interrupt.o(.text.EPWM_EPWMCOM_INTR11_IRQHandler) referenced from startup_et6039.o(RESET)
 <LI><a href="#[8e]">EPWM_EPWMCOM_INTR1_IRQHandler</a> from et6x_interrupt.o(.text.EPWM_EPWMCOM_INTR1_IRQHandler) referenced from startup_et6039.o(RESET)
 <LI><a href="#[8f]">EPWM_EPWMCOM_INTR2_IRQHandler</a> from et6x_interrupt.o(.text.EPWM_EPWMCOM_INTR2_IRQHandler) referenced from startup_et6039.o(RESET)
 <LI><a href="#[90]">EPWM_EPWMCOM_INTR3_IRQHandler</a> from et6x_interrupt.o(.text.EPWM_EPWMCOM_INTR3_IRQHandler) referenced from startup_et6039.o(RESET)
 <LI><a href="#[91]">EPWM_EPWMCOM_INTR4_IRQHandler</a> from et6x_interrupt.o(.text.EPWM_EPWMCOM_INTR4_IRQHandler) referenced from startup_et6039.o(RESET)
 <LI><a href="#[92]">EPWM_EPWMCOM_INTR5_IRQHandler</a> from et6x_interrupt.o(.text.EPWM_EPWMCOM_INTR5_IRQHandler) referenced from startup_et6039.o(RESET)
 <LI><a href="#[93]">EPWM_EPWMCOM_INTR6_IRQHandler</a> from et6x_interrupt.o(.text.EPWM_EPWMCOM_INTR6_IRQHandler) referenced from startup_et6039.o(RESET)
 <LI><a href="#[94]">EPWM_EPWMCOM_INTR7_IRQHandler</a> from et6x_interrupt.o(.text.EPWM_EPWMCOM_INTR7_IRQHandler) referenced from startup_et6039.o(RESET)
 <LI><a href="#[95]">EPWM_EPWMCOM_INTR8_IRQHandler</a> from et6x_interrupt.o(.text.EPWM_EPWMCOM_INTR8_IRQHandler) referenced from startup_et6039.o(RESET)
 <LI><a href="#[96]">EPWM_EPWMCOM_INTR9_IRQHandler</a> from et6x_interrupt.o(.text.EPWM_EPWMCOM_INTR9_IRQHandler) referenced from startup_et6039.o(RESET)
 <LI><a href="#[6d]">EQEP_INTR0_IRQHandler</a> from et6x_interrupt.o(.text.EQEP_INTR0_IRQHandler) referenced from startup_et6039.o(RESET)
 <LI><a href="#[6e]">EQEP_INTR1_IRQHandler</a> from et6x_interrupt.o(.text.EQEP_INTR1_IRQHandler) referenced from startup_et6039.o(RESET)
 <LI><a href="#[7f]">ETIM_INTR0_IRQHandler</a> from et6x_interrupt.o(.text.ETIM_INTR0_IRQHandler) referenced from startup_et6039.o(RESET)
 <LI><a href="#[89]">ETIM_INTR10_IRQHandler</a> from et6x_interrupt.o(.text.ETIM_INTR10_IRQHandler) referenced from startup_et6039.o(RESET)
 <LI><a href="#[8a]">ETIM_INTR11_IRQHandler</a> from et6x_interrupt.o(.text.ETIM_INTR11_IRQHandler) referenced from startup_et6039.o(RESET)
 <LI><a href="#[8b]">ETIM_INTR12_IRQHandler</a> from et6x_interrupt.o(.text.ETIM_INTR12_IRQHandler) referenced from startup_et6039.o(RESET)
 <LI><a href="#[8c]">ETIM_INTR13_IRQHandler</a> from et6x_interrupt.o(.text.ETIM_INTR13_IRQHandler) referenced from startup_et6039.o(RESET)
 <LI><a href="#[80]">ETIM_INTR1_IRQHandler</a> from et6x_interrupt.o(.text.ETIM_INTR1_IRQHandler) referenced from startup_et6039.o(RESET)
 <LI><a href="#[81]">ETIM_INTR2_IRQHandler</a> from et6x_interrupt.o(.text.ETIM_INTR2_IRQHandler) referenced from startup_et6039.o(RESET)
 <LI><a href="#[82]">ETIM_INTR3_IRQHandler</a> from et6x_interrupt.o(.text.ETIM_INTR3_IRQHandler) referenced from startup_et6039.o(RESET)
 <LI><a href="#[83]">ETIM_INTR4_IRQHandler</a> from et6x_interrupt.o(.text.ETIM_INTR4_IRQHandler) referenced from startup_et6039.o(RESET)
 <LI><a href="#[84]">ETIM_INTR5_IRQHandler</a> from et6x_interrupt.o(.text.ETIM_INTR5_IRQHandler) referenced from startup_et6039.o(RESET)
 <LI><a href="#[85]">ETIM_INTR6_IRQHandler</a> from et6x_interrupt.o(.text.ETIM_INTR6_IRQHandler) referenced from startup_et6039.o(RESET)
 <LI><a href="#[86]">ETIM_INTR7_IRQHandler</a> from et6x_interrupt.o(.text.ETIM_INTR7_IRQHandler) referenced from startup_et6039.o(RESET)
 <LI><a href="#[87]">ETIM_INTR8_IRQHandler</a> from et6x_interrupt.o(.text.ETIM_INTR8_IRQHandler) referenced from startup_et6039.o(RESET)
 <LI><a href="#[88]">ETIM_INTR9_IRQHandler</a> from et6x_interrupt.o(.text.ETIM_INTR9_IRQHandler) referenced from startup_et6039.o(RESET)
 <LI><a href="#[7b]">FMAC_IRQHandler</a> from et6x_interrupt.o(.text.FMAC_IRQHandler) referenced from startup_et6039.o(RESET)
 <LI><a href="#[3b]">GPIOA_COMBINT_IRQHandler</a> from et6x_interrupt.o(.text.GPIOA_COMBINT_IRQHandler) referenced from startup_et6039.o(RESET)
 <LI><a href="#[3c]">GPIOB_COMBINT_IRQHandler</a> from et6x_interrupt.o(.text.GPIOB_COMBINT_IRQHandler) referenced from startup_et6039.o(RESET)
 <LI><a href="#[3d]">GPIOC_COMBINT_IRQHandler</a> from et6x_interrupt.o(.text.GPIOC_COMBINT_IRQHandler) referenced from startup_et6039.o(RESET)
 <LI><a href="#[3e]">GPIOD_COMBINT_IRQHandler</a> from et6x_interrupt.o(.text.GPIOD_COMBINT_IRQHandler) referenced from startup_et6039.o(RESET)
 <LI><a href="#[3f]">GPIOE_COMBINT_IRQHandler</a> from et6x_interrupt.o(.text.GPIOE_COMBINT_IRQHandler) referenced from startup_et6039.o(RESET)
 <LI><a href="#[46]">GPIOE_GPIOINT0_IRQHandler</a> from et6x_interrupt.o(.text.GPIOE_GPIOINT0_IRQHandler) referenced from startup_et6039.o(RESET)
 <LI><a href="#[50]">GPIOE_GPIOINT10_IRQHandler</a> from et6x_interrupt.o(.text.GPIOE_GPIOINT10_IRQHandler) referenced from startup_et6039.o(RESET)
 <LI><a href="#[51]">GPIOE_GPIOINT11_IRQHandler</a> from et6x_interrupt.o(.text.GPIOE_GPIOINT11_IRQHandler) referenced from startup_et6039.o(RESET)
 <LI><a href="#[52]">GPIOE_GPIOINT12_IRQHandler</a> from et6x_interrupt.o(.text.GPIOE_GPIOINT12_IRQHandler) referenced from startup_et6039.o(RESET)
 <LI><a href="#[53]">GPIOE_GPIOINT13_IRQHandler</a> from et6x_interrupt.o(.text.GPIOE_GPIOINT13_IRQHandler) referenced from startup_et6039.o(RESET)
 <LI><a href="#[54]">GPIOE_GPIOINT14_IRQHandler</a> from et6x_interrupt.o(.text.GPIOE_GPIOINT14_IRQHandler) referenced from startup_et6039.o(RESET)
 <LI><a href="#[55]">GPIOE_GPIOINT15_IRQHandler</a> from et6x_interrupt.o(.text.GPIOE_GPIOINT15_IRQHandler) referenced from startup_et6039.o(RESET)
 <LI><a href="#[47]">GPIOE_GPIOINT1_IRQHandler</a> from et6x_interrupt.o(.text.GPIOE_GPIOINT1_IRQHandler) referenced from startup_et6039.o(RESET)
 <LI><a href="#[48]">GPIOE_GPIOINT2_IRQHandler</a> from et6x_interrupt.o(.text.GPIOE_GPIOINT2_IRQHandler) referenced from startup_et6039.o(RESET)
 <LI><a href="#[49]">GPIOE_GPIOINT3_IRQHandler</a> from et6x_interrupt.o(.text.GPIOE_GPIOINT3_IRQHandler) referenced from startup_et6039.o(RESET)
 <LI><a href="#[4a]">GPIOE_GPIOINT4_IRQHandler</a> from et6x_interrupt.o(.text.GPIOE_GPIOINT4_IRQHandler) referenced from startup_et6039.o(RESET)
 <LI><a href="#[4b]">GPIOE_GPIOINT5_IRQHandler</a> from et6x_interrupt.o(.text.GPIOE_GPIOINT5_IRQHandler) referenced from startup_et6039.o(RESET)
 <LI><a href="#[4c]">GPIOE_GPIOINT6_IRQHandler</a> from et6x_interrupt.o(.text.GPIOE_GPIOINT6_IRQHandler) referenced from startup_et6039.o(RESET)
 <LI><a href="#[4d]">GPIOE_GPIOINT7_IRQHandler</a> from et6x_interrupt.o(.text.GPIOE_GPIOINT7_IRQHandler) referenced from startup_et6039.o(RESET)
 <LI><a href="#[4e]">GPIOE_GPIOINT8_IRQHandler</a> from et6x_interrupt.o(.text.GPIOE_GPIOINT8_IRQHandler) referenced from startup_et6039.o(RESET)
 <LI><a href="#[4f]">GPIOE_GPIOINT9_IRQHandler</a> from et6x_interrupt.o(.text.GPIOE_GPIOINT9_IRQHandler) referenced from startup_et6039.o(RESET)
 <LI><a href="#[40]">GPIOF_COMBINT_IRQHandler</a> from et6x_interrupt.o(.text.GPIOF_COMBINT_IRQHandler) referenced from startup_et6039.o(RESET)
 <LI><a href="#[43]">HBUS1_TIMEOUT_IRQHandler</a> from startup_et6039.o(.text) referenced from startup_et6039.o(RESET)
 <LI><a href="#[44]">HBUS2_TIMEOUT_IRQHandler</a> from startup_et6039.o(.text) referenced from startup_et6039.o(RESET)
 <LI><a href="#[45]">HBUS3_TIMEOUT_IRQHandler</a> from startup_et6039.o(.text) referenced from startup_et6039.o(RESET)
 <LI><a href="#[16]">HardFault_Handler</a> from mc_it.o(.text.HardFault_Handler) referenced from startup_et6039.o(RESET)
 <LI><a href="#[2e]">I2C0_IC_IRQHandler</a> from et6x_interrupt.o(.text.I2C0_IC_IRQHandler) referenced from startup_et6039.o(RESET)
 <LI><a href="#[2f]">I2C1_IC_IRQHandler</a> from et6x_interrupt.o(.text.I2C1_IC_IRQHandler) referenced from startup_et6039.o(RESET)
 <LI><a href="#[ae]">Interrupt_defaultHandler</a> from et6x_interrupt.o(.text.Interrupt_defaultHandler) referenced 2 times from main.o(.text.main)
 <LI><a href="#[a2]">MCP_OnTimeOut</a> from motor_control_protocol.o(.text.MCP_OnTimeOut) referenced 2 times from motor_control_protocol.o(.text.MCP_Init)
 <LI><a href="#[a4]">MCP_ReceivedFrame</a> from motor_control_protocol.o(.text.MCP_ReceivedFrame) referenced 2 times from motor_control_protocol.o(.text.MCP_Init)
 <LI><a href="#[a3]">MCP_SentFrame</a> from motor_control_protocol.o(.text.MCP_SentFrame) referenced 2 times from motor_control_protocol.o(.text.MCP_Init)
 <LI><a href="#[63]">MISC_M7_IRQHandler</a> from et6x_interrupt.o(.text.MISC_M7_IRQHandler) referenced from startup_et6039.o(RESET)
 <LI><a href="#[3a]">MTTCAN_ECC_IRQHandler</a> from et6x_interrupt.o(.text.MTTCAN_ECC_IRQHandler) referenced from startup_et6039.o(RESET)
 <LI><a href="#[17]">MemManage_Handler</a> from startup_et6039.o(.text) referenced from startup_et6039.o(RESET)
 <LI><a href="#[15]">NMI_Handler</a> from startup_et6039.o(.text) referenced from startup_et6039.o(RESET)
 <LI><a href="#[60]">NONE_IRQHandler1</a> from startup_et6039.o(.text) referenced from startup_et6039.o(RESET)
 <LI><a href="#[61]">NONE_IRQHandler2</a> from startup_et6039.o(.text) referenced from startup_et6039.o(RESET)
 <LI><a href="#[62]">NONE_IRQHandler3</a> from startup_et6039.o(.text) referenced from startup_et6039.o(RESET)
 <LI><a href="#[1c]">OS_CPU_PendSVHandler</a> from startup_et6039.o(.text) referenced from startup_et6039.o(RESET)
 <LI><a href="#[41]">PBUS1_TIMEOUT_IRQHandler</a> from startup_et6039.o(.text) referenced from startup_et6039.o(RESET)
 <LI><a href="#[59]">PBUS2_TIMEOUT_IRQHandler</a> from et6x_interrupt.o(.text.PBUS2_TIMEOUT_IRQHandler) referenced from startup_et6039.o(RESET)
 <LI><a href="#[42]">PBUS3_TIMEOUT_IRQHandler</a> from startup_et6039.o(.text) referenced from startup_et6039.o(RESET)
 <LI><a href="#[5f]">PERI2CORE_TIMEOUT_IRQHandler</a> from et6x_interrupt.o(.text.PERI2CORE_TIMEOUT_IRQHandler) referenced from startup_et6039.o(RESET)
 <LI><a href="#[b0]">PWM_U_IRQHandler</a> from mc_it.o(.text.PWM_U_IRQHandler) referenced 2 times from init_config.o(.text.user_srpwm_init)
 <LI><a href="#[3]">R3_2_CurrentReadingCalibration</a> from r3_2_f4xx_pwm_curr_fdbk.o(.text.R3_2_CurrentReadingCalibration) referenced 2 times from mc_config.o(.data.PWM_Handle_M1)
 <LI><a href="#[0]">R3_2_GetPhaseCurrents</a> from r3_2_f4xx_pwm_curr_fdbk.o(.text.R3_2_GetPhaseCurrents) referenced 2 times from mc_config.o(.data.PWM_Handle_M1)
 <LI><a href="#[0]">R3_2_GetPhaseCurrents</a> from r3_2_f4xx_pwm_curr_fdbk.o(.text.R3_2_GetPhaseCurrents) referenced 2 times from r3_2_f4xx_pwm_curr_fdbk.o(.text.R3_2_CurrentReadingCalibration)
 <LI><a href="#[0]">R3_2_GetPhaseCurrents</a> from r3_2_f4xx_pwm_curr_fdbk.o(.text.R3_2_GetPhaseCurrents) referenced 2 times from r3_2_f4xx_pwm_curr_fdbk.o(.text.R3_2_RLDetectionModeDisable)
 <LI><a href="#[a5]">R3_2_HFCurrentsCalibrationAB</a> from r3_2_f4xx_pwm_curr_fdbk.o(.text.R3_2_HFCurrentsCalibrationAB) referenced 2 times from r3_2_f4xx_pwm_curr_fdbk.o(.text.R3_2_CurrentReadingCalibration)
 <LI><a href="#[a7]">R3_2_HFCurrentsCalibrationC</a> from r3_2_f4xx_pwm_curr_fdbk.o(.text.R3_2_HFCurrentsCalibrationC) referenced 2 times from r3_2_f4xx_pwm_curr_fdbk.o(.text.R3_2_CurrentReadingCalibration)
 <LI><a href="#[6]">R3_2_IsOverCurrentOccurred</a> from r3_2_f4xx_pwm_curr_fdbk.o(.text.R3_2_IsOverCurrentOccurred) referenced 2 times from mc_config.o(.data.PWM_Handle_M1)
 <LI><a href="#[8]">R3_2_RLDetectionModeDisable</a> from r3_2_f4xx_pwm_curr_fdbk.o(.text.R3_2_RLDetectionModeDisable) referenced 2 times from mc_config.o(.data.PWM_Handle_M1)
 <LI><a href="#[7]">R3_2_RLDetectionModeEnable</a> from r3_2_f4xx_pwm_curr_fdbk.o(.text.R3_2_RLDetectionModeEnable) referenced 2 times from mc_config.o(.data.PWM_Handle_M1)
 <LI><a href="#[9]">R3_2_RLDetectionModeSetDuty</a> from r3_2_f4xx_pwm_curr_fdbk.o(.text.R3_2_RLDetectionModeSetDuty) referenced 2 times from mc_config.o(.data.PWM_Handle_M1)
 <LI><a href="#[a9]">R3_2_RLGetPhaseCurrents</a> from r3_2_f4xx_pwm_curr_fdbk.o(.text.R3_2_RLGetPhaseCurrents) referenced 2 times from r3_2_f4xx_pwm_curr_fdbk.o(.text.R3_2_RLDetectionModeEnable)
 <LI><a href="#[aa]">R3_2_RLSwitchOnPWM</a> from r3_2_f4xx_pwm_curr_fdbk.o(.text.R3_2_RLSwitchOnPWM) referenced 2 times from r3_2_f4xx_pwm_curr_fdbk.o(.text.R3_2_RLDetectionModeEnable)
 <LI><a href="#[a8]">R3_2_RLTurnOnLowSides</a> from r3_2_f4xx_pwm_curr_fdbk.o(.text.R3_2_RLTurnOnLowSides) referenced 2 times from r3_2_f4xx_pwm_curr_fdbk.o(.text.R3_2_RLDetectionModeEnable)
 <LI><a href="#[a6]">R3_2_SetADCSampPointCalibration</a> from r3_2_f4xx_pwm_curr_fdbk.o(.text.R3_2_SetADCSampPointCalibration) referenced 2 times from r3_2_f4xx_pwm_curr_fdbk.o(.text.R3_2_CurrentReadingCalibration)
 <LI><a href="#[5]">R3_2_SetADCSampPointSectX</a> from r3_2_f4xx_pwm_curr_fdbk.o(.text.R3_2_SetADCSampPointSectX) referenced 2 times from mc_config.o(.data.PWM_Handle_M1)
 <LI><a href="#[5]">R3_2_SetADCSampPointSectX</a> from r3_2_f4xx_pwm_curr_fdbk.o(.text.R3_2_SetADCSampPointSectX) referenced 2 times from r3_2_f4xx_pwm_curr_fdbk.o(.text.R3_2_CurrentReadingCalibration)
 <LI><a href="#[1]">R3_2_SwitchOffPWM</a> from r3_2_f4xx_pwm_curr_fdbk.o(.text.R3_2_SwitchOffPWM) referenced 2 times from mc_config.o(.data.PWM_Handle_M1)
 <LI><a href="#[1]">R3_2_SwitchOffPWM</a> from r3_2_f4xx_pwm_curr_fdbk.o(.text.R3_2_SwitchOffPWM) referenced 2 times from r3_2_f4xx_pwm_curr_fdbk.o(.text.R3_2_RLDetectionModeDisable)
 <LI><a href="#[1]">R3_2_SwitchOffPWM</a> from r3_2_f4xx_pwm_curr_fdbk.o(.text.R3_2_SwitchOffPWM) referenced 2 times from r3_2_f4xx_pwm_curr_fdbk.o(.text.R3_2_RLDetectionModeEnable)
 <LI><a href="#[2]">R3_2_SwitchOnPWM</a> from r3_2_f4xx_pwm_curr_fdbk.o(.text.R3_2_SwitchOnPWM) referenced 2 times from mc_config.o(.data.PWM_Handle_M1)
 <LI><a href="#[2]">R3_2_SwitchOnPWM</a> from r3_2_f4xx_pwm_curr_fdbk.o(.text.R3_2_SwitchOnPWM) referenced 2 times from r3_2_f4xx_pwm_curr_fdbk.o(.text.R3_2_RLDetectionModeDisable)
 <LI><a href="#[4]">R3_2_TurnOnLowSides</a> from r3_2_f4xx_pwm_curr_fdbk.o(.text.R3_2_TurnOnLowSides) referenced 2 times from mc_config.o(.data.PWM_Handle_M1)
 <LI><a href="#[4]">R3_2_TurnOnLowSides</a> from r3_2_f4xx_pwm_curr_fdbk.o(.text.R3_2_TurnOnLowSides) referenced 2 times from r3_2_f4xx_pwm_curr_fdbk.o(.text.R3_2_RLDetectionModeDisable)
 <LI><a href="#[14]">Reset_Handler</a> from startup_et6039.o(.text) referenced from startup_et6039.o(RESET)
 <LI><a href="#[6a]">SARC_INTR0_IRQHandler</a> from et6x_interrupt.o(.text.SARC_INTR0_IRQHandler) referenced from startup_et6039.o(RESET)
 <LI><a href="#[6b]">SARC_INTR1_IRQHandler</a> from et6x_interrupt.o(.text.SARC_INTR1_IRQHandler) referenced from startup_et6039.o(RESET)
 <LI><a href="#[6c]">SARC_INTR2_IRQHandler</a> from et6x_interrupt.o(.text.SARC_INTR2_IRQHandler) referenced from startup_et6039.o(RESET)
 <LI><a href="#[70]">SDFM_DR_INTR0_IRQHandler</a> from et6x_interrupt.o(.text.SDFM_DR_INTR0_IRQHandler) referenced from startup_et6039.o(RESET)
 <LI><a href="#[71]">SDFM_DR_INTR1_IRQHandler</a> from et6x_interrupt.o(.text.SDFM_DR_INTR1_IRQHandler) referenced from startup_et6039.o(RESET)
 <LI><a href="#[72]">SDFM_DR_INTR2_IRQHandler</a> from et6x_interrupt.o(.text.SDFM_DR_INTR2_IRQHandler) referenced from startup_et6039.o(RESET)
 <LI><a href="#[73]">SDFM_DR_INTR3_IRQHandler</a> from et6x_interrupt.o(.text.SDFM_DR_INTR3_IRQHandler) referenced from startup_et6039.o(RESET)
 <LI><a href="#[75]">SDFM_DR_INTR4_IRQHandler</a> from et6x_interrupt.o(.text.SDFM_DR_INTR4_IRQHandler) referenced from startup_et6039.o(RESET)
 <LI><a href="#[76]">SDFM_DR_INTR5_IRQHandler</a> from et6x_interrupt.o(.text.SDFM_DR_INTR5_IRQHandler) referenced from startup_et6039.o(RESET)
 <LI><a href="#[77]">SDFM_DR_INTR6_IRQHandler</a> from et6x_interrupt.o(.text.SDFM_DR_INTR6_IRQHandler) referenced from startup_et6039.o(RESET)
 <LI><a href="#[78]">SDFM_DR_INTR7_IRQHandler</a> from et6x_interrupt.o(.text.SDFM_DR_INTR7_IRQHandler) referenced from startup_et6039.o(RESET)
 <LI><a href="#[6f]">SDFM_ERR_INTR0_IRQHandler</a> from et6x_interrupt.o(.text.SDFM_ERR_INTR0_IRQHandler) referenced from startup_et6039.o(RESET)
 <LI><a href="#[74]">SDFM_ERR_INTR1_IRQHandler</a> from et6x_interrupt.o(.text.SDFM_ERR_INTR1_IRQHandler) referenced from startup_et6039.o(RESET)
 <LI><a href="#[30]">SPIM0_SSI_IRQHandler</a> from et6x_interrupt.o(.text.SPIM0_SSI_IRQHandler) referenced from startup_et6039.o(RESET)
 <LI><a href="#[31]">SPIM1_SSI_IRQHandler</a> from et6x_interrupt.o(.text.SPIM1_SSI_IRQHandler) referenced from startup_et6039.o(RESET)
 <LI><a href="#[32]">SPIM2_SSI_IRQHandler</a> from et6x_interrupt.o(.text.SPIM2_SSI_IRQHandler) referenced from startup_et6039.o(RESET)
 <LI><a href="#[33]">SPIS0_SSI_IRQHandler</a> from et6x_interrupt.o(.text.SPIS0_SSI_IRQHandler) referenced from startup_et6039.o(RESET)
 <LI><a href="#[5b]">SRAM0_ECC_MERR_IRQHandler</a> from et6x_interrupt.o(.text.SRAM0_ECC_MERR_IRQHandler) referenced from startup_et6039.o(RESET)
 <LI><a href="#[5a]">SRAM0_ECC_SERR_IRQHandler</a> from et6x_interrupt.o(.text.SRAM0_ECC_SERR_IRQHandler) referenced from startup_et6039.o(RESET)
 <LI><a href="#[5d]">SRAM1_ECC_MERR_IRQHandler</a> from et6x_interrupt.o(.text.SRAM1_ECC_MERR_IRQHandler) referenced from startup_et6039.o(RESET)
 <LI><a href="#[5c]">SRAM1_ECC_SERR_IRQHandler</a> from et6x_interrupt.o(.text.SRAM1_ECC_SERR_IRQHandler) referenced from startup_et6039.o(RESET)
 <LI><a href="#[7c]">STM_INTR0_IRQHandler</a> from et6x_interrupt.o(.text.STM_INTR0_IRQHandler) referenced from startup_et6039.o(RESET)
 <LI><a href="#[7d]">STM_INTR1_IRQHandler</a> from et6x_interrupt.o(.text.STM_INTR1_IRQHandler) referenced from startup_et6039.o(RESET)
 <LI><a href="#[c]">STO_OTF_ResetPLL</a> from sto_pll_speed_pos_fdbk.o(.text.STO_OTF_ResetPLL) referenced 2 times from mc_config.o(.data.STO_M1)
 <LI><a href="#[a]">STO_PLL_ForceConvergency1</a> from sto_pll_speed_pos_fdbk.o(.text.STO_PLL_ForceConvergency1) referenced 2 times from mc_config.o(.data.STO_M1)
 <LI><a href="#[b]">STO_PLL_ForceConvergency2</a> from sto_pll_speed_pos_fdbk.o(.text.STO_PLL_ForceConvergency2) referenced 2 times from mc_config.o(.data.STO_M1)
 <LI><a href="#[d]">STO_PLL_IsVarianceTight</a> from sto_pll_speed_pos_fdbk.o(.text.STO_PLL_IsVarianceTight) referenced 2 times from mc_config.o(.data.STO_M1)
 <LI><a href="#[1a]">SVC_Handler</a> from startup_et6039.o(.text) referenced from startup_et6039.o(RESET)
 <LI><a href="#[99]">SYSC_IRQHandler</a> from et6x_interrupt.o(.text.SYSC_IRQHandler) referenced from startup_et6039.o(RESET)
 <LI><a href="#[1d]">SysTick_Handler</a> from mc_it.o(.text.SysTick_Handler) referenced from startup_et6039.o(RESET)
 <LI><a href="#[a0]">SystemInit</a> from system_et6x.o(.text.SystemInit) referenced from startup_et6039.o(.text)
 <LI><a href="#[2c]">UART0_IRQHandler</a> from et6x_interrupt.o(.text.UART0_IRQHandler) referenced from startup_et6039.o(RESET)
 <LI><a href="#[2d]">UART1_IRQHandler</a> from et6x_interrupt.o(.text.UART1_IRQHandler) referenced from startup_et6039.o(RESET)
 <LI><a href="#[ab]">UFCP_AbortReceive</a> from usart_frame_communication_protocol.o(.text.UFCP_AbortReceive) referenced 2 times from ui_task.o(.text.UI_TaskInit)
 <LI><a href="#[ac]">UFCP_Receive</a> from usart_frame_communication_protocol.o(.text.UFCP_Receive) referenced 2 times from ui_task.o(.text.UI_TaskInit)
 <LI><a href="#[ad]">UFCP_Send</a> from usart_frame_communication_protocol.o(.text.UFCP_Send) referenced 2 times from ui_task.o(.text.UI_TaskInit)
 <LI><a href="#[b1]">USER_UART_IRQHandler</a> from mc_it.o(.text.USER_UART_IRQHandler) referenced 2 times from init_config.o(.text.user_uart_init)
 <LI><a href="#[19]">UsageFault_Handler</a> from startup_et6039.o(.text) referenced from startup_et6039.o(RESET)
 <LI><a href="#[2a]">WDG0_IRQHandler</a> from et6x_interrupt.o(.text.WDG0_IRQHandler) referenced from startup_et6039.o(RESET)
 <LI><a href="#[2b]">WDG1_IRQHandler</a> from et6x_interrupt.o(.text.WDG1_IRQHandler) referenced from startup_et6039.o(RESET)
 <LI><a href="#[9a]">XBAR_INTR0_IRQHandler</a> from et6x_interrupt.o(.text.XBAR_INTR0_IRQHandler) referenced from startup_et6039.o(RESET)
 <LI><a href="#[9b]">XBAR_INTR1_IRQHandler</a> from et6x_interrupt.o(.text.XBAR_INTR1_IRQHandler) referenced from startup_et6039.o(RESET)
 <LI><a href="#[9c]">XBAR_INTR2_IRQHandler</a> from et6x_interrupt.o(.text.XBAR_INTR2_IRQHandler) referenced from startup_et6039.o(RESET)
 <LI><a href="#[9d]">XBAR_INTR3_IRQHandler</a> from et6x_interrupt.o(.text.XBAR_INTR3_IRQHandler) referenced from startup_et6039.o(RESET)
 <LI><a href="#[9e]">XBAR_INTR4_IRQHandler</a> from et6x_interrupt.o(.text.XBAR_INTR4_IRQHandler) referenced from startup_et6039.o(RESET)
 <LI><a href="#[a1]">__main</a> from entry.o(.ARM.Collect$$$$00000000) referenced from startup_et6039.o(.text)
 <LI><a href="#[b2]">fputc</a> from init_config.o(.text.fputc) referenced from printf4.o(i.__0printf$4)
 <LI><a href="#[9f]">main</a> from main.o(.text.main) referenced from entry9a.o(.ARM.Collect$$$$0000000B)
</UL>
<P>
<H3>
Global Symbols
</H3>
<P><STRONG><a name="[a1]"></a>__main</STRONG> (Thumb, 0 bytes, Stack size unknown bytes, entry.o(.ARM.Collect$$$$00000000))
<BR>[Address Reference Count : 1]<UL><LI> startup_et6039.o(.text)
</UL>
<P><STRONG><a name="[1c9]"></a>_main_stk</STRONG> (Thumb, 0 bytes, Stack size unknown bytes, entry2.o(.ARM.Collect$$$$00000001))

<P><STRONG><a name="[b3]"></a>_main_scatterload</STRONG> (Thumb, 0 bytes, Stack size unknown bytes, entry5.o(.ARM.Collect$$$$00000004))
<BR><BR>[Calls]<UL><LI><a href="#[b4]">&gt;&gt;</a>&nbsp;&nbsp;&nbsp;__scatterload
</UL>

<P><STRONG><a name="[bb]"></a>__main_after_scatterload</STRONG> (Thumb, 0 bytes, Stack size unknown bytes, entry5.o(.ARM.Collect$$$$00000004))
<BR><BR>[Called By]<UL><LI><a href="#[b4]">&gt;&gt;</a>&nbsp;&nbsp;&nbsp;__scatterload
</UL>

<P><STRONG><a name="[1ca]"></a>_main_clock</STRONG> (Thumb, 0 bytes, Stack size unknown bytes, entry7b.o(.ARM.Collect$$$$00000008))

<P><STRONG><a name="[1cb]"></a>_main_cpp_init</STRONG> (Thumb, 0 bytes, Stack size unknown bytes, entry8b.o(.ARM.Collect$$$$0000000A))

<P><STRONG><a name="[1cc]"></a>_main_init</STRONG> (Thumb, 0 bytes, Stack size unknown bytes, entry9a.o(.ARM.Collect$$$$0000000B))

<P><STRONG><a name="[1cd]"></a>__rt_final_cpp</STRONG> (Thumb, 0 bytes, Stack size unknown bytes, entry10a.o(.ARM.Collect$$$$0000000D))

<P><STRONG><a name="[1ce]"></a>__rt_final_exit</STRONG> (Thumb, 0 bytes, Stack size unknown bytes, entry11a.o(.ARM.Collect$$$$0000000F))

<P><STRONG><a name="[14]"></a>Reset_Handler</STRONG> (Thumb, 18 bytes, Stack size 0 bytes, startup_et6039.o(.text))
<BR>[Address Reference Count : 1]<UL><LI> startup_et6039.o(RESET)
</UL>
<P><STRONG><a name="[18]"></a>BusFault_Handler</STRONG> (Thumb, 0 bytes, Stack size 0 bytes, startup_et6039.o(.text))
<BR><BR>[Calls]<UL><LI><a href="#[18]">&gt;&gt;</a>&nbsp;&nbsp;&nbsp;BusFault_Handler
</UL>
<BR>[Called By]<UL><LI><a href="#[18]">&gt;&gt;</a>&nbsp;&nbsp;&nbsp;BusFault_Handler
</UL>
<BR>[Address Reference Count : 1]<UL><LI> startup_et6039.o(RESET)
</UL>
<P><STRONG><a name="[1b]"></a>DebugMon_Handler</STRONG> (Thumb, 0 bytes, Stack size 0 bytes, startup_et6039.o(.text))
<BR>[Address Reference Count : 1]<UL><LI> startup_et6039.o(RESET)
</UL>
<P><STRONG><a name="[43]"></a>HBUS1_TIMEOUT_IRQHandler</STRONG> (Thumb, 0 bytes, Stack size 0 bytes, startup_et6039.o(.text))
<BR>[Address Reference Count : 1]<UL><LI> startup_et6039.o(RESET)
</UL>
<P><STRONG><a name="[44]"></a>HBUS2_TIMEOUT_IRQHandler</STRONG> (Thumb, 0 bytes, Stack size 0 bytes, startup_et6039.o(.text))
<BR>[Address Reference Count : 1]<UL><LI> startup_et6039.o(RESET)
</UL>
<P><STRONG><a name="[45]"></a>HBUS3_TIMEOUT_IRQHandler</STRONG> (Thumb, 0 bytes, Stack size 0 bytes, startup_et6039.o(.text))
<BR>[Address Reference Count : 1]<UL><LI> startup_et6039.o(RESET)
</UL>
<P><STRONG><a name="[17]"></a>MemManage_Handler</STRONG> (Thumb, 0 bytes, Stack size 0 bytes, startup_et6039.o(.text))
<BR>[Address Reference Count : 1]<UL><LI> startup_et6039.o(RESET)
</UL>
<P><STRONG><a name="[15]"></a>NMI_Handler</STRONG> (Thumb, 0 bytes, Stack size 0 bytes, startup_et6039.o(.text))
<BR>[Address Reference Count : 1]<UL><LI> startup_et6039.o(RESET)
</UL>
<P><STRONG><a name="[60]"></a>NONE_IRQHandler1</STRONG> (Thumb, 0 bytes, Stack size 0 bytes, startup_et6039.o(.text))
<BR>[Address Reference Count : 1]<UL><LI> startup_et6039.o(RESET)
</UL>
<P><STRONG><a name="[61]"></a>NONE_IRQHandler2</STRONG> (Thumb, 0 bytes, Stack size 0 bytes, startup_et6039.o(.text))
<BR>[Address Reference Count : 1]<UL><LI> startup_et6039.o(RESET)
</UL>
<P><STRONG><a name="[62]"></a>NONE_IRQHandler3</STRONG> (Thumb, 0 bytes, Stack size 0 bytes, startup_et6039.o(.text))
<BR>[Address Reference Count : 1]<UL><LI> startup_et6039.o(RESET)
</UL>
<P><STRONG><a name="[1c]"></a>OS_CPU_PendSVHandler</STRONG> (Thumb, 0 bytes, Stack size 0 bytes, startup_et6039.o(.text))
<BR>[Address Reference Count : 1]<UL><LI> startup_et6039.o(RESET)
</UL>
<P><STRONG><a name="[41]"></a>PBUS1_TIMEOUT_IRQHandler</STRONG> (Thumb, 0 bytes, Stack size 0 bytes, startup_et6039.o(.text))
<BR>[Address Reference Count : 1]<UL><LI> startup_et6039.o(RESET)
</UL>
<P><STRONG><a name="[42]"></a>PBUS3_TIMEOUT_IRQHandler</STRONG> (Thumb, 0 bytes, Stack size 0 bytes, startup_et6039.o(.text))
<BR>[Address Reference Count : 1]<UL><LI> startup_et6039.o(RESET)
</UL>
<P><STRONG><a name="[1cf]"></a>REVERSE_IRQHandler</STRONG> (Thumb, 0 bytes, Stack size 0 bytes, startup_et6039.o(.text), UNUSED)

<P><STRONG><a name="[1a]"></a>SVC_Handler</STRONG> (Thumb, 0 bytes, Stack size 0 bytes, startup_et6039.o(.text))
<BR>[Address Reference Count : 1]<UL><LI> startup_et6039.o(RESET)
</UL>
<P><STRONG><a name="[19]"></a>UsageFault_Handler</STRONG> (Thumb, 0 bytes, Stack size 0 bytes, startup_et6039.o(.text))
<BR>[Address Reference Count : 1]<UL><LI> startup_et6039.o(RESET)
</UL>
<P><STRONG><a name="[b5]"></a>__aeabi_uldivmod</STRONG> (Thumb, 98 bytes, Stack size 40 bytes, uldiv.o(.text))
<BR><BR>[Stack]<UL><LI>Max Depth = 40<LI>Call Chain = __aeabi_uldivmod
</UL>
<BR>[Calls]<UL><LI><a href="#[b6]">&gt;&gt;</a>&nbsp;&nbsp;&nbsp;__aeabi_llsr
<LI><a href="#[b7]">&gt;&gt;</a>&nbsp;&nbsp;&nbsp;__aeabi_llsl
</UL>
<BR>[Called By]<UL><LI><a href="#[d9]">&gt;&gt;</a>&nbsp;&nbsp;&nbsp;DWT_delay_us
<LI><a href="#[1c8]">&gt;&gt;</a>&nbsp;&nbsp;&nbsp;_printf_core
</UL>

<P><STRONG><a name="[b9]"></a>__aeabi_memset</STRONG> (Thumb, 14 bytes, Stack size 0 bytes, memseta.o(.text))
<BR><BR>[Called By]<UL><LI><a href="#[ba]">&gt;&gt;</a>&nbsp;&nbsp;&nbsp;_memset$wrapper
<LI><a href="#[b8]">&gt;&gt;</a>&nbsp;&nbsp;&nbsp;__aeabi_memclr
</UL>

<P><STRONG><a name="[1d0]"></a>__aeabi_memset4</STRONG> (Thumb, 0 bytes, Stack size 0 bytes, memseta.o(.text), UNUSED)

<P><STRONG><a name="[1d1]"></a>__aeabi_memset8</STRONG> (Thumb, 0 bytes, Stack size 0 bytes, memseta.o(.text), UNUSED)

<P><STRONG><a name="[b8]"></a>__aeabi_memclr</STRONG> (Thumb, 4 bytes, Stack size 0 bytes, memseta.o(.text))
<BR><BR>[Calls]<UL><LI><a href="#[b9]">&gt;&gt;</a>&nbsp;&nbsp;&nbsp;__aeabi_memset
</UL>
<BR>[Called By]<UL><LI><a href="#[a4]">&gt;&gt;</a>&nbsp;&nbsp;&nbsp;MCP_ReceivedFrame
<LI><a href="#[160]">&gt;&gt;</a>&nbsp;&nbsp;&nbsp;STO_PLL_Clear
<LI><a href="#[12c]">&gt;&gt;</a>&nbsp;&nbsp;&nbsp;MPM_Clear
</UL>

<P><STRONG><a name="[1d2]"></a>__aeabi_memclr4</STRONG> (Thumb, 0 bytes, Stack size 0 bytes, memseta.o(.text), UNUSED)

<P><STRONG><a name="[1d3]"></a>__aeabi_memclr8</STRONG> (Thumb, 0 bytes, Stack size 0 bytes, memseta.o(.text), UNUSED)

<P><STRONG><a name="[ba]"></a>_memset$wrapper</STRONG> (Thumb, 18 bytes, Stack size 8 bytes, memseta.o(.text), UNUSED)
<BR><BR>[Calls]<UL><LI><a href="#[b9]">&gt;&gt;</a>&nbsp;&nbsp;&nbsp;__aeabi_memset
</UL>

<P><STRONG><a name="[b7]"></a>__aeabi_llsl</STRONG> (Thumb, 30 bytes, Stack size 0 bytes, llshl.o(.text))
<BR><BR>[Called By]<UL><LI><a href="#[b5]">&gt;&gt;</a>&nbsp;&nbsp;&nbsp;__aeabi_uldivmod
</UL>

<P><STRONG><a name="[1d4]"></a>_ll_shift_l</STRONG> (Thumb, 0 bytes, Stack size 0 bytes, llshl.o(.text), UNUSED)

<P><STRONG><a name="[b6]"></a>__aeabi_llsr</STRONG> (Thumb, 32 bytes, Stack size 0 bytes, llushr.o(.text))
<BR><BR>[Called By]<UL><LI><a href="#[b5]">&gt;&gt;</a>&nbsp;&nbsp;&nbsp;__aeabi_uldivmod
</UL>

<P><STRONG><a name="[1d5]"></a>_ll_ushift_r</STRONG> (Thumb, 0 bytes, Stack size 0 bytes, llushr.o(.text), UNUSED)

<P><STRONG><a name="[b4]"></a>__scatterload</STRONG> (Thumb, 38 bytes, Stack size 0 bytes, init.o(.text))
<BR><BR>[Calls]<UL><LI><a href="#[bb]">&gt;&gt;</a>&nbsp;&nbsp;&nbsp;__main_after_scatterload
</UL>
<BR>[Called By]<UL><LI><a href="#[b3]">&gt;&gt;</a>&nbsp;&nbsp;&nbsp;_main_scatterload
</UL>

<P><STRONG><a name="[1d6]"></a>__scatterload_rt2</STRONG> (Thumb, 0 bytes, Stack size 0 bytes, init.o(.text), UNUSED)

<P><STRONG><a name="[1d7]"></a>__decompress</STRONG> (Thumb, 0 bytes, Stack size unknown bytes, __dczerorl2.o(.text), UNUSED)

<P><STRONG><a name="[1d8]"></a>__decompress1</STRONG> (Thumb, 86 bytes, Stack size unknown bytes, __dczerorl2.o(.text), UNUSED)

<P><STRONG><a name="[af]"></a>ADC0_IRQHandler</STRONG> (Thumb, 64 bytes, Stack size 8 bytes, mc_it.o(.text.ADC0_IRQHandler))
<BR><BR>[Stack]<UL><LI>Max Depth = 120<LI>Call Chain = ADC0_IRQHandler &rArr; TSK_HighFrequencyTask &rArr; STO_PLL_CalcElAngle &rArr; PI_Controller
</UL>
<BR>[Calls]<UL><LI><a href="#[bc]">&gt;&gt;</a>&nbsp;&nbsp;&nbsp;ADC_getInterruptStatus
<LI><a href="#[bd]">&gt;&gt;</a>&nbsp;&nbsp;&nbsp;SRPWM_clearADCTriggerSource
<LI><a href="#[c0]">&gt;&gt;</a>&nbsp;&nbsp;&nbsp;UI_DACUpdate
<LI><a href="#[be]">&gt;&gt;</a>&nbsp;&nbsp;&nbsp;ADC_clearInterruptStatus
<LI><a href="#[bf]">&gt;&gt;</a>&nbsp;&nbsp;&nbsp;TSK_HighFrequencyTask
</UL>
<BR>[Address Reference Count : 1]<UL><LI> init_config.o(.text.user_adc_init)
</UL>
<P><STRONG><a name="[c1]"></a>ADC_clearFilterStatus</STRONG> (Thumb, 106 bytes, Stack size 16 bytes, et6x_adc.o(.text.ADC_clearFilterStatus))
<BR><BR>[Stack]<UL><LI>Max Depth = 40<LI>Call Chain = ADC_clearFilterStatus &rArr; assert_failed &rArr; __2printf
</UL>
<BR>[Calls]<UL><LI><a href="#[c2]">&gt;&gt;</a>&nbsp;&nbsp;&nbsp;assert_failed
</UL>
<BR>[Called By]<UL><LI><a href="#[130]">&gt;&gt;</a>&nbsp;&nbsp;&nbsp;RCM_ExecRegularConv
<LI><a href="#[143]">&gt;&gt;</a>&nbsp;&nbsp;&nbsp;RCM_ExecUserConv
</UL>

<P><STRONG><a name="[be]"></a>ADC_clearInterruptStatus</STRONG> (Thumb, 118 bytes, Stack size 16 bytes, et6x_adc.o(.text.ADC_clearInterruptStatus))
<BR><BR>[Stack]<UL><LI>Max Depth = 40<LI>Call Chain = ADC_clearInterruptStatus &rArr; assert_failed &rArr; __2printf
</UL>
<BR>[Calls]<UL><LI><a href="#[c2]">&gt;&gt;</a>&nbsp;&nbsp;&nbsp;assert_failed
</UL>
<BR>[Called By]<UL><LI><a href="#[af]">&gt;&gt;</a>&nbsp;&nbsp;&nbsp;ADC0_IRQHandler
<LI><a href="#[132]">&gt;&gt;</a>&nbsp;&nbsp;&nbsp;RCM_RegisterRegConv
</UL>

<P><STRONG><a name="[c3]"></a>ADC_disable</STRONG> (Thumb, 100 bytes, Stack size 16 bytes, et6x_adc.o(.text.ADC_disable))
<BR><BR>[Stack]<UL><LI>Max Depth = 40<LI>Call Chain = ADC_disable &rArr; assert_failed &rArr; __2printf
</UL>
<BR>[Calls]<UL><LI><a href="#[c2]">&gt;&gt;</a>&nbsp;&nbsp;&nbsp;assert_failed
</UL>
<BR>[Called By]<UL><LI><a href="#[13a]">&gt;&gt;</a>&nbsp;&nbsp;&nbsp;R3_2_TIMx_UP_IRQHandler
</UL>

<P><STRONG><a name="[c4]"></a>ADC_enable</STRONG> (Thumb, 108 bytes, Stack size 16 bytes, et6x_adc.o(.text.ADC_enable))
<BR><BR>[Stack]<UL><LI>Max Depth = 40<LI>Call Chain = ADC_enable &rArr; assert_failed &rArr; __2printf
</UL>
<BR>[Calls]<UL><LI><a href="#[c2]">&gt;&gt;</a>&nbsp;&nbsp;&nbsp;assert_failed
</UL>
<BR>[Called By]<UL><LI><a href="#[13a]">&gt;&gt;</a>&nbsp;&nbsp;&nbsp;R3_2_TIMx_UP_IRQHandler
<LI><a href="#[132]">&gt;&gt;</a>&nbsp;&nbsp;&nbsp;RCM_RegisterRegConv
<LI><a href="#[1ba]">&gt;&gt;</a>&nbsp;&nbsp;&nbsp;user_adc_init
</UL>

<P><STRONG><a name="[c5]"></a>ADC_enableInterrupt</STRONG> (Thumb, 118 bytes, Stack size 16 bytes, et6x_adc.o(.text.ADC_enableInterrupt))
<BR><BR>[Stack]<UL><LI>Max Depth = 40<LI>Call Chain = ADC_enableInterrupt &rArr; assert_failed &rArr; __2printf
</UL>
<BR>[Calls]<UL><LI><a href="#[c2]">&gt;&gt;</a>&nbsp;&nbsp;&nbsp;assert_failed
</UL>
<BR>[Called By]<UL><LI><a href="#[1ba]">&gt;&gt;</a>&nbsp;&nbsp;&nbsp;user_adc_init
</UL>

<P><STRONG><a name="[c6]"></a>ADC_getFilterResult</STRONG> (Thumb, 272 bytes, Stack size 16 bytes, et6x_adc.o(.text.ADC_getFilterResult))
<BR><BR>[Stack]<UL><LI>Max Depth = 40<LI>Call Chain = ADC_getFilterResult &rArr; assert_failed &rArr; __2printf
</UL>
<BR>[Calls]<UL><LI><a href="#[c2]">&gt;&gt;</a>&nbsp;&nbsp;&nbsp;assert_failed
</UL>
<BR>[Called By]<UL><LI><a href="#[130]">&gt;&gt;</a>&nbsp;&nbsp;&nbsp;RCM_ExecRegularConv
<LI><a href="#[143]">&gt;&gt;</a>&nbsp;&nbsp;&nbsp;RCM_ExecUserConv
</UL>

<P><STRONG><a name="[c7]"></a>ADC_getFilterResultStatus</STRONG> (Thumb, 276 bytes, Stack size 16 bytes, et6x_adc.o(.text.ADC_getFilterResultStatus))
<BR><BR>[Stack]<UL><LI>Max Depth = 40<LI>Call Chain = ADC_getFilterResultStatus &rArr; assert_failed &rArr; __2printf
</UL>
<BR>[Calls]<UL><LI><a href="#[c2]">&gt;&gt;</a>&nbsp;&nbsp;&nbsp;assert_failed
</UL>
<BR>[Called By]<UL><LI><a href="#[130]">&gt;&gt;</a>&nbsp;&nbsp;&nbsp;RCM_ExecRegularConv
<LI><a href="#[143]">&gt;&gt;</a>&nbsp;&nbsp;&nbsp;RCM_ExecUserConv
</UL>

<P><STRONG><a name="[bc]"></a>ADC_getInterruptStatus</STRONG> (Thumb, 348 bytes, Stack size 16 bytes, et6x_adc.o(.text.ADC_getInterruptStatus))
<BR><BR>[Stack]<UL><LI>Max Depth = 40<LI>Call Chain = ADC_getInterruptStatus &rArr; assert_failed &rArr; __2printf
</UL>
<BR>[Calls]<UL><LI><a href="#[c2]">&gt;&gt;</a>&nbsp;&nbsp;&nbsp;assert_failed
</UL>
<BR>[Called By]<UL><LI><a href="#[af]">&gt;&gt;</a>&nbsp;&nbsp;&nbsp;ADC0_IRQHandler
</UL>

<P><STRONG><a name="[c8]"></a>ADC_init</STRONG> (Thumb, 696 bytes, Stack size 40 bytes, et6x_adc.o(.text.ADC_init))
<BR><BR>[Stack]<UL><LI>Max Depth = 64<LI>Call Chain = ADC_init &rArr; assert_failed &rArr; __2printf
</UL>
<BR>[Calls]<UL><LI><a href="#[c2]">&gt;&gt;</a>&nbsp;&nbsp;&nbsp;assert_failed
</UL>
<BR>[Called By]<UL><LI><a href="#[1ba]">&gt;&gt;</a>&nbsp;&nbsp;&nbsp;user_adc_init
</UL>

<P><STRONG><a name="[1c0]"></a>ADC_initStruct</STRONG> (Thumb, 20 bytes, Stack size 0 bytes, et6x_adc.o(.text.ADC_initStruct))
<BR><BR>[Called By]<UL><LI><a href="#[1ba]">&gt;&gt;</a>&nbsp;&nbsp;&nbsp;user_adc_init
</UL>

<P><STRONG><a name="[c9]"></a>ADC_remapSingleAC</STRONG> (Thumb, 574 bytes, Stack size 16 bytes, et6x_adc.o(.text.ADC_remapSingleAC))
<BR><BR>[Stack]<UL><LI>Max Depth = 40<LI>Call Chain = ADC_remapSingleAC &rArr; assert_failed &rArr; __2printf
</UL>
<BR>[Calls]<UL><LI><a href="#[c2]">&gt;&gt;</a>&nbsp;&nbsp;&nbsp;assert_failed
</UL>
<BR>[Called By]<UL><LI><a href="#[13a]">&gt;&gt;</a>&nbsp;&nbsp;&nbsp;R3_2_TIMx_UP_IRQHandler
<LI><a href="#[1ba]">&gt;&gt;</a>&nbsp;&nbsp;&nbsp;user_adc_init
</UL>

<P><STRONG><a name="[ca]"></a>ADC_setPriorityMode</STRONG> (Thumb, 82 bytes, Stack size 16 bytes, et6x_adc.o(.text.ADC_setPriorityMode))
<BR><BR>[Stack]<UL><LI>Max Depth = 40<LI>Call Chain = ADC_setPriorityMode &rArr; assert_failed &rArr; __2printf
</UL>
<BR>[Calls]<UL><LI><a href="#[c2]">&gt;&gt;</a>&nbsp;&nbsp;&nbsp;assert_failed
</UL>
<BR>[Called By]<UL><LI><a href="#[1ba]">&gt;&gt;</a>&nbsp;&nbsp;&nbsp;user_adc_init
</UL>

<P><STRONG><a name="[cb]"></a>ADC_startCalibration</STRONG> (Thumb, 572 bytes, Stack size 8 bytes, et6x_adc.o(.text.ADC_startCalibration))
<BR><BR>[Stack]<UL><LI>Max Depth = 32<LI>Call Chain = ADC_startCalibration &rArr; assert_failed &rArr; __2printf
</UL>
<BR>[Calls]<UL><LI><a href="#[c2]">&gt;&gt;</a>&nbsp;&nbsp;&nbsp;assert_failed
</UL>
<BR>[Called By]<UL><LI><a href="#[1ba]">&gt;&gt;</a>&nbsp;&nbsp;&nbsp;user_adc_init
</UL>

<P><STRONG><a name="[cc]"></a>ADC_unmaskInterrupt</STRONG> (Thumb, 118 bytes, Stack size 16 bytes, et6x_adc.o(.text.ADC_unmaskInterrupt))
<BR><BR>[Stack]<UL><LI>Max Depth = 40<LI>Call Chain = ADC_unmaskInterrupt &rArr; assert_failed &rArr; __2printf
</UL>
<BR>[Calls]<UL><LI><a href="#[c2]">&gt;&gt;</a>&nbsp;&nbsp;&nbsp;assert_failed
</UL>
<BR>[Called By]<UL><LI><a href="#[1ba]">&gt;&gt;</a>&nbsp;&nbsp;&nbsp;user_adc_init
</UL>

<P><STRONG><a name="[7e]"></a>AES_IRQHandler</STRONG> (Thumb, 14 bytes, Stack size 0 bytes, et6x_interrupt.o(.text.AES_IRQHandler))
<BR>[Address Reference Count : 1]<UL><LI> startup_et6039.o(RESET)
</UL>
<P><STRONG><a name="[1f]"></a>AHBDMAC0_BLOCK_IRQHandler</STRONG> (Thumb, 12 bytes, Stack size 0 bytes, et6x_interrupt.o(.text.AHBDMAC0_BLOCK_IRQHandler))
<BR>[Address Reference Count : 1]<UL><LI> startup_et6039.o(RESET)
</UL>
<P><STRONG><a name="[23]"></a>AHBDMAC0_COMBINED_IRQHandler</STRONG> (Thumb, 12 bytes, Stack size 0 bytes, et6x_interrupt.o(.text.AHBDMAC0_COMBINED_IRQHandler))
<BR>[Address Reference Count : 1]<UL><LI> startup_et6039.o(RESET)
</UL>
<P><STRONG><a name="[21]"></a>AHBDMAC0_DSTTRAN_IRQHandler</STRONG> (Thumb, 12 bytes, Stack size 0 bytes, et6x_interrupt.o(.text.AHBDMAC0_DSTTRAN_IRQHandler))
<BR>[Address Reference Count : 1]<UL><LI> startup_et6039.o(RESET)
</UL>
<P><STRONG><a name="[22]"></a>AHBDMAC0_ERROR_IRQHandler</STRONG> (Thumb, 12 bytes, Stack size 0 bytes, et6x_interrupt.o(.text.AHBDMAC0_ERROR_IRQHandler))
<BR>[Address Reference Count : 1]<UL><LI> startup_et6039.o(RESET)
</UL>
<P><STRONG><a name="[20]"></a>AHBDMAC0_SRCTRAN_IRQHandler</STRONG> (Thumb, 12 bytes, Stack size 0 bytes, et6x_interrupt.o(.text.AHBDMAC0_SRCTRAN_IRQHandler))
<BR>[Address Reference Count : 1]<UL><LI> startup_et6039.o(RESET)
</UL>
<P><STRONG><a name="[1e]"></a>AHBDMAC0_TFR_IRQHandler</STRONG> (Thumb, 12 bytes, Stack size 0 bytes, et6x_interrupt.o(.text.AHBDMAC0_TFR_IRQHandler))
<BR>[Address Reference Count : 1]<UL><LI> startup_et6039.o(RESET)
</UL>
<P><STRONG><a name="[25]"></a>AHBDMAC1_BLOCK_IRQHandler</STRONG> (Thumb, 12 bytes, Stack size 0 bytes, et6x_interrupt.o(.text.AHBDMAC1_BLOCK_IRQHandler))
<BR>[Address Reference Count : 1]<UL><LI> startup_et6039.o(RESET)
</UL>
<P><STRONG><a name="[29]"></a>AHBDMAC1_COMBINED_IRQHandler</STRONG> (Thumb, 12 bytes, Stack size 0 bytes, et6x_interrupt.o(.text.AHBDMAC1_COMBINED_IRQHandler))
<BR>[Address Reference Count : 1]<UL><LI> startup_et6039.o(RESET)
</UL>
<P><STRONG><a name="[27]"></a>AHBDMAC1_DSTTRAN_IRQHandler</STRONG> (Thumb, 12 bytes, Stack size 0 bytes, et6x_interrupt.o(.text.AHBDMAC1_DSTTRAN_IRQHandler))
<BR>[Address Reference Count : 1]<UL><LI> startup_et6039.o(RESET)
</UL>
<P><STRONG><a name="[28]"></a>AHBDMAC1_ERROR_IRQHandler</STRONG> (Thumb, 12 bytes, Stack size 0 bytes, et6x_interrupt.o(.text.AHBDMAC1_ERROR_IRQHandler))
<BR>[Address Reference Count : 1]<UL><LI> startup_et6039.o(RESET)
</UL>
<P><STRONG><a name="[26]"></a>AHBDMAC1_SRCTRAN_IRQHandler</STRONG> (Thumb, 12 bytes, Stack size 0 bytes, et6x_interrupt.o(.text.AHBDMAC1_SRCTRAN_IRQHandler))
<BR>[Address Reference Count : 1]<UL><LI> startup_et6039.o(RESET)
</UL>
<P><STRONG><a name="[24]"></a>AHBDMAC1_TFR_IRQHandler</STRONG> (Thumb, 12 bytes, Stack size 0 bytes, et6x_interrupt.o(.text.AHBDMAC1_TFR_IRQHandler))
<BR>[Address Reference Count : 1]<UL><LI> startup_et6039.o(RESET)
</UL>
<P><STRONG><a name="[36]"></a>CAN0_DMU_IRQHandler</STRONG> (Thumb, 14 bytes, Stack size 0 bytes, et6x_interrupt.o(.text.CAN0_DMU_IRQHandler))
<BR>[Address Reference Count : 1]<UL><LI> startup_et6039.o(RESET)
</UL>
<P><STRONG><a name="[34]"></a>CAN0_INT0_IRQHandler</STRONG> (Thumb, 14 bytes, Stack size 0 bytes, et6x_interrupt.o(.text.CAN0_INT0_IRQHandler))
<BR>[Address Reference Count : 1]<UL><LI> startup_et6039.o(RESET)
</UL>
<P><STRONG><a name="[35]"></a>CAN0_INT1_IRQHandler</STRONG> (Thumb, 14 bytes, Stack size 0 bytes, et6x_interrupt.o(.text.CAN0_INT1_IRQHandler))
<BR>[Address Reference Count : 1]<UL><LI> startup_et6039.o(RESET)
</UL>
<P><STRONG><a name="[39]"></a>CAN1_DMU_IRQHandler</STRONG> (Thumb, 14 bytes, Stack size 0 bytes, et6x_interrupt.o(.text.CAN1_DMU_IRQHandler))
<BR>[Address Reference Count : 1]<UL><LI> startup_et6039.o(RESET)
</UL>
<P><STRONG><a name="[37]"></a>CAN1_INT0_IRQHandler</STRONG> (Thumb, 14 bytes, Stack size 0 bytes, et6x_interrupt.o(.text.CAN1_INT0_IRQHandler))
<BR>[Address Reference Count : 1]<UL><LI> startup_et6039.o(RESET)
</UL>
<P><STRONG><a name="[38]"></a>CAN1_INT1_IRQHandler</STRONG> (Thumb, 14 bytes, Stack size 0 bytes, et6x_interrupt.o(.text.CAN1_INT1_IRQHandler))
<BR>[Address Reference Count : 1]<UL><LI> startup_et6039.o(RESET)
</UL>
<P><STRONG><a name="[64]"></a>CMPC_INTR0_IRQHandler</STRONG> (Thumb, 14 bytes, Stack size 0 bytes, et6x_interrupt.o(.text.CMPC_INTR0_IRQHandler))
<BR>[Address Reference Count : 1]<UL><LI> startup_et6039.o(RESET)
</UL>
<P><STRONG><a name="[65]"></a>CMPC_INTR1_IRQHandler</STRONG> (Thumb, 14 bytes, Stack size 0 bytes, et6x_interrupt.o(.text.CMPC_INTR1_IRQHandler))
<BR>[Address Reference Count : 1]<UL><LI> startup_et6039.o(RESET)
</UL>
<P><STRONG><a name="[66]"></a>CMPC_INTR2_IRQHandler</STRONG> (Thumb, 14 bytes, Stack size 0 bytes, et6x_interrupt.o(.text.CMPC_INTR2_IRQHandler))
<BR>[Address Reference Count : 1]<UL><LI> startup_et6039.o(RESET)
</UL>
<P><STRONG><a name="[67]"></a>CMPC_INTR3_IRQHandler</STRONG> (Thumb, 14 bytes, Stack size 0 bytes, et6x_interrupt.o(.text.CMPC_INTR3_IRQHandler))
<BR>[Address Reference Count : 1]<UL><LI> startup_et6039.o(RESET)
</UL>
<P><STRONG><a name="[7a]"></a>CORDIC_IRQHandler</STRONG> (Thumb, 14 bytes, Stack size 0 bytes, et6x_interrupt.o(.text.CORDIC_IRQHandler))
<BR>[Address Reference Count : 1]<UL><LI> startup_et6039.o(RESET)
</UL>
<P><STRONG><a name="[5e]"></a>CORE2PERI_TIMEOUT_IRQHandler</STRONG> (Thumb, 14 bytes, Stack size 0 bytes, et6x_interrupt.o(.text.CORE2PERI_TIMEOUT_IRQHandler))
<BR>[Address Reference Count : 1]<UL><LI> startup_et6039.o(RESET)
</UL>
<P><STRONG><a name="[79]"></a>CRC_IRQHandler</STRONG> (Thumb, 14 bytes, Stack size 0 bytes, et6x_interrupt.o(.text.CRC_IRQHandler))
<BR>[Address Reference Count : 1]<UL><LI> startup_et6039.o(RESET)
</UL>
<P><STRONG><a name="[cd]"></a>CRG_getAPB3Clock</STRONG> (Thumb, 46 bytes, Stack size 8 bytes, et6x_crg.o(.text.CRG_getAPB3Clock))
<BR><BR>[Stack]<UL><LI>Max Depth = 16<LI>Call Chain = CRG_getAPB3Clock &rArr; CRG_getBUSClock
</UL>
<BR>[Calls]<UL><LI><a href="#[ce]">&gt;&gt;</a>&nbsp;&nbsp;&nbsp;CRG_getBUSClock
</UL>
<BR>[Called By]<UL><LI><a href="#[189]">&gt;&gt;</a>&nbsp;&nbsp;&nbsp;UART_setConfig
</UL>

<P><STRONG><a name="[ce]"></a>CRG_getBUSClock</STRONG> (Thumb, 248 bytes, Stack size 8 bytes, et6x_crg.o(.text.CRG_getBUSClock))
<BR><BR>[Stack]<UL><LI>Max Depth = 8<LI>Call Chain = CRG_getBUSClock
</UL>
<BR>[Called By]<UL><LI><a href="#[cd]">&gt;&gt;</a>&nbsp;&nbsp;&nbsp;CRG_getAPB3Clock
</UL>

<P><STRONG><a name="[167]"></a>CRG_getCPUClock</STRONG> (Thumb, 238 bytes, Stack size 8 bytes, et6x_crg.o(.text.CRG_getCPUClock))
<BR><BR>[Stack]<UL><LI>Max Depth = 8<LI>Call Chain = CRG_getCPUClock
</UL>
<BR>[Called By]<UL><LI><a href="#[166]">&gt;&gt;</a>&nbsp;&nbsp;&nbsp;SystemCoreClockUpdate
</UL>

<P><STRONG><a name="[169]"></a>CRG_lockClockConfig</STRONG> (Thumb, 20 bytes, Stack size 0 bytes, et6x_crg.o(.text.CRG_lockClockConfig))
<BR><BR>[Called By]<UL><LI><a href="#[a0]">&gt;&gt;</a>&nbsp;&nbsp;&nbsp;SystemInit
</UL>

<P><STRONG><a name="[cf]"></a>CRG_setClockDivConfig</STRONG> (Thumb, 260 bytes, Stack size 16 bytes, et6x_crg.o(.text.CRG_setClockDivConfig))
<BR><BR>[Stack]<UL><LI>Max Depth = 28<LI>Call Chain = CRG_setClockDivConfig &rArr; arm_cm_delay_asm
</UL>
<BR>[Calls]<UL><LI><a href="#[d0]">&gt;&gt;</a>&nbsp;&nbsp;&nbsp;arm_cm_delay_asm
</UL>
<BR>[Called By]<UL><LI><a href="#[a0]">&gt;&gt;</a>&nbsp;&nbsp;&nbsp;SystemInit
</UL>

<P><STRONG><a name="[d1]"></a>CRG_setClockOutSource</STRONG> (Thumb, 44 bytes, Stack size 8 bytes, et6x_crg.o(.text.CRG_setClockOutSource))
<BR><BR>[Stack]<UL><LI>Max Depth = 32<LI>Call Chain = CRG_setClockOutSource &rArr; assert_failed &rArr; __2printf
</UL>
<BR>[Calls]<UL><LI><a href="#[c2]">&gt;&gt;</a>&nbsp;&nbsp;&nbsp;assert_failed
</UL>
<BR>[Called By]<UL><LI><a href="#[a0]">&gt;&gt;</a>&nbsp;&nbsp;&nbsp;SystemInit
</UL>

<P><STRONG><a name="[d2]"></a>CRG_setPLLConfig</STRONG> (Thumb, 258 bytes, Stack size 24 bytes, et6x_crg.o(.text.CRG_setPLLConfig))
<BR><BR>[Stack]<UL><LI>Max Depth = 36<LI>Call Chain = CRG_setPLLConfig &rArr; arm_cm_delay_asm
</UL>
<BR>[Calls]<UL><LI><a href="#[d0]">&gt;&gt;</a>&nbsp;&nbsp;&nbsp;arm_cm_delay_asm
</UL>
<BR>[Called By]<UL><LI><a href="#[a0]">&gt;&gt;</a>&nbsp;&nbsp;&nbsp;SystemInit
</UL>

<P><STRONG><a name="[168]"></a>CRG_unlockClockConfig</STRONG> (Thumb, 20 bytes, Stack size 0 bytes, et6x_crg.o(.text.CRG_unlockClockConfig))
<BR><BR>[Called By]<UL><LI><a href="#[a0]">&gt;&gt;</a>&nbsp;&nbsp;&nbsp;SystemInit
</UL>

<P><STRONG><a name="[170]"></a>Circle_Limitation</STRONG> (Thumb, 72 bytes, Stack size 0 bytes, circle_limitation.o(.text.Circle_Limitation))
<BR><BR>[Called By]<UL><LI><a href="#[bf]">&gt;&gt;</a>&nbsp;&nbsp;&nbsp;TSK_HighFrequencyTask
</UL>

<P><STRONG><a name="[68]"></a>DACC_INTR0_IRQHandler</STRONG> (Thumb, 14 bytes, Stack size 0 bytes, et6x_interrupt.o(.text.DACC_INTR0_IRQHandler))
<BR>[Address Reference Count : 1]<UL><LI> startup_et6039.o(RESET)
</UL>
<P><STRONG><a name="[69]"></a>DACC_INTR1_IRQHandler</STRONG> (Thumb, 14 bytes, Stack size 0 bytes, et6x_interrupt.o(.text.DACC_INTR1_IRQHandler))
<BR>[Address Reference Count : 1]<UL><LI> startup_et6039.o(RESET)
</UL>
<P><STRONG><a name="[13]"></a>DAC_Exec</STRONG> (Thumb, 70 bytes, Stack size 16 bytes, dac_ui.o(.text.DAC_Exec))
<BR><BR>[Stack]<UL><LI>Max Depth = 56<LI>Call Chain = DAC_Exec &rArr; DAC_setValue &rArr; assert_failed &rArr; __2printf
</UL>
<BR>[Calls]<UL><LI><a href="#[d4]">&gt;&gt;</a>&nbsp;&nbsp;&nbsp;DAC_setValue
<LI><a href="#[d3]">&gt;&gt;</a>&nbsp;&nbsp;&nbsp;UI_GetReg
</UL>
<BR>[Address Reference Count : 1]<UL><LI> mc_config.o(.data.UI_Params)
</UL>
<P><STRONG><a name="[f]"></a>DAC_GetChannelConfig</STRONG> (Thumb, 8 bytes, Stack size 0 bytes, dac_common_ui.o(.text.DAC_GetChannelConfig))
<BR>[Address Reference Count : 1]<UL><LI> mc_config.o(.data.UI_Params)
</UL>
<P><STRONG><a name="[11]"></a>DAC_GetUserChannelValue</STRONG> (Thumb, 10 bytes, Stack size 0 bytes, dac_common_ui.o(.text.DAC_GetUserChannelValue))
<BR>[Address Reference Count : 1]<UL><LI> mc_config.o(.data.UI_Params)
</UL>
<P><STRONG><a name="[12]"></a>DAC_Init</STRONG> (Thumb, 96 bytes, Stack size 24 bytes, dac_ui.o(.text.DAC_Init))
<BR><BR>[Stack]<UL><LI>Max Depth = 64<LI>Call Chain = DAC_Init &rArr; DAC_setTriggerSource &rArr; assert_failed &rArr; __2printf
</UL>
<BR>[Calls]<UL><LI><a href="#[d8]">&gt;&gt;</a>&nbsp;&nbsp;&nbsp;DAC_enableOutput
<LI><a href="#[d7]">&gt;&gt;</a>&nbsp;&nbsp;&nbsp;DAC_setTriggerSource
<LI><a href="#[d6]">&gt;&gt;</a>&nbsp;&nbsp;&nbsp;DAC_setReferenceVoltage
<LI><a href="#[d5]">&gt;&gt;</a>&nbsp;&nbsp;&nbsp;DAC_configTriggerMode
</UL>
<BR>[Address Reference Count : 1]<UL><LI> mc_config.o(.data.UI_Params)
</UL>
<P><STRONG><a name="[e]"></a>DAC_SetChannelConfig</STRONG> (Thumb, 8 bytes, Stack size 0 bytes, dac_common_ui.o(.text.DAC_SetChannelConfig))
<BR>[Address Reference Count : 1]<UL><LI> mc_config.o(.data.UI_Params)
</UL>
<P><STRONG><a name="[10]"></a>DAC_SetUserChannelValue</STRONG> (Thumb, 8 bytes, Stack size 0 bytes, dac_common_ui.o(.text.DAC_SetUserChannelValue))
<BR>[Address Reference Count : 1]<UL><LI> mc_config.o(.data.UI_Params)
</UL>
<P><STRONG><a name="[d5]"></a>DAC_configTriggerMode</STRONG> (Thumb, 82 bytes, Stack size 16 bytes, et6x_dac.o(.text.DAC_configTriggerMode))
<BR><BR>[Stack]<UL><LI>Max Depth = 40<LI>Call Chain = DAC_configTriggerMode &rArr; assert_failed &rArr; __2printf
</UL>
<BR>[Calls]<UL><LI><a href="#[c2]">&gt;&gt;</a>&nbsp;&nbsp;&nbsp;assert_failed
</UL>
<BR>[Called By]<UL><LI><a href="#[12]">&gt;&gt;</a>&nbsp;&nbsp;&nbsp;DAC_Init
</UL>

<P><STRONG><a name="[d8]"></a>DAC_enableOutput</STRONG> (Thumb, 62 bytes, Stack size 8 bytes, et6x_dac.o(.text.DAC_enableOutput))
<BR><BR>[Stack]<UL><LI>Max Depth = 32<LI>Call Chain = DAC_enableOutput &rArr; assert_failed &rArr; __2printf
</UL>
<BR>[Calls]<UL><LI><a href="#[c2]">&gt;&gt;</a>&nbsp;&nbsp;&nbsp;assert_failed
</UL>
<BR>[Called By]<UL><LI><a href="#[12]">&gt;&gt;</a>&nbsp;&nbsp;&nbsp;DAC_Init
</UL>

<P><STRONG><a name="[d6]"></a>DAC_setReferenceVoltage</STRONG> (Thumb, 80 bytes, Stack size 8 bytes, et6x_dac.o(.text.DAC_setReferenceVoltage))
<BR><BR>[Stack]<UL><LI>Max Depth = 32<LI>Call Chain = DAC_setReferenceVoltage &rArr; assert_failed &rArr; __2printf
</UL>
<BR>[Calls]<UL><LI><a href="#[c2]">&gt;&gt;</a>&nbsp;&nbsp;&nbsp;assert_failed
</UL>
<BR>[Called By]<UL><LI><a href="#[12]">&gt;&gt;</a>&nbsp;&nbsp;&nbsp;DAC_Init
</UL>

<P><STRONG><a name="[d7]"></a>DAC_setTriggerSource</STRONG> (Thumb, 74 bytes, Stack size 16 bytes, et6x_dac.o(.text.DAC_setTriggerSource))
<BR><BR>[Stack]<UL><LI>Max Depth = 40<LI>Call Chain = DAC_setTriggerSource &rArr; assert_failed &rArr; __2printf
</UL>
<BR>[Calls]<UL><LI><a href="#[c2]">&gt;&gt;</a>&nbsp;&nbsp;&nbsp;assert_failed
</UL>
<BR>[Called By]<UL><LI><a href="#[12]">&gt;&gt;</a>&nbsp;&nbsp;&nbsp;DAC_Init
</UL>

<P><STRONG><a name="[d4]"></a>DAC_setValue</STRONG> (Thumb, 54 bytes, Stack size 16 bytes, et6x_dac.o(.text.DAC_setValue))
<BR><BR>[Stack]<UL><LI>Max Depth = 40<LI>Call Chain = DAC_setValue &rArr; assert_failed &rArr; __2printf
</UL>
<BR>[Calls]<UL><LI><a href="#[c2]">&gt;&gt;</a>&nbsp;&nbsp;&nbsp;assert_failed
</UL>
<BR>[Called By]<UL><LI><a href="#[13]">&gt;&gt;</a>&nbsp;&nbsp;&nbsp;DAC_Exec
</UL>

<P><STRONG><a name="[d9]"></a>DWT_delay_us</STRONG> (Thumb, 162 bytes, Stack size 16 bytes, et6x_cortex.o(.text.DWT_delay_us))
<BR><BR>[Stack]<UL><LI>Max Depth = 56<LI>Call Chain = DWT_delay_us &rArr; __aeabi_uldivmod
</UL>
<BR>[Calls]<UL><LI><a href="#[c2]">&gt;&gt;</a>&nbsp;&nbsp;&nbsp;assert_failed
<LI><a href="#[b5]">&gt;&gt;</a>&nbsp;&nbsp;&nbsp;__aeabi_uldivmod
</UL>
<BR>[Called By]<UL><LI><a href="#[1b8]">&gt;&gt;</a>&nbsp;&nbsp;&nbsp;key_scan
<LI><a href="#[9f]">&gt;&gt;</a>&nbsp;&nbsp;&nbsp;main
</UL>

<P><STRONG><a name="[56]"></a>EFC0_FLASH_IRQHandler</STRONG> (Thumb, 14 bytes, Stack size 0 bytes, et6x_interrupt.o(.text.EFC0_FLASH_IRQHandler))
<BR>[Address Reference Count : 1]<UL><LI> startup_et6039.o(RESET)
</UL>
<P><STRONG><a name="[57]"></a>EFC1_FLASH_IRQHandler</STRONG> (Thumb, 14 bytes, Stack size 0 bytes, et6x_interrupt.o(.text.EFC1_FLASH_IRQHandler))
<BR>[Address Reference Count : 1]<UL><LI> startup_et6039.o(RESET)
</UL>
<P><STRONG><a name="[58]"></a>EFC2_FLASH_IRQHandler</STRONG> (Thumb, 14 bytes, Stack size 0 bytes, et6x_interrupt.o(.text.EFC2_FLASH_IRQHandler))
<BR>[Address Reference Count : 1]<UL><LI> startup_et6039.o(RESET)
</UL>
<P><STRONG><a name="[8d]"></a>EPWM_EPWMCOM_INTR0_IRQHandler</STRONG> (Thumb, 14 bytes, Stack size 0 bytes, et6x_interrupt.o(.text.EPWM_EPWMCOM_INTR0_IRQHandler))
<BR>[Address Reference Count : 1]<UL><LI> startup_et6039.o(RESET)
</UL>
<P><STRONG><a name="[97]"></a>EPWM_EPWMCOM_INTR10_IRQHandler</STRONG> (Thumb, 14 bytes, Stack size 0 bytes, et6x_interrupt.o(.text.EPWM_EPWMCOM_INTR10_IRQHandler))
<BR>[Address Reference Count : 1]<UL><LI> startup_et6039.o(RESET)
</UL>
<P><STRONG><a name="[98]"></a>EPWM_EPWMCOM_INTR11_IRQHandler</STRONG> (Thumb, 14 bytes, Stack size 0 bytes, et6x_interrupt.o(.text.EPWM_EPWMCOM_INTR11_IRQHandler))
<BR>[Address Reference Count : 1]<UL><LI> startup_et6039.o(RESET)
</UL>
<P><STRONG><a name="[8e]"></a>EPWM_EPWMCOM_INTR1_IRQHandler</STRONG> (Thumb, 14 bytes, Stack size 0 bytes, et6x_interrupt.o(.text.EPWM_EPWMCOM_INTR1_IRQHandler))
<BR>[Address Reference Count : 1]<UL><LI> startup_et6039.o(RESET)
</UL>
<P><STRONG><a name="[8f]"></a>EPWM_EPWMCOM_INTR2_IRQHandler</STRONG> (Thumb, 14 bytes, Stack size 0 bytes, et6x_interrupt.o(.text.EPWM_EPWMCOM_INTR2_IRQHandler))
<BR>[Address Reference Count : 1]<UL><LI> startup_et6039.o(RESET)
</UL>
<P><STRONG><a name="[90]"></a>EPWM_EPWMCOM_INTR3_IRQHandler</STRONG> (Thumb, 14 bytes, Stack size 0 bytes, et6x_interrupt.o(.text.EPWM_EPWMCOM_INTR3_IRQHandler))
<BR>[Address Reference Count : 1]<UL><LI> startup_et6039.o(RESET)
</UL>
<P><STRONG><a name="[91]"></a>EPWM_EPWMCOM_INTR4_IRQHandler</STRONG> (Thumb, 14 bytes, Stack size 0 bytes, et6x_interrupt.o(.text.EPWM_EPWMCOM_INTR4_IRQHandler))
<BR>[Address Reference Count : 1]<UL><LI> startup_et6039.o(RESET)
</UL>
<P><STRONG><a name="[92]"></a>EPWM_EPWMCOM_INTR5_IRQHandler</STRONG> (Thumb, 14 bytes, Stack size 0 bytes, et6x_interrupt.o(.text.EPWM_EPWMCOM_INTR5_IRQHandler))
<BR>[Address Reference Count : 1]<UL><LI> startup_et6039.o(RESET)
</UL>
<P><STRONG><a name="[93]"></a>EPWM_EPWMCOM_INTR6_IRQHandler</STRONG> (Thumb, 14 bytes, Stack size 0 bytes, et6x_interrupt.o(.text.EPWM_EPWMCOM_INTR6_IRQHandler))
<BR>[Address Reference Count : 1]<UL><LI> startup_et6039.o(RESET)
</UL>
<P><STRONG><a name="[94]"></a>EPWM_EPWMCOM_INTR7_IRQHandler</STRONG> (Thumb, 14 bytes, Stack size 0 bytes, et6x_interrupt.o(.text.EPWM_EPWMCOM_INTR7_IRQHandler))
<BR>[Address Reference Count : 1]<UL><LI> startup_et6039.o(RESET)
</UL>
<P><STRONG><a name="[95]"></a>EPWM_EPWMCOM_INTR8_IRQHandler</STRONG> (Thumb, 14 bytes, Stack size 0 bytes, et6x_interrupt.o(.text.EPWM_EPWMCOM_INTR8_IRQHandler))
<BR>[Address Reference Count : 1]<UL><LI> startup_et6039.o(RESET)
</UL>
<P><STRONG><a name="[96]"></a>EPWM_EPWMCOM_INTR9_IRQHandler</STRONG> (Thumb, 14 bytes, Stack size 0 bytes, et6x_interrupt.o(.text.EPWM_EPWMCOM_INTR9_IRQHandler))
<BR>[Address Reference Count : 1]<UL><LI> startup_et6039.o(RESET)
</UL>
<P><STRONG><a name="[6d]"></a>EQEP_INTR0_IRQHandler</STRONG> (Thumb, 14 bytes, Stack size 0 bytes, et6x_interrupt.o(.text.EQEP_INTR0_IRQHandler))
<BR>[Address Reference Count : 1]<UL><LI> startup_et6039.o(RESET)
</UL>
<P><STRONG><a name="[6e]"></a>EQEP_INTR1_IRQHandler</STRONG> (Thumb, 14 bytes, Stack size 0 bytes, et6x_interrupt.o(.text.EQEP_INTR1_IRQHandler))
<BR>[Address Reference Count : 1]<UL><LI> startup_et6039.o(RESET)
</UL>
<P><STRONG><a name="[7f]"></a>ETIM_INTR0_IRQHandler</STRONG> (Thumb, 14 bytes, Stack size 0 bytes, et6x_interrupt.o(.text.ETIM_INTR0_IRQHandler))
<BR>[Address Reference Count : 1]<UL><LI> startup_et6039.o(RESET)
</UL>
<P><STRONG><a name="[89]"></a>ETIM_INTR10_IRQHandler</STRONG> (Thumb, 14 bytes, Stack size 0 bytes, et6x_interrupt.o(.text.ETIM_INTR10_IRQHandler))
<BR>[Address Reference Count : 1]<UL><LI> startup_et6039.o(RESET)
</UL>
<P><STRONG><a name="[8a]"></a>ETIM_INTR11_IRQHandler</STRONG> (Thumb, 14 bytes, Stack size 0 bytes, et6x_interrupt.o(.text.ETIM_INTR11_IRQHandler))
<BR>[Address Reference Count : 1]<UL><LI> startup_et6039.o(RESET)
</UL>
<P><STRONG><a name="[8b]"></a>ETIM_INTR12_IRQHandler</STRONG> (Thumb, 14 bytes, Stack size 0 bytes, et6x_interrupt.o(.text.ETIM_INTR12_IRQHandler))
<BR>[Address Reference Count : 1]<UL><LI> startup_et6039.o(RESET)
</UL>
<P><STRONG><a name="[8c]"></a>ETIM_INTR13_IRQHandler</STRONG> (Thumb, 14 bytes, Stack size 0 bytes, et6x_interrupt.o(.text.ETIM_INTR13_IRQHandler))
<BR>[Address Reference Count : 1]<UL><LI> startup_et6039.o(RESET)
</UL>
<P><STRONG><a name="[80]"></a>ETIM_INTR1_IRQHandler</STRONG> (Thumb, 14 bytes, Stack size 0 bytes, et6x_interrupt.o(.text.ETIM_INTR1_IRQHandler))
<BR>[Address Reference Count : 1]<UL><LI> startup_et6039.o(RESET)
</UL>
<P><STRONG><a name="[81]"></a>ETIM_INTR2_IRQHandler</STRONG> (Thumb, 14 bytes, Stack size 0 bytes, et6x_interrupt.o(.text.ETIM_INTR2_IRQHandler))
<BR>[Address Reference Count : 1]<UL><LI> startup_et6039.o(RESET)
</UL>
<P><STRONG><a name="[82]"></a>ETIM_INTR3_IRQHandler</STRONG> (Thumb, 14 bytes, Stack size 0 bytes, et6x_interrupt.o(.text.ETIM_INTR3_IRQHandler))
<BR>[Address Reference Count : 1]<UL><LI> startup_et6039.o(RESET)
</UL>
<P><STRONG><a name="[83]"></a>ETIM_INTR4_IRQHandler</STRONG> (Thumb, 14 bytes, Stack size 0 bytes, et6x_interrupt.o(.text.ETIM_INTR4_IRQHandler))
<BR>[Address Reference Count : 1]<UL><LI> startup_et6039.o(RESET)
</UL>
<P><STRONG><a name="[84]"></a>ETIM_INTR5_IRQHandler</STRONG> (Thumb, 14 bytes, Stack size 0 bytes, et6x_interrupt.o(.text.ETIM_INTR5_IRQHandler))
<BR>[Address Reference Count : 1]<UL><LI> startup_et6039.o(RESET)
</UL>
<P><STRONG><a name="[85]"></a>ETIM_INTR6_IRQHandler</STRONG> (Thumb, 14 bytes, Stack size 0 bytes, et6x_interrupt.o(.text.ETIM_INTR6_IRQHandler))
<BR>[Address Reference Count : 1]<UL><LI> startup_et6039.o(RESET)
</UL>
<P><STRONG><a name="[86]"></a>ETIM_INTR7_IRQHandler</STRONG> (Thumb, 14 bytes, Stack size 0 bytes, et6x_interrupt.o(.text.ETIM_INTR7_IRQHandler))
<BR>[Address Reference Count : 1]<UL><LI> startup_et6039.o(RESET)
</UL>
<P><STRONG><a name="[87]"></a>ETIM_INTR8_IRQHandler</STRONG> (Thumb, 14 bytes, Stack size 0 bytes, et6x_interrupt.o(.text.ETIM_INTR8_IRQHandler))
<BR>[Address Reference Count : 1]<UL><LI> startup_et6039.o(RESET)
</UL>
<P><STRONG><a name="[88]"></a>ETIM_INTR9_IRQHandler</STRONG> (Thumb, 14 bytes, Stack size 0 bytes, et6x_interrupt.o(.text.ETIM_INTR9_IRQHandler))
<BR>[Address Reference Count : 1]<UL><LI> startup_et6039.o(RESET)
</UL>
<P><STRONG><a name="[18e]"></a>FCP_CalcCRC</STRONG> (Thumb, 172 bytes, Stack size 20 bytes, frame_communication_protocol.o(.text.FCP_CalcCRC))
<BR><BR>[Stack]<UL><LI>Max Depth = 20<LI>Call Chain = FCP_CalcCRC
</UL>
<BR>[Called By]<UL><LI><a href="#[ef]">&gt;&gt;</a>&nbsp;&nbsp;&nbsp;UFCP_RX_IRQ_Handler
<LI><a href="#[ad]">&gt;&gt;</a>&nbsp;&nbsp;&nbsp;UFCP_Send
</UL>

<P><STRONG><a name="[18d]"></a>FCP_Init</STRONG> (Thumb, 24 bytes, Stack size 0 bytes, frame_communication_protocol.o(.text.FCP_Init))
<BR><BR>[Called By]<UL><LI><a href="#[18c]">&gt;&gt;</a>&nbsp;&nbsp;&nbsp;UFCP_Init
</UL>

<P><STRONG><a name="[109]"></a>FCP_SetClient</STRONG> (Thumb, 16 bytes, Stack size 0 bytes, frame_communication_protocol.o(.text.FCP_SetClient))
<BR><BR>[Called By]<UL><LI><a href="#[108]">&gt;&gt;</a>&nbsp;&nbsp;&nbsp;MCP_Init
</UL>

<P><STRONG><a name="[7b]"></a>FMAC_IRQHandler</STRONG> (Thumb, 14 bytes, Stack size 0 bytes, et6x_interrupt.o(.text.FMAC_IRQHandler))
<BR>[Address Reference Count : 1]<UL><LI> startup_et6039.o(RESET)
</UL>
<P><STRONG><a name="[da]"></a>FOC_CalcCurrRef</STRONG> (Thumb, 50 bytes, Stack size 8 bytes, mc_tasks.o(.text.FOC_CalcCurrRef))
<BR><BR>[Stack]<UL><LI>Max Depth = 40<LI>Call Chain = FOC_CalcCurrRef &rArr; STC_CalcTorqueReference &rArr; PI_Controller
</UL>
<BR>[Calls]<UL><LI><a href="#[db]">&gt;&gt;</a>&nbsp;&nbsp;&nbsp;STC_CalcTorqueReference
</UL>
<BR>[Called By]<UL><LI><a href="#[11c]">&gt;&gt;</a>&nbsp;&nbsp;&nbsp;TSK_MediumFrequencyTaskM1
</UL>

<P><STRONG><a name="[dc]"></a>FOC_Clear</STRONG> (Thumb, 74 bytes, Stack size 8 bytes, mc_tasks.o(.text.FOC_Clear))
<BR><BR>[Stack]<UL><LI>Max Depth = 8<LI>Call Chain = FOC_Clear
</UL>
<BR>[Calls]<UL><LI><a href="#[df]">&gt;&gt;</a>&nbsp;&nbsp;&nbsp;PWMC_SwitchOffPWM
<LI><a href="#[de]">&gt;&gt;</a>&nbsp;&nbsp;&nbsp;STC_Clear
<LI><a href="#[dd]">&gt;&gt;</a>&nbsp;&nbsp;&nbsp;PID_SetIntegralTerm
</UL>
<BR>[Called By]<UL><LI><a href="#[182]">&gt;&gt;</a>&nbsp;&nbsp;&nbsp;TSK_SafetyTask_PWMOFF
<LI><a href="#[11c]">&gt;&gt;</a>&nbsp;&nbsp;&nbsp;TSK_MediumFrequencyTaskM1
<LI><a href="#[11f]">&gt;&gt;</a>&nbsp;&nbsp;&nbsp;MCboot
</UL>

<P><STRONG><a name="[17e]"></a>FOC_InitAdditionalMethods</STRONG> (Thumb, 2 bytes, Stack size 0 bytes, mc_tasks.o(.text.FOC_InitAdditionalMethods))
<BR><BR>[Called By]<UL><LI><a href="#[11c]">&gt;&gt;</a>&nbsp;&nbsp;&nbsp;TSK_MediumFrequencyTaskM1
</UL>

<P><STRONG><a name="[e0]"></a>Flag_init</STRONG> (Thumb, 94 bytes, Stack size 16 bytes, key.o(.text.Flag_init))
<BR><BR>[Stack]<UL><LI>Max Depth = 72<LI>Call Chain = Flag_init &rArr; GPIO_setPinConfig &rArr; assert_failed &rArr; __2printf
</UL>
<BR>[Calls]<UL><LI><a href="#[e4]">&gt;&gt;</a>&nbsp;&nbsp;&nbsp;GPIO_setPortDirectionMode
<LI><a href="#[e3]">&gt;&gt;</a>&nbsp;&nbsp;&nbsp;GPIO_setPinConfig
<LI><a href="#[e2]">&gt;&gt;</a>&nbsp;&nbsp;&nbsp;GPIO_setPadConfig
<LI><a href="#[e1]">&gt;&gt;</a>&nbsp;&nbsp;&nbsp;GPIO_initPadConfigStruct
<LI><a href="#[e5]">&gt;&gt;</a>&nbsp;&nbsp;&nbsp;GPIO_writePin
</UL>
<BR>[Called By]<UL><LI><a href="#[9f]">&gt;&gt;</a>&nbsp;&nbsp;&nbsp;main
</UL>

<P><STRONG><a name="[3b]"></a>GPIOA_COMBINT_IRQHandler</STRONG> (Thumb, 14 bytes, Stack size 0 bytes, et6x_interrupt.o(.text.GPIOA_COMBINT_IRQHandler))
<BR>[Address Reference Count : 1]<UL><LI> startup_et6039.o(RESET)
</UL>
<P><STRONG><a name="[3c]"></a>GPIOB_COMBINT_IRQHandler</STRONG> (Thumb, 14 bytes, Stack size 0 bytes, et6x_interrupt.o(.text.GPIOB_COMBINT_IRQHandler))
<BR>[Address Reference Count : 1]<UL><LI> startup_et6039.o(RESET)
</UL>
<P><STRONG><a name="[3d]"></a>GPIOC_COMBINT_IRQHandler</STRONG> (Thumb, 14 bytes, Stack size 0 bytes, et6x_interrupt.o(.text.GPIOC_COMBINT_IRQHandler))
<BR>[Address Reference Count : 1]<UL><LI> startup_et6039.o(RESET)
</UL>
<P><STRONG><a name="[3e]"></a>GPIOD_COMBINT_IRQHandler</STRONG> (Thumb, 14 bytes, Stack size 0 bytes, et6x_interrupt.o(.text.GPIOD_COMBINT_IRQHandler))
<BR>[Address Reference Count : 1]<UL><LI> startup_et6039.o(RESET)
</UL>
<P><STRONG><a name="[3f]"></a>GPIOE_COMBINT_IRQHandler</STRONG> (Thumb, 14 bytes, Stack size 0 bytes, et6x_interrupt.o(.text.GPIOE_COMBINT_IRQHandler))
<BR>[Address Reference Count : 1]<UL><LI> startup_et6039.o(RESET)
</UL>
<P><STRONG><a name="[46]"></a>GPIOE_GPIOINT0_IRQHandler</STRONG> (Thumb, 14 bytes, Stack size 0 bytes, et6x_interrupt.o(.text.GPIOE_GPIOINT0_IRQHandler))
<BR>[Address Reference Count : 1]<UL><LI> startup_et6039.o(RESET)
</UL>
<P><STRONG><a name="[50]"></a>GPIOE_GPIOINT10_IRQHandler</STRONG> (Thumb, 14 bytes, Stack size 0 bytes, et6x_interrupt.o(.text.GPIOE_GPIOINT10_IRQHandler))
<BR>[Address Reference Count : 1]<UL><LI> startup_et6039.o(RESET)
</UL>
<P><STRONG><a name="[51]"></a>GPIOE_GPIOINT11_IRQHandler</STRONG> (Thumb, 14 bytes, Stack size 0 bytes, et6x_interrupt.o(.text.GPIOE_GPIOINT11_IRQHandler))
<BR>[Address Reference Count : 1]<UL><LI> startup_et6039.o(RESET)
</UL>
<P><STRONG><a name="[52]"></a>GPIOE_GPIOINT12_IRQHandler</STRONG> (Thumb, 14 bytes, Stack size 0 bytes, et6x_interrupt.o(.text.GPIOE_GPIOINT12_IRQHandler))
<BR>[Address Reference Count : 1]<UL><LI> startup_et6039.o(RESET)
</UL>
<P><STRONG><a name="[53]"></a>GPIOE_GPIOINT13_IRQHandler</STRONG> (Thumb, 14 bytes, Stack size 0 bytes, et6x_interrupt.o(.text.GPIOE_GPIOINT13_IRQHandler))
<BR>[Address Reference Count : 1]<UL><LI> startup_et6039.o(RESET)
</UL>
<P><STRONG><a name="[54]"></a>GPIOE_GPIOINT14_IRQHandler</STRONG> (Thumb, 14 bytes, Stack size 0 bytes, et6x_interrupt.o(.text.GPIOE_GPIOINT14_IRQHandler))
<BR>[Address Reference Count : 1]<UL><LI> startup_et6039.o(RESET)
</UL>
<P><STRONG><a name="[55]"></a>GPIOE_GPIOINT15_IRQHandler</STRONG> (Thumb, 14 bytes, Stack size 0 bytes, et6x_interrupt.o(.text.GPIOE_GPIOINT15_IRQHandler))
<BR>[Address Reference Count : 1]<UL><LI> startup_et6039.o(RESET)
</UL>
<P><STRONG><a name="[47]"></a>GPIOE_GPIOINT1_IRQHandler</STRONG> (Thumb, 14 bytes, Stack size 0 bytes, et6x_interrupt.o(.text.GPIOE_GPIOINT1_IRQHandler))
<BR>[Address Reference Count : 1]<UL><LI> startup_et6039.o(RESET)
</UL>
<P><STRONG><a name="[48]"></a>GPIOE_GPIOINT2_IRQHandler</STRONG> (Thumb, 14 bytes, Stack size 0 bytes, et6x_interrupt.o(.text.GPIOE_GPIOINT2_IRQHandler))
<BR>[Address Reference Count : 1]<UL><LI> startup_et6039.o(RESET)
</UL>
<P><STRONG><a name="[49]"></a>GPIOE_GPIOINT3_IRQHandler</STRONG> (Thumb, 14 bytes, Stack size 0 bytes, et6x_interrupt.o(.text.GPIOE_GPIOINT3_IRQHandler))
<BR>[Address Reference Count : 1]<UL><LI> startup_et6039.o(RESET)
</UL>
<P><STRONG><a name="[4a]"></a>GPIOE_GPIOINT4_IRQHandler</STRONG> (Thumb, 14 bytes, Stack size 0 bytes, et6x_interrupt.o(.text.GPIOE_GPIOINT4_IRQHandler))
<BR>[Address Reference Count : 1]<UL><LI> startup_et6039.o(RESET)
</UL>
<P><STRONG><a name="[4b]"></a>GPIOE_GPIOINT5_IRQHandler</STRONG> (Thumb, 14 bytes, Stack size 0 bytes, et6x_interrupt.o(.text.GPIOE_GPIOINT5_IRQHandler))
<BR>[Address Reference Count : 1]<UL><LI> startup_et6039.o(RESET)
</UL>
<P><STRONG><a name="[4c]"></a>GPIOE_GPIOINT6_IRQHandler</STRONG> (Thumb, 14 bytes, Stack size 0 bytes, et6x_interrupt.o(.text.GPIOE_GPIOINT6_IRQHandler))
<BR>[Address Reference Count : 1]<UL><LI> startup_et6039.o(RESET)
</UL>
<P><STRONG><a name="[4d]"></a>GPIOE_GPIOINT7_IRQHandler</STRONG> (Thumb, 14 bytes, Stack size 0 bytes, et6x_interrupt.o(.text.GPIOE_GPIOINT7_IRQHandler))
<BR>[Address Reference Count : 1]<UL><LI> startup_et6039.o(RESET)
</UL>
<P><STRONG><a name="[4e]"></a>GPIOE_GPIOINT8_IRQHandler</STRONG> (Thumb, 14 bytes, Stack size 0 bytes, et6x_interrupt.o(.text.GPIOE_GPIOINT8_IRQHandler))
<BR>[Address Reference Count : 1]<UL><LI> startup_et6039.o(RESET)
</UL>
<P><STRONG><a name="[4f]"></a>GPIOE_GPIOINT9_IRQHandler</STRONG> (Thumb, 14 bytes, Stack size 0 bytes, et6x_interrupt.o(.text.GPIOE_GPIOINT9_IRQHandler))
<BR>[Address Reference Count : 1]<UL><LI> startup_et6039.o(RESET)
</UL>
<P><STRONG><a name="[40]"></a>GPIOF_COMBINT_IRQHandler</STRONG> (Thumb, 14 bytes, Stack size 0 bytes, et6x_interrupt.o(.text.GPIOF_COMBINT_IRQHandler))
<BR>[Address Reference Count : 1]<UL><LI> startup_et6039.o(RESET)
</UL>
<P><STRONG><a name="[e1]"></a>GPIO_initPadConfigStruct</STRONG> (Thumb, 38 bytes, Stack size 8 bytes, et6x_gpio.o(.text.GPIO_initPadConfigStruct))
<BR><BR>[Stack]<UL><LI>Max Depth = 32<LI>Call Chain = GPIO_initPadConfigStruct &rArr; assert_failed &rArr; __2printf
</UL>
<BR>[Calls]<UL><LI><a href="#[c2]">&gt;&gt;</a>&nbsp;&nbsp;&nbsp;assert_failed
</UL>
<BR>[Called By]<UL><LI><a href="#[1b7]">&gt;&gt;</a>&nbsp;&nbsp;&nbsp;key_init
<LI><a href="#[1bd]">&gt;&gt;</a>&nbsp;&nbsp;&nbsp;sd_gpio_init
<LI><a href="#[1bc]">&gt;&gt;</a>&nbsp;&nbsp;&nbsp;user_uart_init
<LI><a href="#[1bb]">&gt;&gt;</a>&nbsp;&nbsp;&nbsp;user_srpwm_init
<LI><a href="#[e0]">&gt;&gt;</a>&nbsp;&nbsp;&nbsp;Flag_init
<LI><a href="#[1b9]">&gt;&gt;</a>&nbsp;&nbsp;&nbsp;led_init
</UL>

<P><STRONG><a name="[e6]"></a>GPIO_readPin</STRONG> (Thumb, 52 bytes, Stack size 8 bytes, et6x_gpio.o(.text.GPIO_readPin))
<BR><BR>[Stack]<UL><LI>Max Depth = 32<LI>Call Chain = GPIO_readPin &rArr; assert_failed &rArr; __2printf
</UL>
<BR>[Calls]<UL><LI><a href="#[c2]">&gt;&gt;</a>&nbsp;&nbsp;&nbsp;assert_failed
</UL>
<BR>[Called By]<UL><LI><a href="#[1b8]">&gt;&gt;</a>&nbsp;&nbsp;&nbsp;key_scan
</UL>

<P><STRONG><a name="[e2]"></a>GPIO_setPadConfig</STRONG> (Thumb, 328 bytes, Stack size 32 bytes, et6x_gpio.o(.text.GPIO_setPadConfig))
<BR><BR>[Stack]<UL><LI>Max Depth = 56<LI>Call Chain = GPIO_setPadConfig &rArr; assert_failed &rArr; __2printf
</UL>
<BR>[Calls]<UL><LI><a href="#[c2]">&gt;&gt;</a>&nbsp;&nbsp;&nbsp;assert_failed
</UL>
<BR>[Called By]<UL><LI><a href="#[1b7]">&gt;&gt;</a>&nbsp;&nbsp;&nbsp;key_init
<LI><a href="#[1bd]">&gt;&gt;</a>&nbsp;&nbsp;&nbsp;sd_gpio_init
<LI><a href="#[1bc]">&gt;&gt;</a>&nbsp;&nbsp;&nbsp;user_uart_init
<LI><a href="#[1bb]">&gt;&gt;</a>&nbsp;&nbsp;&nbsp;user_srpwm_init
<LI><a href="#[e0]">&gt;&gt;</a>&nbsp;&nbsp;&nbsp;Flag_init
<LI><a href="#[1b9]">&gt;&gt;</a>&nbsp;&nbsp;&nbsp;led_init
</UL>

<P><STRONG><a name="[e3]"></a>GPIO_setPinConfig</STRONG> (Thumb, 156 bytes, Stack size 32 bytes, et6x_gpio.o(.text.GPIO_setPinConfig))
<BR><BR>[Stack]<UL><LI>Max Depth = 56<LI>Call Chain = GPIO_setPinConfig &rArr; assert_failed &rArr; __2printf
</UL>
<BR>[Calls]<UL><LI><a href="#[c2]">&gt;&gt;</a>&nbsp;&nbsp;&nbsp;assert_failed
</UL>
<BR>[Called By]<UL><LI><a href="#[1b7]">&gt;&gt;</a>&nbsp;&nbsp;&nbsp;key_init
<LI><a href="#[1bd]">&gt;&gt;</a>&nbsp;&nbsp;&nbsp;sd_gpio_init
<LI><a href="#[1bc]">&gt;&gt;</a>&nbsp;&nbsp;&nbsp;user_uart_init
<LI><a href="#[1bb]">&gt;&gt;</a>&nbsp;&nbsp;&nbsp;user_srpwm_init
<LI><a href="#[e0]">&gt;&gt;</a>&nbsp;&nbsp;&nbsp;Flag_init
<LI><a href="#[1b9]">&gt;&gt;</a>&nbsp;&nbsp;&nbsp;led_init
</UL>

<P><STRONG><a name="[e4]"></a>GPIO_setPortDirectionMode</STRONG> (Thumb, 64 bytes, Stack size 16 bytes, et6x_gpio.o(.text.GPIO_setPortDirectionMode))
<BR><BR>[Stack]<UL><LI>Max Depth = 40<LI>Call Chain = GPIO_setPortDirectionMode &rArr; assert_failed &rArr; __2printf
</UL>
<BR>[Calls]<UL><LI><a href="#[c2]">&gt;&gt;</a>&nbsp;&nbsp;&nbsp;assert_failed
</UL>
<BR>[Called By]<UL><LI><a href="#[1b7]">&gt;&gt;</a>&nbsp;&nbsp;&nbsp;key_init
<LI><a href="#[1bd]">&gt;&gt;</a>&nbsp;&nbsp;&nbsp;sd_gpio_init
<LI><a href="#[e0]">&gt;&gt;</a>&nbsp;&nbsp;&nbsp;Flag_init
<LI><a href="#[1b9]">&gt;&gt;</a>&nbsp;&nbsp;&nbsp;led_init
</UL>

<P><STRONG><a name="[e7]"></a>GPIO_togglePin</STRONG> (Thumb, 76 bytes, Stack size 16 bytes, et6x_gpio.o(.text.GPIO_togglePin))
<BR><BR>[Stack]<UL><LI>Max Depth = 40<LI>Call Chain = GPIO_togglePin &rArr; assert_failed &rArr; __2printf
</UL>
<BR>[Calls]<UL><LI><a href="#[c2]">&gt;&gt;</a>&nbsp;&nbsp;&nbsp;assert_failed
</UL>
<BR>[Called By]<UL><LI><a href="#[9f]">&gt;&gt;</a>&nbsp;&nbsp;&nbsp;main
</UL>

<P><STRONG><a name="[e5]"></a>GPIO_writePin</STRONG> (Thumb, 86 bytes, Stack size 24 bytes, et6x_gpio.o(.text.GPIO_writePin))
<BR><BR>[Stack]<UL><LI>Max Depth = 48<LI>Call Chain = GPIO_writePin &rArr; assert_failed &rArr; __2printf
</UL>
<BR>[Calls]<UL><LI><a href="#[c2]">&gt;&gt;</a>&nbsp;&nbsp;&nbsp;assert_failed
</UL>
<BR>[Called By]<UL><LI><a href="#[13a]">&gt;&gt;</a>&nbsp;&nbsp;&nbsp;R3_2_TIMx_UP_IRQHandler
<LI><a href="#[bf]">&gt;&gt;</a>&nbsp;&nbsp;&nbsp;TSK_HighFrequencyTask
<LI><a href="#[1bd]">&gt;&gt;</a>&nbsp;&nbsp;&nbsp;sd_gpio_init
<LI><a href="#[e0]">&gt;&gt;</a>&nbsp;&nbsp;&nbsp;Flag_init
<LI><a href="#[1b9]">&gt;&gt;</a>&nbsp;&nbsp;&nbsp;led_init
</UL>

<P><STRONG><a name="[16]"></a>HardFault_Handler</STRONG> (Thumb, 104 bytes, Stack size 0 bytes, mc_it.o(.text.HardFault_Handler))
<BR><BR>[Stack]<UL><LI>Max Depth = 80<LI>Call Chain = HardFault_Handler &rArr; UFCP_RX_IRQ_Handler &rArr; UFCP_Send &rArr; UART_enableInterrupt &rArr; assert_failed &rArr; __2printf
</UL>
<BR>[Calls]<UL><LI><a href="#[ee]">&gt;&gt;</a>&nbsp;&nbsp;&nbsp;UART_readCharBlockingNonFIFO
<LI><a href="#[ed]">&gt;&gt;</a>&nbsp;&nbsp;&nbsp;UFCP_TX_IRQ_Handler
<LI><a href="#[eb]">&gt;&gt;</a>&nbsp;&nbsp;&nbsp;UART_clearInterruptStatus
<LI><a href="#[ec]">&gt;&gt;</a>&nbsp;&nbsp;&nbsp;UFCP_OVR_IRQ_Handler
<LI><a href="#[ef]">&gt;&gt;</a>&nbsp;&nbsp;&nbsp;UFCP_RX_IRQ_Handler
<LI><a href="#[ea]">&gt;&gt;</a>&nbsp;&nbsp;&nbsp;UART_getInterruptStatus
<LI><a href="#[f0]">&gt;&gt;</a>&nbsp;&nbsp;&nbsp;UI_SerialCommunicationTimeOutStart
<LI><a href="#[e9]">&gt;&gt;</a>&nbsp;&nbsp;&nbsp;UI_SerialCommunicationTimeOutStop
<LI><a href="#[e8]">&gt;&gt;</a>&nbsp;&nbsp;&nbsp;TSK_HardwareFaultTask
</UL>
<BR>[Address Reference Count : 1]<UL><LI> startup_et6039.o(RESET)
</UL>
<P><STRONG><a name="[2e]"></a>I2C0_IC_IRQHandler</STRONG> (Thumb, 14 bytes, Stack size 0 bytes, et6x_interrupt.o(.text.I2C0_IC_IRQHandler))
<BR>[Address Reference Count : 1]<UL><LI> startup_et6039.o(RESET)
</UL>
<P><STRONG><a name="[2f]"></a>I2C1_IC_IRQHandler</STRONG> (Thumb, 14 bytes, Stack size 0 bytes, et6x_interrupt.o(.text.I2C1_IC_IRQHandler))
<BR>[Address Reference Count : 1]<UL><LI> startup_et6039.o(RESET)
</UL>
<P><STRONG><a name="[ae]"></a>Interrupt_defaultHandler</STRONG> (Thumb, 2 bytes, Stack size 0 bytes, et6x_interrupt.o(.text.Interrupt_defaultHandler))
<BR><BR>[Calls]<UL><LI><a href="#[ae]">&gt;&gt;</a>&nbsp;&nbsp;&nbsp;Interrupt_defaultHandler
</UL>
<BR>[Called By]<UL><LI><a href="#[ae]">&gt;&gt;</a>&nbsp;&nbsp;&nbsp;Interrupt_defaultHandler
</UL>
<BR>[Address Reference Count : 1]<UL><LI> main.o(.text.main)
</UL>
<P><STRONG><a name="[f1]"></a>MCI_Clear_Iqdref</STRONG> (Thumb, 14 bytes, Stack size 8 bytes, mc_interface.o(.text.MCI_Clear_Iqdref))
<BR><BR>[Stack]<UL><LI>Max Depth = 8<LI>Call Chain = MCI_Clear_Iqdref
</UL>
<BR>[Calls]<UL><LI><a href="#[f2]">&gt;&gt;</a>&nbsp;&nbsp;&nbsp;STC_GetDefaultIqdref
</UL>
<BR>[Called By]<UL><LI><a href="#[10d]">&gt;&gt;</a>&nbsp;&nbsp;&nbsp;UI_ExecCmd
</UL>

<P><STRONG><a name="[f3]"></a>MCI_EncoderAlign</STRONG> (Thumb, 8 bytes, Stack size 0 bytes, mc_interface.o(.text.MCI_EncoderAlign))
<BR><BR>[Stack]<UL><LI>Max Depth = 16<LI>Call Chain = MCI_EncoderAlign &rArr; STM_NextState &rArr; STM_FaultProcessing
</UL>
<BR>[Calls]<UL><LI><a href="#[f4]">&gt;&gt;</a>&nbsp;&nbsp;&nbsp;STM_NextState
</UL>
<BR>[Called By]<UL><LI><a href="#[10d]">&gt;&gt;</a>&nbsp;&nbsp;&nbsp;UI_ExecCmd
</UL>

<P><STRONG><a name="[f5]"></a>MCI_ExecBufferedCommands</STRONG> (Thumb, 122 bytes, Stack size 8 bytes, mc_interface.o(.text.MCI_ExecBufferedCommands))
<BR><BR>[Stack]<UL><LI>Max Depth = 24<LI>Call Chain = MCI_ExecBufferedCommands &rArr; STC_ExecRamp
</UL>
<BR>[Calls]<UL><LI><a href="#[f7]">&gt;&gt;</a>&nbsp;&nbsp;&nbsp;STC_ExecRamp
<LI><a href="#[f6]">&gt;&gt;</a>&nbsp;&nbsp;&nbsp;STC_SetControlMode
</UL>
<BR>[Called By]<UL><LI><a href="#[11c]">&gt;&gt;</a>&nbsp;&nbsp;&nbsp;TSK_MediumFrequencyTaskM1
</UL>

<P><STRONG><a name="[117]"></a>MCI_ExecSpeedRamp</STRONG> (Thumb, 16 bytes, Stack size 0 bytes, mc_interface.o(.text.MCI_ExecSpeedRamp))
<BR><BR>[Called By]<UL><LI><a href="#[10f]">&gt;&gt;</a>&nbsp;&nbsp;&nbsp;UI_ExecSpeedRamp
<LI><a href="#[10b]">&gt;&gt;</a>&nbsp;&nbsp;&nbsp;UI_SetReg
<LI><a href="#[11f]">&gt;&gt;</a>&nbsp;&nbsp;&nbsp;MCboot
<LI><a href="#[116]">&gt;&gt;</a>&nbsp;&nbsp;&nbsp;MC_ProgramSpeedRampMotor1
</UL>

<P><STRONG><a name="[191]"></a>MCI_ExecTorqueRamp</STRONG> (Thumb, 14 bytes, Stack size 0 bytes, mc_interface.o(.text.MCI_ExecTorqueRamp))
<BR><BR>[Called By]<UL><LI><a href="#[10e]">&gt;&gt;</a>&nbsp;&nbsp;&nbsp;UI_ExecTorqueRamp
<LI><a href="#[10b]">&gt;&gt;</a>&nbsp;&nbsp;&nbsp;UI_SetReg
</UL>

[...]
</UL>

<P><STRONG><a name="[179]"></a>VSS_TransitionEnded</STRONG> (Thumb, 6 bytes, Stack size 0 bytes, virtual_speed_sensor.o(.text.VSS_TransitionEnded))
<BR><BR>[Called By]<UL><LI><a href="#[11c]">&gt;&gt;</a>&nbsp;&nbsp;&nbsp;TSK_MediumFrequencyTaskM1
</UL>

<P><STRONG><a name="[2a]"></a>WDG0_IRQHandler</STRONG> (Thumb, 12 bytes, Stack size 0 bytes, et6x_interrupt.o(.text.WDG0_IRQHandler))
<BR>[Address Reference Count : 1]<UL><LI> startup_et6039.o(RESET)
</UL>
<P><STRONG><a name="[2b]"></a>WDG1_IRQHandler</STRONG> (Thumb, 12 bytes, Stack size 0 bytes, et6x_interrupt.o(.text.WDG1_IRQHandler))
<BR>[Address Reference Count : 1]<UL><LI> startup_et6039.o(RESET)
</UL>
<P><STRONG><a name="[9a]"></a>XBAR_INTR0_IRQHandler</STRONG> (Thumb, 14 bytes, Stack size 0 bytes, et6x_interrupt.o(.text.XBAR_INTR0_IRQHandler))
<BR>[Address Reference Count : 1]<UL><LI> startup_et6039.o(RESET)
</UL>
<P><STRONG><a name="[9b]"></a>XBAR_INTR1_IRQHandler</STRONG> (Thumb, 14 bytes, Stack size 0 bytes, et6x_interrupt.o(.text.XBAR_INTR1_IRQHandler))
<BR>[Address Reference Count : 1]<UL><LI> startup_et6039.o(RESET)
</UL>
<P><STRONG><a name="[9c]"></a>XBAR_INTR2_IRQHandler</STRONG> (Thumb, 14 bytes, Stack size 0 bytes, et6x_interrupt.o(.text.XBAR_INTR2_IRQHandler))
<BR>[Address Reference Count : 1]<UL><LI> startup_et6039.o(RESET)
</UL>
<P><STRONG><a name="[9d]"></a>XBAR_INTR3_IRQHandler</STRONG> (Thumb, 14 bytes, Stack size 0 bytes, et6x_interrupt.o(.text.XBAR_INTR3_IRQHandler))
<BR>[Address Reference Count : 1]<UL><LI> startup_et6039.o(RESET)
</UL>
<P><STRONG><a name="[9e]"></a>XBAR_INTR4_IRQHandler</STRONG> (Thumb, 14 bytes, Stack size 0 bytes, et6x_interrupt.o(.text.XBAR_INTR4_IRQHandler))
<BR>[Address Reference Count : 1]<UL><LI> startup_et6039.o(RESET)
</UL>
<P><STRONG><a name="[d0]"></a>arm_cm_delay_asm</STRONG> (Thumb, 20 bytes, Stack size 12 bytes, et6x_cortex.o(.text.arm_cm_delay_asm))
<BR><BR>[Stack]<UL><LI>Max Depth = 12<LI>Call Chain = arm_cm_delay_asm
</UL>
<BR>[Called By]<UL><LI><a href="#[cf]">&gt;&gt;</a>&nbsp;&nbsp;&nbsp;CRG_setClockDivConfig
<LI><a href="#[d2]">&gt;&gt;</a>&nbsp;&nbsp;&nbsp;CRG_setPLLConfig
<LI><a href="#[a0]">&gt;&gt;</a>&nbsp;&nbsp;&nbsp;SystemInit
</UL>

<P><STRONG><a name="[c2]"></a>assert_failed</STRONG> (Thumb, 16 bytes, Stack size 0 bytes, main.o(.text.assert_failed))
<BR><BR>[Stack]<UL><LI>Max Depth = 24<LI>Call Chain = assert_failed &rArr; __2printf
</UL>
<BR>[Calls]<UL><LI><a href="#[1b6]">&gt;&gt;</a>&nbsp;&nbsp;&nbsp;__2printf
</UL>
<BR>[Called By]<UL><LI><a href="#[165]">&gt;&gt;</a>&nbsp;&nbsp;&nbsp;UART_isSpaceAvailableNonFIFO
<LI><a href="#[ee]">&gt;&gt;</a>&nbsp;&nbsp;&nbsp;UART_readCharBlockingNonFIFO
<LI><a href="#[eb]">&gt;&gt;</a>&nbsp;&nbsp;&nbsp;UART_clearInterruptStatus
<LI><a href="#[188]">&gt;&gt;</a>&nbsp;&nbsp;&nbsp;UART_readCharNonBlocking
<LI><a href="#[ea]">&gt;&gt;</a>&nbsp;&nbsp;&nbsp;UART_getInterruptStatus
<LI><a href="#[139]">&gt;&gt;</a>&nbsp;&nbsp;&nbsp;SRPWM_clearInterruptStatus
<LI><a href="#[138]">&gt;&gt;</a>&nbsp;&nbsp;&nbsp;SRPWM_getInterruptStatus
<LI><a href="#[bc]">&gt;&gt;</a>&nbsp;&nbsp;&nbsp;ADC_getInterruptStatus
<LI><a href="#[186]">&gt;&gt;</a>&nbsp;&nbsp;&nbsp;UART_enableInterrupt
<LI><a href="#[185]">&gt;&gt;</a>&nbsp;&nbsp;&nbsp;UART_enableFIFO
<LI><a href="#[189]">&gt;&gt;</a>&nbsp;&nbsp;&nbsp;UART_setConfig
<LI><a href="#[187]">&gt;&gt;</a>&nbsp;&nbsp;&nbsp;UART_performSoftwareReset
<LI><a href="#[18a]">&gt;&gt;</a>&nbsp;&nbsp;&nbsp;UART_writeCharBlockingNonFIFO
<LI><a href="#[13b]">&gt;&gt;</a>&nbsp;&nbsp;&nbsp;SRPWMCOM_forcePSTPOutState
<LI><a href="#[13f]">&gt;&gt;</a>&nbsp;&nbsp;&nbsp;SRPWMCOM_enable
<LI><a href="#[141]">&gt;&gt;</a>&nbsp;&nbsp;&nbsp;SRPWM_enableInterrupt
<LI><a href="#[140]">&gt;&gt;</a>&nbsp;&nbsp;&nbsp;SRPWM_enableEvtInterrupt
<LI><a href="#[142]">&gt;&gt;</a>&nbsp;&nbsp;&nbsp;SRPWM_setADCTriggerSource
<LI><a href="#[bd]">&gt;&gt;</a>&nbsp;&nbsp;&nbsp;SRPWM_clearADCTriggerSource
<LI><a href="#[13d]">&gt;&gt;</a>&nbsp;&nbsp;&nbsp;SRPWM_setCounterCompareValue
<LI><a href="#[14f]">&gt;&gt;</a>&nbsp;&nbsp;&nbsp;SRPWM_disableHRPWMBypass
<LI><a href="#[152]">&gt;&gt;</a>&nbsp;&nbsp;&nbsp;SRPWM_initPSTP
<LI><a href="#[151]">&gt;&gt;</a>&nbsp;&nbsp;&nbsp;SRPWM_initDB
<LI><a href="#[14e]">&gt;&gt;</a>&nbsp;&nbsp;&nbsp;SRPWMCOM_selectSyncToSRPWM
<LI><a href="#[154]">&gt;&gt;</a>&nbsp;&nbsp;&nbsp;SRPWM_selectSyncOut
<LI><a href="#[155]">&gt;&gt;</a>&nbsp;&nbsp;&nbsp;SRPWM_setPG
<LI><a href="#[150]">&gt;&gt;</a>&nbsp;&nbsp;&nbsp;SRPWM_initCMP
<LI><a href="#[153]">&gt;&gt;</a>&nbsp;&nbsp;&nbsp;SRPWM_initTB
<LI><a href="#[cc]">&gt;&gt;</a>&nbsp;&nbsp;&nbsp;ADC_unmaskInterrupt
<LI><a href="#[c5]">&gt;&gt;</a>&nbsp;&nbsp;&nbsp;ADC_enableInterrupt
<LI><a href="#[ca]">&gt;&gt;</a>&nbsp;&nbsp;&nbsp;ADC_setPriorityMode
<LI><a href="#[c9]">&gt;&gt;</a>&nbsp;&nbsp;&nbsp;ADC_remapSingleAC
<LI><a href="#[c8]">&gt;&gt;</a>&nbsp;&nbsp;&nbsp;ADC_init
<LI><a href="#[cb]">&gt;&gt;</a>&nbsp;&nbsp;&nbsp;ADC_startCalibration
<LI><a href="#[e6]">&gt;&gt;</a>&nbsp;&nbsp;&nbsp;GPIO_readPin
<LI><a href="#[e4]">&gt;&gt;</a>&nbsp;&nbsp;&nbsp;GPIO_setPortDirectionMode
<LI><a href="#[e3]">&gt;&gt;</a>&nbsp;&nbsp;&nbsp;GPIO_setPinConfig
<LI><a href="#[e2]">&gt;&gt;</a>&nbsp;&nbsp;&nbsp;GPIO_setPadConfig
<LI><a href="#[e1]">&gt;&gt;</a>&nbsp;&nbsp;&nbsp;GPIO_initPadConfigStruct
<LI><a href="#[c6]">&gt;&gt;</a>&nbsp;&nbsp;&nbsp;ADC_getFilterResult
<LI><a href="#[c7]">&gt;&gt;</a>&nbsp;&nbsp;&nbsp;ADC_getFilterResultStatus
<LI><a href="#[c1]">&gt;&gt;</a>&nbsp;&nbsp;&nbsp;ADC_clearFilterStatus
<LI><a href="#[c4]">&gt;&gt;</a>&nbsp;&nbsp;&nbsp;ADC_enable
<LI><a href="#[be]">&gt;&gt;</a>&nbsp;&nbsp;&nbsp;ADC_clearInterruptStatus
<LI><a href="#[e5]">&gt;&gt;</a>&nbsp;&nbsp;&nbsp;GPIO_writePin
<LI><a href="#[e7]">&gt;&gt;</a>&nbsp;&nbsp;&nbsp;GPIO_togglePin
<LI><a href="#[d9]">&gt;&gt;</a>&nbsp;&nbsp;&nbsp;DWT_delay_us
<LI><a href="#[d4]">&gt;&gt;</a>&nbsp;&nbsp;&nbsp;DAC_setValue
<LI><a href="#[d8]">&gt;&gt;</a>&nbsp;&nbsp;&nbsp;DAC_enableOutput
<LI><a href="#[d7]">&gt;&gt;</a>&nbsp;&nbsp;&nbsp;DAC_setTriggerSource
<LI><a href="#[d6]">&gt;&gt;</a>&nbsp;&nbsp;&nbsp;DAC_setReferenceVoltage
<LI><a href="#[d5]">&gt;&gt;</a>&nbsp;&nbsp;&nbsp;DAC_configTriggerMode
<LI><a href="#[d1]">&gt;&gt;</a>&nbsp;&nbsp;&nbsp;CRG_setClockOutSource
<LI><a href="#[18b]">&gt;&gt;</a>&nbsp;&nbsp;&nbsp;UART_writeCharNonBlocking
<LI><a href="#[184]">&gt;&gt;</a>&nbsp;&nbsp;&nbsp;UART_disableInterrupt
<LI><a href="#[c3]">&gt;&gt;</a>&nbsp;&nbsp;&nbsp;ADC_disable
<LI><a href="#[13e]">&gt;&gt;</a>&nbsp;&nbsp;&nbsp;SRPWMCOM_disable
</UL>

<P><STRONG><a name="[b2]"></a>fputc</STRONG> (Thumb, 20 bytes, Stack size 8 bytes, init_config.o(.text.fputc))
<BR><BR>[Stack]<UL><LI>Max Depth = 48<LI>Call Chain = fputc &rArr; UART_writeCharBlockingNonFIFO &rArr; assert_failed &rArr; __2printf
</UL>
<BR>[Calls]<UL><LI><a href="#[18a]">&gt;&gt;</a>&nbsp;&nbsp;&nbsp;UART_writeCharBlockingNonFIFO
</UL>
<BR>[Called By]<UL><LI><a href="#[1bf]">&gt;&gt;</a>&nbsp;&nbsp;&nbsp;puts
</UL>
<BR>[Address Reference Count : 1]<UL><LI> printf4.o(i.__0printf$4)
</UL>
<P><STRONG><a name="[145]"></a>getScalingFactor</STRONG> (Thumb, 108 bytes, Stack size 8 bytes, ramp_ext_mngr.o(.text.getScalingFactor))
<BR><BR>[Stack]<UL><LI>Max Depth = 8<LI>Call Chain = getScalingFactor
</UL>
<BR>[Called By]<UL><LI><a href="#[144]">&gt;&gt;</a>&nbsp;&nbsp;&nbsp;REMNG_ExecRamp
</UL>

<P><STRONG><a name="[1b7]"></a>key_init</STRONG> (Thumb, 76 bytes, Stack size 16 bytes, key.o(.text.key_init))
<BR><BR>[Stack]<UL><LI>Max Depth = 72<LI>Call Chain = key_init &rArr; GPIO_setPinConfig &rArr; assert_failed &rArr; __2printf
</UL>
<BR>[Calls]<UL><LI><a href="#[e4]">&gt;&gt;</a>&nbsp;&nbsp;&nbsp;GPIO_setPortDirectionMode
<LI><a href="#[e3]">&gt;&gt;</a>&nbsp;&nbsp;&nbsp;GPIO_setPinConfig
<LI><a href="#[e2]">&gt;&gt;</a>&nbsp;&nbsp;&nbsp;GPIO_setPadConfig
<LI><a href="#[e1]">&gt;&gt;</a>&nbsp;&nbsp;&nbsp;GPIO_initPadConfigStruct
</UL>
<BR>[Called By]<UL><LI><a href="#[9f]">&gt;&gt;</a>&nbsp;&nbsp;&nbsp;main
</UL>

<P><STRONG><a name="[1b8]"></a>key_scan</STRONG> (Thumb, 116 bytes, Stack size 8 bytes, key.o(.text.key_scan))
<BR><BR>[Stack]<UL><LI>Max Depth = 64<LI>Call Chain = key_scan &rArr; DWT_delay_us &rArr; __aeabi_uldivmod
</UL>
<BR>[Calls]<UL><LI><a href="#[e6]">&gt;&gt;</a>&nbsp;&nbsp;&nbsp;GPIO_readPin
<LI><a href="#[d9]">&gt;&gt;</a>&nbsp;&nbsp;&nbsp;DWT_delay_us
</UL>
<BR>[Called By]<UL><LI><a href="#[9f]">&gt;&gt;</a>&nbsp;&nbsp;&nbsp;main
</UL>

<P><STRONG><a name="[1b9]"></a>led_init</STRONG> (Thumb, 60 bytes, Stack size 16 bytes, key.o(.text.led_init))
<BR><BR>[Stack]<UL><LI>Max Depth = 72<LI>Call Chain = led_init &rArr; GPIO_setPinConfig &rArr; assert_failed &rArr; __2printf
</UL>
<BR>[Calls]<UL><LI><a href="#[e4]">&gt;&gt;</a>&nbsp;&nbsp;&nbsp;GPIO_setPortDirectionMode
<LI><a href="#[e3]">&gt;&gt;</a>&nbsp;&nbsp;&nbsp;GPIO_setPinConfig
<LI><a href="#[e2]">&gt;&gt;</a>&nbsp;&nbsp;&nbsp;GPIO_setPadConfig
<LI><a href="#[e1]">&gt;&gt;</a>&nbsp;&nbsp;&nbsp;GPIO_initPadConfigStruct
<LI><a href="#[e5]">&gt;&gt;</a>&nbsp;&nbsp;&nbsp;GPIO_writePin
</UL>
<BR>[Called By]<UL><LI><a href="#[9f]">&gt;&gt;</a>&nbsp;&nbsp;&nbsp;main
</UL>

<P><STRONG><a name="[9f]"></a>main</STRONG> (Thumb, 424 bytes, Stack size 0 bytes, main.o(.text.main))
<BR><BR>[Stack]<UL><LI>Max Depth = 200<LI>Call Chain = main &rArr; user_srpwm_init &rArr; GPIO_setPinConfig &rArr; assert_failed &rArr; __2printf
</UL>
<BR>[Calls]<UL><LI><a href="#[11e]">&gt;&gt;</a>&nbsp;&nbsp;&nbsp;MC_StopMotor1
<LI><a href="#[1b8]">&gt;&gt;</a>&nbsp;&nbsp;&nbsp;key_scan
<LI><a href="#[e7]">&gt;&gt;</a>&nbsp;&nbsp;&nbsp;GPIO_togglePin
<LI><a href="#[d9]">&gt;&gt;</a>&nbsp;&nbsp;&nbsp;DWT_delay_us
<LI><a href="#[115]">&gt;&gt;</a>&nbsp;&nbsp;&nbsp;MC_GetMecSpeedAverageMotor1
<LI><a href="#[116]">&gt;&gt;</a>&nbsp;&nbsp;&nbsp;MC_ProgramSpeedRampMotor1
<LI><a href="#[11d]">&gt;&gt;</a>&nbsp;&nbsp;&nbsp;MC_StartMotor1
<LI><a href="#[1be]">&gt;&gt;</a>&nbsp;&nbsp;&nbsp;MX_NVIC_Init
<LI><a href="#[12d]">&gt;&gt;</a>&nbsp;&nbsp;&nbsp;MX_MotorControl_Init
<LI><a href="#[1b7]">&gt;&gt;</a>&nbsp;&nbsp;&nbsp;key_init
<LI><a href="#[1bd]">&gt;&gt;</a>&nbsp;&nbsp;&nbsp;sd_gpio_init
<LI><a href="#[1bc]">&gt;&gt;</a>&nbsp;&nbsp;&nbsp;user_uart_init
<LI><a href="#[1bb]">&gt;&gt;</a>&nbsp;&nbsp;&nbsp;user_srpwm_init
<LI><a href="#[1ba]">&gt;&gt;</a>&nbsp;&nbsp;&nbsp;user_adc_init
<LI><a href="#[e0]">&gt;&gt;</a>&nbsp;&nbsp;&nbsp;Flag_init
<LI><a href="#[1b9]">&gt;&gt;</a>&nbsp;&nbsp;&nbsp;led_init
<LI><a href="#[166]">&gt;&gt;</a>&nbsp;&nbsp;&nbsp;SystemCoreClockUpdate
<LI><a href="#[1b6]">&gt;&gt;</a>&nbsp;&nbsp;&nbsp;__2printf
<LI><a href="#[1bf]">&gt;&gt;</a>&nbsp;&nbsp;&nbsp;puts
</UL>
<BR>[Address Reference Count : 1]<UL><LI> entry9a.o(.ARM.Collect$$$$0000000B)
</UL>
<P><STRONG><a name="[1bd]"></a>sd_gpio_init</STRONG> (Thumb, 62 bytes, Stack size 16 bytes, init_config.o(.text.sd_gpio_init))
<BR><BR>[Stack]<UL><LI>Max Depth = 72<LI>Call Chain = sd_gpio_init &rArr; GPIO_setPinConfig &rArr; assert_failed &rArr; __2printf
</UL>
<BR>[Calls]<UL><LI><a href="#[e4]">&gt;&gt;</a>&nbsp;&nbsp;&nbsp;GPIO_setPortDirectionMode
<LI><a href="#[e3]">&gt;&gt;</a>&nbsp;&nbsp;&nbsp;GPIO_setPinConfig
<LI><a href="#[e2]">&gt;&gt;</a>&nbsp;&nbsp;&nbsp;GPIO_setPadConfig
<LI><a href="#[e1]">&gt;&gt;</a>&nbsp;&nbsp;&nbsp;GPIO_initPadConfigStruct
<LI><a href="#[e5]">&gt;&gt;</a>&nbsp;&nbsp;&nbsp;GPIO_writePin
</UL>
<BR>[Called By]<UL><LI><a href="#[9f]">&gt;&gt;</a>&nbsp;&nbsp;&nbsp;main
</UL>

<P><STRONG><a name="[1ba]"></a>user_adc_init</STRONG> (Thumb, 344 bytes, Stack size 48 bytes, init_config.o(.text.user_adc_init))
<BR><BR>[Stack]<UL><LI>Max Depth = 112<LI>Call Chain = user_adc_init &rArr; ADC_init &rArr; assert_failed &rArr; __2printf
</UL>
<BR>[Calls]<UL><LI><a href="#[cc]">&gt;&gt;</a>&nbsp;&nbsp;&nbsp;ADC_unmaskInterrupt
<LI><a href="#[c5]">&gt;&gt;</a>&nbsp;&nbsp;&nbsp;ADC_enableInterrupt
<LI><a href="#[ca]">&gt;&gt;</a>&nbsp;&nbsp;&nbsp;ADC_setPriorityMode
<LI><a href="#[1c1]">&gt;&gt;</a>&nbsp;&nbsp;&nbsp;SYSCTRL_selectAnalogPinMux
<LI><a href="#[c9]">&gt;&gt;</a>&nbsp;&nbsp;&nbsp;ADC_remapSingleAC
<LI><a href="#[c8]">&gt;&gt;</a>&nbsp;&nbsp;&nbsp;ADC_init
<LI><a href="#[1c0]">&gt;&gt;</a>&nbsp;&nbsp;&nbsp;ADC_initStruct
<LI><a href="#[cb]">&gt;&gt;</a>&nbsp;&nbsp;&nbsp;ADC_startCalibration
<LI><a href="#[c4]">&gt;&gt;</a>&nbsp;&nbsp;&nbsp;ADC_enable
</UL>
<BR>[Called By]<UL><LI><a href="#[9f]">&gt;&gt;</a>&nbsp;&nbsp;&nbsp;main
</UL>

<P><STRONG><a name="[1bb]"></a>user_srpwm_init</STRONG> (Thumb, 952 bytes, Stack size 144 bytes, init_config.o(.text.user_srpwm_init))
<BR><BR>[Stack]<UL><LI>Max Depth = 200<LI>Call Chain = user_srpwm_init &rArr; GPIO_setPinConfig &rArr; assert_failed &rArr; __2printf
</UL>
<BR>[Calls]<UL><LI><a href="#[13b]">&gt;&gt;</a>&nbsp;&nbsp;&nbsp;SRPWMCOM_forcePSTPOutState
<LI><a href="#[13f]">&gt;&gt;</a>&nbsp;&nbsp;&nbsp;SRPWMCOM_enable
<LI><a href="#[141]">&gt;&gt;</a>&nbsp;&nbsp;&nbsp;SRPWM_enableInterrupt
<LI><a href="#[140]">&gt;&gt;</a>&nbsp;&nbsp;&nbsp;SRPWM_enableEvtInterrupt
<LI><a href="#[1c6]">&gt;&gt;</a>&nbsp;&nbsp;&nbsp;SRPWMCOM_configADCTriggerMux
<LI><a href="#[142]">&gt;&gt;</a>&nbsp;&nbsp;&nbsp;SRPWM_setADCTriggerSource
<LI><a href="#[bd]">&gt;&gt;</a>&nbsp;&nbsp;&nbsp;SRPWM_clearADCTriggerSource
<LI><a href="#[13d]">&gt;&gt;</a>&nbsp;&nbsp;&nbsp;SRPWM_setCounterCompareValue
<LI><a href="#[14f]">&gt;&gt;</a>&nbsp;&nbsp;&nbsp;SRPWM_disableHRPWMBypass
<LI><a href="#[152]">&gt;&gt;</a>&nbsp;&nbsp;&nbsp;SRPWM_initPSTP
<LI><a href="#[1c5]">&gt;&gt;</a>&nbsp;&nbsp;&nbsp;SRPWM_initPSTPStruct
<LI><a href="#[151]">&gt;&gt;</a>&nbsp;&nbsp;&nbsp;SRPWM_initDB
<LI><a href="#[1c4]">&gt;&gt;</a>&nbsp;&nbsp;&nbsp;SRPWM_initDBStruct
<LI><a href="#[14e]">&gt;&gt;</a>&nbsp;&nbsp;&nbsp;SRPWMCOM_selectSyncToSRPWM
<LI><a href="#[154]">&gt;&gt;</a>&nbsp;&nbsp;&nbsp;SRPWM_selectSyncOut
<LI><a href="#[155]">&gt;&gt;</a>&nbsp;&nbsp;&nbsp;SRPWM_setPG
<LI><a href="#[150]">&gt;&gt;</a>&nbsp;&nbsp;&nbsp;SRPWM_initCMP
<LI><a href="#[1c3]">&gt;&gt;</a>&nbsp;&nbsp;&nbsp;SRPWM_initCMPStruct
<LI><a href="#[153]">&gt;&gt;</a>&nbsp;&nbsp;&nbsp;SRPWM_initTB
<LI><a href="#[1c2]">&gt;&gt;</a>&nbsp;&nbsp;&nbsp;SRPWM_initTBStruct
<LI><a href="#[e3]">&gt;&gt;</a>&nbsp;&nbsp;&nbsp;GPIO_setPinConfig
<LI><a href="#[e2]">&gt;&gt;</a>&nbsp;&nbsp;&nbsp;GPIO_setPadConfig
<LI><a href="#[e1]">&gt;&gt;</a>&nbsp;&nbsp;&nbsp;GPIO_initPadConfigStruct
</UL>
<BR>[Called By]<UL><LI><a href="#[9f]">&gt;&gt;</a>&nbsp;&nbsp;&nbsp;main
</UL>

<P><STRONG><a name="[1bc]"></a>user_uart_init</STRONG> (Thumb, 118 bytes, Stack size 16 bytes, init_config.o(.text.user_uart_init))
<BR><BR>[Stack]<UL><LI>Max Depth = 72<LI>Call Chain = user_uart_init &rArr; GPIO_setPinConfig &rArr; assert_failed &rArr; __2printf
</UL>
<BR>[Calls]<UL><LI><a href="#[186]">&gt;&gt;</a>&nbsp;&nbsp;&nbsp;UART_enableInterrupt
<LI><a href="#[185]">&gt;&gt;</a>&nbsp;&nbsp;&nbsp;UART_enableFIFO
<LI><a href="#[189]">&gt;&gt;</a>&nbsp;&nbsp;&nbsp;UART_setConfig
<LI><a href="#[187]">&gt;&gt;</a>&nbsp;&nbsp;&nbsp;UART_performSoftwareReset
<LI><a href="#[e3]">&gt;&gt;</a>&nbsp;&nbsp;&nbsp;GPIO_setPinConfig
<LI><a href="#[e2]">&gt;&gt;</a>&nbsp;&nbsp;&nbsp;GPIO_setPadConfig
<LI><a href="#[e1]">&gt;&gt;</a>&nbsp;&nbsp;&nbsp;GPIO_initPadConfigStruct
</UL>
<BR>[Called By]<UL><LI><a href="#[9f]">&gt;&gt;</a>&nbsp;&nbsp;&nbsp;main
</UL>

<P><STRONG><a name="[13c]"></a>waitForPolarizationEnd</STRONG> (Thumb, 106 bytes, Stack size 24 bytes, pwm_common.o(.text.waitForPolarizationEnd))
<BR><BR>[Stack]<UL><LI>Max Depth = 64<LI>Call Chain = waitForPolarizationEnd &rArr; SRPWM_clearInterruptStatus &rArr; assert_failed &rArr; __2printf
</UL>
<BR>[Calls]<UL><LI><a href="#[139]">&gt;&gt;</a>&nbsp;&nbsp;&nbsp;SRPWM_clearInterruptStatus
<LI><a href="#[138]">&gt;&gt;</a>&nbsp;&nbsp;&nbsp;SRPWM_getInterruptStatus
</UL>
<BR>[Called By]<UL><LI><a href="#[3]">&gt;&gt;</a>&nbsp;&nbsp;&nbsp;R3_2_CurrentReadingCalibration
</UL>

<P><STRONG><a name="[1c7]"></a>__0printf$4</STRONG> (Thumb, 22 bytes, Stack size 24 bytes, printf4.o(i.__0printf$4), UNUSED)
<BR><BR>[Calls]<UL><LI><a href="#[1c8]">&gt;&gt;</a>&nbsp;&nbsp;&nbsp;_printf_core
</UL>

<P><STRONG><a name="[1d9]"></a>__1printf$4</STRONG> (Thumb, 0 bytes, Stack size 24 bytes, printf4.o(i.__0printf$4), UNUSED)

<P><STRONG><a name="[1b6]"></a>__2printf</STRONG> (Thumb, 0 bytes, Stack size 24 bytes, printf4.o(i.__0printf$4))
<BR><BR>[Stack]<UL><LI>Max Depth = 24<LI>Call Chain = __2printf
</UL>
<BR>[Called By]<UL><LI><a href="#[9f]">&gt;&gt;</a>&nbsp;&nbsp;&nbsp;main
<LI><a href="#[c2]">&gt;&gt;</a>&nbsp;&nbsp;&nbsp;assert_failed
</UL>

<P><STRONG><a name="[1da]"></a>__scatterload_copy</STRONG> (Thumb, 14 bytes, Stack size unknown bytes, handlers.o(i.__scatterload_copy), UNUSED)

<P><STRONG><a name="[1db]"></a>__scatterload_null</STRONG> (Thumb, 2 bytes, Stack size unknown bytes, handlers.o(i.__scatterload_null), UNUSED)

<P><STRONG><a name="[1dc]"></a>__scatterload_zeroinit</STRONG> (Thumb, 14 bytes, Stack size unknown bytes, handlers.o(i.__scatterload_zeroinit), UNUSED)

<P><STRONG><a name="[1bf]"></a>puts</STRONG> (Thumb, 30 bytes, Stack size 8 bytes, puts.o(i.puts))
<BR><BR>[Stack]<UL><LI>Max Depth = 56<LI>Call Chain = puts &rArr; fputc &rArr; UART_writeCharBlockingNonFIFO &rArr; assert_failed &rArr; __2printf
</UL>
<BR>[Calls]<UL><LI><a href="#[b2]">&gt;&gt;</a>&nbsp;&nbsp;&nbsp;fputc
</UL>
<BR>[Called By]<UL><LI><a href="#[9f]">&gt;&gt;</a>&nbsp;&nbsp;&nbsp;main
</UL>
<P>
<H3>
Local Symbols
</H3>
<P><STRONG><a name="[a8]"></a>R3_2_RLTurnOnLowSides</STRONG> (Thumb, 56 bytes, Stack size 8 bytes, r3_2_f4xx_pwm_curr_fdbk.o(.text.R3_2_RLTurnOnLowSides))
<BR><BR>[Stack]<UL><LI>Max Depth = 48<LI>Call Chain = R3_2_RLTurnOnLowSides &rArr; SRPWM_clearInterruptStatus &rArr; assert_failed &rArr; __2printf
</UL>
<BR>[Calls]<UL><LI><a href="#[139]">&gt;&gt;</a>&nbsp;&nbsp;&nbsp;SRPWM_clearInterruptStatus
<LI><a href="#[138]">&gt;&gt;</a>&nbsp;&nbsp;&nbsp;SRPWM_getInterruptStatus
<LI><a href="#[13f]">&gt;&gt;</a>&nbsp;&nbsp;&nbsp;SRPWMCOM_enable
<LI><a href="#[13d]">&gt;&gt;</a>&nbsp;&nbsp;&nbsp;SRPWM_setCounterCompareValue
</UL>
<BR>[Address Reference Count : 1]<UL><LI> r3_2_f4xx_pwm_curr_fdbk.o(.text.R3_2_RLDetectionModeEnable)
</UL>
<P><STRONG><a name="[a9]"></a>R3_2_RLGetPhaseCurrents</STRONG> (Thumb, 82 bytes, Stack size 16 bytes, r3_2_f4xx_pwm_curr_fdbk.o(.text.R3_2_RLGetPhaseCurrents))
<BR><BR>[Stack]<UL><LI>Max Depth = 56<LI>Call Chain = R3_2_RLGetPhaseCurrents &rArr; SRPWM_clearADCTriggerSource &rArr; assert_failed &rArr; __2printf
</UL>
<BR>[Calls]<UL><LI><a href="#[bd]">&gt;&gt;</a>&nbsp;&nbsp;&nbsp;SRPWM_clearADCTriggerSource
</UL>
<BR>[Address Reference Count : 1]<UL><LI> r3_2_f4xx_pwm_curr_fdbk.o(.text.R3_2_RLDetectionModeEnable)
</UL>
<P><STRONG><a name="[aa]"></a>R3_2_RLSwitchOnPWM</STRONG> (Thumb, 128 bytes, Stack size 16 bytes, r3_2_f4xx_pwm_curr_fdbk.o(.text.R3_2_RLSwitchOnPWM))
<BR><BR>[Stack]<UL><LI>Max Depth = 56<LI>Call Chain = R3_2_RLSwitchOnPWM &rArr; SRPWM_clearInterruptStatus &rArr; assert_failed &rArr; __2printf
</UL>
<BR>[Calls]<UL><LI><a href="#[139]">&gt;&gt;</a>&nbsp;&nbsp;&nbsp;SRPWM_clearInterruptStatus
<LI><a href="#[138]">&gt;&gt;</a>&nbsp;&nbsp;&nbsp;SRPWM_getInterruptStatus
<LI><a href="#[13f]">&gt;&gt;</a>&nbsp;&nbsp;&nbsp;SRPWMCOM_enable
<LI><a href="#[141]">&gt;&gt;</a>&nbsp;&nbsp;&nbsp;SRPWM_enableInterrupt
<LI><a href="#[140]">&gt;&gt;</a>&nbsp;&nbsp;&nbsp;SRPWM_enableEvtInterrupt
<LI><a href="#[13d]">&gt;&gt;</a>&nbsp;&nbsp;&nbsp;SRPWM_setCounterCompareValue
</UL>
<BR>[Address Reference Count : 1]<UL><LI> r3_2_f4xx_pwm_curr_fdbk.o(.text.R3_2_RLDetectionModeEnable)
</UL>
<P><STRONG><a name="[1c8]"></a>_printf_core</STRONG> (Thumb, 552 bytes, Stack size 96 bytes, printf4.o(i._printf_core), UNUSED)
<BR><BR>[Calls]<UL><LI><a href="#[b5]">&gt;&gt;</a>&nbsp;&nbsp;&nbsp;__aeabi_uldivmod
</UL>
<BR>[Called By]<UL><LI><a href="#[1c7]">&gt;&gt;</a>&nbsp;&nbsp;&nbsp;__0printf$4
</UL>
<P>
<H3>
Undefined Global Symbols
</H3><HR></body></html>
