*** Using Compiler 'V6.24', folder: 'D:\Keil_v5\ARM\ARMCLANG\Bin'
Build target 'FLASH'
compiling mc_parameters.c...
compiling mc_config.c...
compiling motorcontrol.c...
compiling main.c...
compiling regular_conversion_manager.c...
compiling mc_api.c...
compiling dac_ui.c...
compiling mc_interface.c...
compiling mc_math.c...
compiling mc_tasks.c...
compiling motor_control_protocol.c...
compiling ui_task.c...
compiling bus_voltage_sensor.c...
compiling init_config.c...
compiling motor_power_measurement.c...
compiling circle_limitation.c...
compiling key.c...
compiling ntc_temperature_sensor.c...
compiling digital_output.c...
compiling open_loop.c...
compiling mc_it.c...
compiling user_interface.c...
compiling pid_regulator.c...
compiling pqd_motor_power_measurement.c...
compiling pwm_common.c...
compiling ramp_ext_mngr.c...
compiling virtual_speed_sensor.c...
compiling r_divider_bus_voltage_sensor.c...
compiling pwm_curr_fdbk.c...
compiling state_machine.c...
compiling speed_torq_ctrl.c...
compiling speed_pos_fdbk.c...
compiling revup_ctrl.c...
compiling ui_irq_handler.c...
compiling r3_2_f4xx_pwm_curr_fdbk.c...
compiling dac_common_ui.c...
compiling usart_frame_communication_protocol.c...
compiling frame_communication_protocol.c...
compiling sto_pll_speed_pos_fdbk.c...
linking...
Program Size: Code=35412 RO-data=1904 RW-data=1804 ZI-data=3164  
FromELF: creating hex file...
After Build - User command #1: D:\Keil_v5\\ARM\ARMCLANG\bin\fromelf.exe --bin --output=bldc.bin .\Objects\bldc.axf
".\Objects\bldc.axf" - 0 Error(s), 0 Warning(s).
Build Time Elapsed:  00:00:07
