*** Using Compiler 'V6.24', folder: 'D:\Keil_v5\ARM\ARMCLANG\Bin'
Rebuild target 'FLASH'
compiling mc_config.c...
compiling mc_parameters.c...
compiling motorcontrol.c...
compiling dac_ui.c...
compiling regular_conversion_manager.c...
compiling mc_math.c...
compiling mc_api.c...
compiling main.c...
compiling mc_interface.c...
compiling mc_tasks.c...
compiling motor_control_protocol.c...
compiling key.c...
compiling ui_task.c...
compiling bus_voltage_sensor.c...
compiling circle_limitation.c...
compiling digital_output.c...
compiling open_loop.c...
compiling motor_power_measurement.c...
compiling ntc_temperature_sensor.c...
compiling init_config.c...
compiling user_interface.c...
compiling mc_it.c...
compiling pid_regulator.c...
compiling pqd_motor_power_measurement.c...
compiling pwm_common.c...
compiling speed_pos_fdbk.c...
compiling ramp_ext_mngr.c...
compiling pwm_curr_fdbk.c...
compiling r_divider_bus_voltage_sensor.c...
compiling revup_ctrl.c...
compiling state_machine.c...
compiling speed_torq_ctrl.c...
compiling virtual_speed_sensor.c...
compiling ui_irq_handler.c...
compiling r3_2_f4xx_pwm_curr_fdbk.c...
compiling usart_frame_communication_protocol.c...
compiling dac_common_ui.c...
compiling frame_communication_protocol.c...
compiling et6x_cortex.c...
compiling et6x_aes.c...
compiling sto_pll_speed_pos_fdbk.c...
compiling et6x_acmp.c...
compiling et6x_crc.c...
compiling et6x_ahbdma.c...
compiling et6x_dac.c...
compiling et6x_crg.c...
compiling et6x_adc.c...
compiling et6x_eqep.c...
compiling et6x_flash.c...
compiling et6x_gpio.c...
compiling et6x_i2c.c...
compiling et6x_interrupt.c...
compiling et6x_etimer.c...
compiling et6x_stimer.c...
compiling et6x_sysctrl.c...
compiling et6x_uart.c...
compiling et6x_wdg.c...
compiling et6x_spi.c...
compiling system_et6x.c...
assembling startup_et6039.s...
compiling et6x_xbar.c...
compiling et6x_srpwm.c...
linking...
Program Size: Code=35620 RO-data=1904 RW-data=1804 ZI-data=3164  
FromELF: creating hex file...
After Build - User command #1: D:\Keil_v5\\ARM\ARMCLANG\bin\fromelf.exe --bin --output=bldc.bin .\Objects\bldc.axf
".\Objects\bldc.axf" - 0 Error(s), 0 Warning(s).
Build Time Elapsed:  00:00:07
