Component: Arm Compiler for Embedded 6.24 Tool: armlink [5f371500]

==============================================================================

Section Cross References

    dac_ui.o(.text.DAC_Init) refers to et6x_dac.o(.text.DAC_configTriggerMode) for DAC_configTriggerMode
    dac_ui.o(.text.DAC_Init) refers to et6x_dac.o(.text.DAC_setReferenceVoltage) for DAC_setReferenceVoltage
    dac_ui.o(.text.DAC_Init) refers to et6x_dac.o(.text.DAC_setTriggerSource) for DAC_setTriggerSource
    dac_ui.o(.text.DAC_Init) refers to et6x_dac.o(.text.DAC_enableOutput) for DAC_enableOutput
    dac_ui.o(.ARM.exidx.text.DAC_Init) refers to dac_ui.o(.text.DAC_Init) for [Anonymous Symbol]
    dac_ui.o(.text.DAC_Exec) refers to user_interface.o(.text.UI_GetReg) for UI_GetReg
    dac_ui.o(.text.DAC_Exec) refers to et6x_dac.o(.text.DAC_setValue) for DAC_setValue
    dac_ui.o(.ARM.exidx.text.DAC_Exec) refers to dac_ui.o(.text.DAC_Exec) for [Anonymous Symbol]
    main.o(.text.assert_failed) refers to printf4.o(i.__0printf$4) for __2printf
    main.o(.ARM.exidx.text.assert_failed) refers to main.o(.text.assert_failed) for [Anonymous Symbol]
    main.o(.text.main) refers to system_et6x.o(.text.SystemCoreClockUpdate) for SystemCoreClockUpdate
    main.o(.text.main) refers to et6x_interrupt.o(.bss.vectorTable) for vectorTable
    main.o(.text.main) refers to et6x_interrupt.o(.text.Interrupt_defaultHandler) for Interrupt_defaultHandler
    main.o(.text.main) refers to key.o(.text.led_init) for led_init
    main.o(.text.main) refers to key.o(.text.Flag_init) for Flag_init
    main.o(.text.main) refers to init_config.o(.text.user_adc_init) for user_adc_init
    main.o(.text.main) refers to init_config.o(.text.user_srpwm_init) for user_srpwm_init
    main.o(.text.main) refers to init_config.o(.text.user_uart_init) for user_uart_init
    main.o(.text.main) refers to init_config.o(.text.sd_gpio_init) for sd_gpio_init
    main.o(.text.main) refers to key.o(.text.key_init) for key_init
    main.o(.text.main) refers to motorcontrol.o(.text.MX_MotorControl_Init) for MX_MotorControl_Init
    main.o(.text.main) refers to init_config.o(.text.MX_NVIC_Init) for MX_NVIC_Init
    main.o(.text.main) refers to puts.o(i.puts) for puts
    main.o(.text.main) refers to mc_api.o(.text.MC_StartMotor1) for MC_StartMotor1
    main.o(.text.main) refers to mc_api.o(.text.MC_ProgramSpeedRampMotor1) for MC_ProgramSpeedRampMotor1
    main.o(.text.main) refers to mc_api.o(.text.MC_GetMecSpeedAverageMotor1) for MC_GetMecSpeedAverageMotor1
    main.o(.text.main) refers to printf4.o(i.__0printf$4) for __2printf
    main.o(.text.main) refers to et6x_cortex.o(.text.DWT_delay_us) for DWT_delay_us
    main.o(.text.main) refers to et6x_gpio.o(.text.GPIO_togglePin) for GPIO_togglePin
    main.o(.text.main) refers to key.o(.text.key_scan) for key_scan
    main.o(.text.main) refers to mc_api.o(.text.MC_StopMotor1) for MC_StopMotor1
    main.o(.ARM.exidx.text.main) refers to main.o(.text.main) for [Anonymous Symbol]
    mc_api.o(.text.MC_StartMotor1) refers to motorcontrol.o(.bss..L_MergedGlobals) for pMCI
    mc_api.o(.text.MC_StartMotor1) refers to mc_interface.o(.text.MCI_StartMotor) for MCI_StartMotor
    mc_api.o(.ARM.exidx.text.MC_StartMotor1) refers to mc_api.o(.text.MC_StartMotor1) for [Anonymous Symbol]
    mc_api.o(.text.MC_StopMotor1) refers to motorcontrol.o(.bss..L_MergedGlobals) for pMCI
    mc_api.o(.text.MC_StopMotor1) refers to mc_interface.o(.text.MCI_StopMotor) for MCI_StopMotor
    mc_api.o(.ARM.exidx.text.MC_StopMotor1) refers to mc_api.o(.text.MC_StopMotor1) for [Anonymous Symbol]
    mc_api.o(.text.MC_ProgramSpeedRampMotor1) refers to motorcontrol.o(.bss..L_MergedGlobals) for pMCI
    mc_api.o(.text.MC_ProgramSpeedRampMotor1) refers to mc_interface.o(.text.MCI_ExecSpeedRamp) for MCI_ExecSpeedRamp
    mc_api.o(.ARM.exidx.text.MC_ProgramSpeedRampMotor1) refers to mc_api.o(.text.MC_ProgramSpeedRampMotor1) for [Anonymous Symbol]
    mc_api.o(.text.MC_ProgramTorqueRampMotor1) refers to motorcontrol.o(.bss..L_MergedGlobals) for pMCI
    mc_api.o(.text.MC_ProgramTorqueRampMotor1) refers to mc_interface.o(.text.MCI_ExecTorqueRamp) for MCI_ExecTorqueRamp
    mc_api.o(.ARM.exidx.text.MC_ProgramTorqueRampMotor1) refers to mc_api.o(.text.MC_ProgramTorqueRampMotor1) for [Anonymous Symbol]
    mc_api.o(.text.MC_SetCurrentReferenceMotor1) refers to motorcontrol.o(.bss..L_MergedGlobals) for pMCI
    mc_api.o(.text.MC_SetCurrentReferenceMotor1) refers to mc_interface.o(.text.MCI_SetCurrentReferences) for MCI_SetCurrentReferences
    mc_api.o(.ARM.exidx.text.MC_SetCurrentReferenceMotor1) refers to mc_api.o(.text.MC_SetCurrentReferenceMotor1) for [Anonymous Symbol]
    mc_api.o(.text.MC_GetCommandStateMotor1) refers to motorcontrol.o(.bss..L_MergedGlobals) for pMCI
    mc_api.o(.text.MC_GetCommandStateMotor1) refers to mc_interface.o(.text.MCI_IsCommandAcknowledged) for MCI_IsCommandAcknowledged
[...]
    UFCP_TX_IRQ_Handler                      0x080070d1   Thumb Code   118  usart_frame_communication_protocol.o(.text.UFCP_TX_IRQ_Handler)
    UI_DACExec                               0x08007149   Thumb Code    10  user_interface.o(.text.UI_DACExec)
    UI_DACInit                               0x08007159   Thumb Code    10  user_interface.o(.text.UI_DACInit)
    UI_DACUpdate                             0x08007169   Thumb Code    34  ui_task.o(.text.UI_DACUpdate)
    UI_ExecCmd                               0x08007191   Thumb Code   158  user_interface.o(.text.UI_ExecCmd)
    UI_ExecSpeedRamp                         0x08007231   Thumb Code    38  user_interface.o(.text.UI_ExecSpeedRamp)
    UI_ExecTorqueRamp                        0x08007259   Thumb Code    20  user_interface.o(.text.UI_ExecTorqueRamp)
    UI_GetDAC                                0x08007271   Thumb Code    12  user_interface.o(.text.UI_GetDAC)
    UI_GetMPInfo                             0x08007281   Thumb Code     4  user_interface.o(.text.UI_GetMPInfo)
    UI_GetReg                                0x08007289   Thumb Code  1558  user_interface.o(.text.UI_GetReg)
    UI_GetRevupData                          0x080078a1   Thumb Code    70  user_interface.o(.text.UI_GetRevupData)
    UI_GetSelectedMC                         0x080078e9   Thumb Code     6  user_interface.o(.text.UI_GetSelectedMC)
    UI_Init                                  0x080078f1   Thumb Code    18  user_interface.o(.text.UI_Init)
    UI_Scheduler                             0x08007909   Thumb Code    54  ui_task.o(.text.UI_Scheduler)
    UI_SelectMC                              0x08007941   Thumb Code    20  user_interface.o(.text.UI_SelectMC)
    UI_SerialCommunicationTimeOutStart       0x08007959   Thumb Code    14  ui_task.o(.text.UI_SerialCommunicationTimeOutStart)
    UI_SerialCommunicationTimeOutStop        0x08007969   Thumb Code    14  ui_task.o(.text.UI_SerialCommunicationTimeOutStop)
    UI_SetCurrentReferences                  0x08007979   Thumb Code    18  user_interface.o(.text.UI_SetCurrentReferences)
    UI_SetDAC                                0x08007991   Thumb Code    10  user_interface.o(.text.UI_SetDAC)
    UI_SetReg                                0x080079a1   Thumb Code   730  user_interface.o(.text.UI_SetReg)
    UI_SetRevupData                          0x08007c81   Thumb Code    54  user_interface.o(.text.UI_SetRevupData)
    UI_TaskInit                              0x08007cb9   Thumb Code   260  ui_task.o(.text.UI_TaskInit)
    USER_UART_IRQHandler                     0x08007dc1   Thumb Code    96  mc_it.o(.text.USER_UART_IRQHandler)
    VBS_GetAvBusVoltage_V                    0x08007e21   Thumb Code    10  bus_voltage_sensor.o(.text.VBS_GetAvBusVoltage_V)
    VBS_GetAvBusVoltage_d                    0x08007e31   Thumb Code     4  bus_voltage_sensor.o(.text.VBS_GetAvBusVoltage_d)
    VSS_CalcAvrgMecSpeedUnit                 0x08007e39   Thumb Code   154  virtual_speed_sensor.o(.text.VSS_CalcAvrgMecSpeedUnit)
    VSS_CalcElAngle                          0x08007ed9   Thumb Code   168  virtual_speed_sensor.o(.text.VSS_CalcElAngle)
    VSS_Clear                                0x08007f81   Thumb Code    26  virtual_speed_sensor.o(.text.VSS_Clear)
    VSS_Init                                 0x08007fa1   Thumb Code     4  virtual_speed_sensor.o(.text.VSS_Init)
    VSS_SetMecAcceleration                   0x08007fa9   Thumb Code   130  virtual_speed_sensor.o(.text.VSS_SetMecAcceleration)
    VSS_SetMecAngle                          0x08008031   Thumb Code    14  virtual_speed_sensor.o(.text.VSS_SetMecAngle)
    VSS_SetStartTransition                   0x08008041   Thumb Code    32  virtual_speed_sensor.o(.text.VSS_SetStartTransition)
    VSS_TransitionEnded                      0x08008061   Thumb Code     6  virtual_speed_sensor.o(.text.VSS_TransitionEnded)
    WDG0_IRQHandler                          0x08008069   Thumb Code    12  et6x_interrupt.o(.text.WDG0_IRQHandler)
    WDG1_IRQHandler                          0x08008079   Thumb Code    12  et6x_interrupt.o(.text.WDG1_IRQHandler)
    XBAR_INTR0_IRQHandler                    0x08008089   Thumb Code    14  et6x_interrupt.o(.text.XBAR_INTR0_IRQHandler)
    XBAR_INTR1_IRQHandler                    0x08008099   Thumb Code    14  et6x_interrupt.o(.text.XBAR_INTR1_IRQHandler)
    XBAR_INTR2_IRQHandler                    0x080080a9   Thumb Code    14  et6x_interrupt.o(.text.XBAR_INTR2_IRQHandler)
    XBAR_INTR3_IRQHandler                    0x080080b9   Thumb Code    14  et6x_interrupt.o(.text.XBAR_INTR3_IRQHandler)
    XBAR_INTR4_IRQHandler                    0x080080c9   Thumb Code    14  et6x_interrupt.o(.text.XBAR_INTR4_IRQHandler)
    arm_cm_delay_asm                         0x080080d9   Thumb Code    20  et6x_cortex.o(.text.arm_cm_delay_asm)
    assert_failed                            0x080080f1   Thumb Code    16  main.o(.text.assert_failed)
    fputc                                    0x08008131   Thumb Code    20  init_config.o(.text.fputc)
    getScalingFactor                         0x08008149   Thumb Code   108  ramp_ext_mngr.o(.text.getScalingFactor)
    key_init                                 0x080081b9   Thumb Code    76  key.o(.text.key_init)
    key_scan                                 0x08008209   Thumb Code   116  key.o(.text.key_scan)
    led_init                                 0x08008281   Thumb Code    60  key.o(.text.led_init)
    main                                     0x080082c1   Thumb Code   424  main.o(.text.main)
    sd_gpio_init                             0x080084a9   Thumb Code    62  init_config.o(.text.sd_gpio_init)
    user_adc_init                            0x080084e9   Thumb Code   344  init_config.o(.text.user_adc_init)
    user_srpwm_init                          0x08008641   Thumb Code   952  init_config.o(.text.user_srpwm_init)
    user_uart_init                           0x080089f9   Thumb Code   118  init_config.o(.text.user_uart_init)
    waitForPolarizationEnd                   0x08008a71   Thumb Code   106  pwm_common.o(.text.waitForPolarizationEnd)
    __0printf$4                              0x08008add   Thumb Code    22  printf4.o(i.__0printf$4)
    __1printf$4                              0x08008add   Thumb Code     0  printf4.o(i.__0printf$4)
    __2printf                                0x08008add   Thumb Code     0  printf4.o(i.__0printf$4)
    __scatterload_copy                       0x08008afd   Thumb Code    14  handlers.o(i.__scatterload_copy)
    __scatterload_null                       0x08008b0b   Thumb Code     2  handlers.o(i.__scatterload_null)
    __scatterload_zeroinit                   0x08008b0d   Thumb Code    14  handlers.o(i.__scatterload_zeroinit)
    puts                                     0x08008d49   Thumb Code    30  puts.o(i.puts)
    R3_2_ParamsM1                            0x08008d6c   Data         188  mc_parameters.o(.rodata.R3_2_ParamsM1)
    hSin_Cos_Table                           0x08008e3c   Data         512  mc_math.o(.rodata.hSin_Cos_Table)
    s_fwVer                                  0x0800905c   Data          32  motorcontrol.o(.rodata.s_fwVer)
    Region$$Table$$Base                      0x08009274   Number         0  anon$$obj.o(Region$$Table)
    Region$$Table$$Limit                     0x08009294   Number         0  anon$$obj.o(Region$$Table)
    __stdout                                 0x20000000   Data           4  stdout.o(.data)
    uwTickFreq                               0x20000006   Data           2  mc_it.o(.data..L_MergedGlobals)
    CircleLimitationM1                       0x20000008   Data         180  mc_config.o(.data.CircleLimitationM1)
    DAC_UI_Params                            0x200000bc   Data          60  mc_config.o(.data.DAC_UI_Params)
    PIDIdHandle_M1                           0x200000f8   Data          44  mc_config.o(.data.PIDIdHandle_M1)
    PIDIqHandle_M1                           0x20000124   Data          44  mc_config.o(.data.PIDIqHandle_M1)
    PIDSpeedHandle_M1                        0x20000150   Data          44  mc_config.o(.data.PIDSpeedHandle_M1)
    PQD_MotorPowMeasM1                       0x2000017c   Data         276  mc_config.o(.data.PQD_MotorPowMeasM1)
    PWM_Handle_M1                            0x20000290   Data         124  mc_config.o(.data.PWM_Handle_M1)
    RampExtMngrHFParamsM1                    0x2000030c   Data          24  mc_config.o(.data.RampExtMngrHFParamsM1)
    RealBusVoltageSensorParamsM1             0x20000324   Data          40  mc_config.o(.data.RealBusVoltageSensorParamsM1)
    RevUpControlM1                           0x2000034c   Data         120  mc_config.o(.data.RevUpControlM1)
    STO_M1                                   0x200003c4   Data          20  mc_config.o(.data.STO_M1)
    STO_PLL_M1                               0x200003d8   Data         296  mc_config.o(.data.STO_PLL_M1)
    SpeednTorqCtrlM1                         0x20000500   Data          52  mc_config.o(.data.SpeednTorqCtrlM1)
    SystemCoreClock                          0x20000534   Data           4  system_et6x.o(.data.SystemCoreClock)
    TempSensorParamsM1                       0x20000538   Data          40  mc_config.o(.data.TempSensorParamsM1)
    UI_Params                                0x20000560   Data          48  mc_config.o(.data.UI_Params)
    VirtualSpeedSensorM1                     0x20000590   Data          56  mc_config.o(.data.VirtualSpeedSensorM1)
    pUSART                                   0x200005cc   Data         316  mc_config.o(.data.pUSART)
    wConfig                                  0x20000708   Data           4  motorcontrol.o(.data.wConfig)
    bMCBootCompleted                         0x20000710   Data           1  mc_tasks.o(.bss..L_MergedGlobals)
    pCLM                                     0x20000718   Data           4  mc_tasks.o(.bss..L_MergedGlobals)
    pwmcHandle                               0x2000071c   Data           4  mc_tasks.o(.bss..L_MergedGlobals)
    pPIDSpeed                                0x20000720   Data           4  mc_tasks.o(.bss..L_MergedGlobals)
    pSTC                                     0x20000724   Data           4  mc_tasks.o(.bss..L_MergedGlobals)
    pPIDIq                                   0x20000728   Data           4  mc_tasks.o(.bss..L_MergedGlobals)
    pPIDId                                   0x2000072c   Data           4  mc_tasks.o(.bss..L_MergedGlobals)
    pBusSensorM1                             0x20000730   Data           4  mc_tasks.o(.bss..L_MergedGlobals)
    pMPM                                     0x20000734   Data           4  mc_tasks.o(.bss..L_MergedGlobals)
    pTemperatureSensor                       0x20000738   Data           4  mc_tasks.o(.bss..L_MergedGlobals)
    pREMNG                                   0x2000073c   Data           4  mc_tasks.o(.bss..L_MergedGlobals)
    oMCInterface                             0x20000740   Data           4  mc_tasks.o(.bss..L_MergedGlobals)
    STM                                      0x20000744   Data           6  mc_tasks.o(.bss..L_MergedGlobals)
    Mci                                      0x2000074c   Data          28  mc_tasks.o(.bss..L_MergedGlobals)
    FOCVars                                  0x20000768   Data          38  mc_tasks.o(.bss..L_MergedGlobals)
    pMCI                                     0x20000790   Data           4  motorcontrol.o(.bss..L_MergedGlobals)
    pMCT                                     0x20000794   Data           4  motorcontrol.o(.bss..L_MergedGlobals)
    RCM_UserConvState                        0x20000798   Data           1  regular_conversion_manager.o(.bss..L_MergedGlobals)
    RCM_UserConvHandle                       0x20000799   Data           1  regular_conversion_manager.o(.bss..L_MergedGlobals)
    RCM_UserConvValue                        0x2000079a   Data           2  regular_conversion_manager.o(.bss..L_MergedGlobals)
    RCM_handle_array                         0x2000079c   Data          16  regular_conversion_manager.o(.bss..L_MergedGlobals)
    RCM_CB_array                             0x200007ac   Data          32  regular_conversion_manager.o(.bss..L_MergedGlobals)
    pDAC                                     0x200007d0   Data           4  ui_task.o(.bss..L_MergedGlobals)
    pMCP                                     0x200007d4   Data           4  ui_task.o(.bss..L_MergedGlobals)
    MCP_UI_Params                            0x200007dc   Data         204  ui_task.o(.bss.MCP_UI_Params)
    MCT                                      0x200008a8   Data          84  mc_tasks.o(.bss.MCT)
    MPInfo                                   0x200008fc   Data           8  motor_control_protocol.o(.bss.MPInfo)
    RealBusVoltageSensorFilterBufferM1       0x20000904   Data          20  mc_config.o(.bss.RealBusVoltageSensorFilterBufferM1)
    uwTick                                   0x2000091c   Data           4  mc_it.o(.bss.uwTick)
    vectorTable                              0x20000920   Data         584  et6x_interrupt.o(.bss.vectorTable)
    __initial_sp                             0x20001368   Data           0  startup_et6039.o(STACK)



==============================================================================

Memory Map of the image

  Image Entry point : 0x08000249

  Load Region LR_IROM1 (Base: 0x08000000, Size: 0x000099a8, Max: 0x00080000, ABSOLUTE, COMPRESSED[0x000094c8])

    Execution Region ER_IROM1 (Exec base: 0x08000000, Load base: 0x08000000, Size: 0x00009294, Max: 0x00080000, ABSOLUTE)

    Exec Addr    Load Addr    Size         Type   Attr      Idx    E Section Name        Object

    0x08000000   0x08000000   0x00000248   Data   RO         3283    RESET               startup_et6039.o
    0x08000248   0x08000248   0x00000000   Code   RO         3308  * .ARM.Collect$$$$00000000  mc_w.l(entry.o)
    0x08000248   0x08000248   0x00000004   Code   RO         3580    .ARM.Collect$$$$00000001  mc_w.l(entry2.o)
    0x0800024c   0x0800024c   0x00000004   Code   RO         3583    .ARM.Collect$$$$00000004  mc_w.l(entry5.o)
    0x08000250   0x08000250   0x00000000   Code   RO         3585    .ARM.Collect$$$$00000008  mc_w.l(entry7b.o)
    0x08000250   0x08000250   0x00000000   Code   RO         3587    .ARM.Collect$$$$0000000A  mc_w.l(entry8b.o)
    0x08000250   0x08000250   0x00000008   Code   RO         3588    .ARM.Collect$$$$0000000B  mc_w.l(entry9a.o)
    0x08000258   0x08000258   0x00000000   Code   RO         3590    .ARM.Collect$$$$0000000D  mc_w.l(entry10a.o)
    0x08000258   0x08000258   0x00000000   Code   RO         3592    .ARM.Collect$$$$0000000F  mc_w.l(entry11a.o)
    0x08000258   0x08000258   0x00000004   Code   RO         3581    .ARM.Collect$$$$00002712  mc_w.l(entry2.o)
    0x0800025c   0x0800025c   0x00000028   Code   RO         3284    .text               startup_et6039.o
    0x08000284   0x08000284   0x00000062   Code   RO         3315    .text               mc_w.l(uldiv.o)
    0x080002e6   0x080002e6   0x00000024   Code   RO         3317    .text               mc_w.l(memseta.o)
    0x0800030a   0x0800030a   0x0000001e   Code   RO         3606    .text               mc_w.l(llshl.o)
    0x08000328   0x08000328   0x00000020   Code   RO         3608    .text               mc_w.l(llushr.o)
    0x08000348   0x08000348   0x00000030   Code   RO         3621    .text               mc_w.l(init.o)
    0x08000378   0x08000378   0x00000056   Code   RO         3635    .text               mc_w.l(__dczerorl2.o)
    0x080003ce   0x080003ce   0x00000002   PAD
    0x080003d0   0x080003d0   0x00000040   Code   RO          503    .text.ADC0_IRQHandler  mc_it.o
    0x08000410   0x08000410   0x0000006a   Code   RO         1443    .text.ADC_clearFilterStatus  et6x_adc.o
    0x0800047a   0x0800047a   0x00000006   PAD
    0x08000480   0x08000480   0x00000076   Code   RO         1389    .text.ADC_clearInterruptStatus  et6x_adc.o
    0x080004f6   0x080004f6   0x00000002   PAD
    0x080004f8   0x080004f8   0x00000064   Code   RO         1329    .text.ADC_disable   et6x_adc.o
    0x0800055c   0x0800055c   0x00000004   PAD
    0x08000560   0x08000560   0x0000006c   Code   RO         1327    .text.ADC_enable    et6x_adc.o
    0x080005cc   0x080005cc   0x00000004   PAD
    0x080005d0   0x080005d0   0x00000076   Code   RO         1373    .text.ADC_enableInterrupt  et6x_adc.o
    0x08000646   0x08000646   0x00000002   PAD
    0x08000648   0x08000648   0x00000110   Code   RO         1349    .text.ADC_getFilterResult  et6x_adc.o
    0x08000758   0x08000758   0x00000114   Code   RO         1353    .text.ADC_getFilterResultStatus  et6x_adc.o
    0x0800086c   0x0800086c   0x00000004   PAD
    0x08000870   0x08000870   0x0000015c   Code   RO         1383    .text.ADC_getInterruptStatus  et6x_adc.o
    0x080009cc   0x080009cc   0x00000004   PAD
    0x080009d0   0x080009d0   0x000002b8   Code   RO         1325    .text.ADC_init      et6x_adc.o
    0x08000c88   0x08000c88   0x00000014   Code   RO         1323    .text.ADC_initStruct  et6x_adc.o
    0x08000c9c   0x08000c9c   0x00000004   PAD
    0x08000ca0   0x08000ca0   0x0000023e   Code   RO         1335    .text.ADC_remapSingleAC  et6x_adc.o
    0x08000ede   0x08000ede   0x00000002   PAD
    0x08000ee0   0x08000ee0   0x00000052   Code   RO         1333    .text.ADC_setPriorityMode  et6x_adc.o
    0x08000f32   0x08000f32   0x00000006   PAD
    0x08000f38   0x08000f38   0x0000024c   Code   RO         1355    .text.ADC_startCalibration  et6x_adc.o
    0x08001184   0x08001184   0x00000004   PAD
    0x08001188   0x08001188   0x00000076   Code   RO         1379    .text.ADC_unmaskInterrupt  et6x_adc.o
    0x080011fe   0x080011fe   0x00000002   PAD
    0x08001200   0x08001200   0x0000000e   Code   RO         2442    .text.AES_IRQHandler  et6x_interrupt.o
    0x0800120e   0x0800120e   0x00000002   PAD
    0x08001210   0x08001210   0x0000000c   Code   RO         2268    .text.AHBDMAC0_BLOCK_IRQHandler  et6x_interrupt.o
    0x0800121c   0x0800121c   0x00000004   PAD
    0x08001220   0x08001220   0x0000000c   Code   RO         2276    .text.AHBDMAC0_COMBINED_IRQHandler  et6x_interrupt.o
    0x0800122c   0x0800122c   0x00000004   PAD
    0x08001230   0x08001230   0x0000000c   Code   RO         2272    .text.AHBDMAC0_DSTTRAN_IRQHandler  et6x_interrupt.o
    0x0800123c   0x0800123c   0x00000004   PAD
    0x08001240   0x08001240   0x0000000c   Code   RO         2274    .text.AHBDMAC0_ERROR_IRQHandler  et6x_interrupt.o
    0x0800124c   0x0800124c   0x00000004   PAD
    0x08001250   0x08001250   0x0000000c   Code   RO         2270    .text.AHBDMAC0_SRCTRAN_IRQHandler  et6x_interrupt.o
    0x0800125c   0x0800125c   0x00000004   PAD
    0x08001260   0x08001260   0x0000000c   Code   RO         2266    .text.AHBDMAC0_TFR_IRQHandler  et6x_interrupt.o
    0x0800126c   0x0800126c   0x00000004   PAD
    0x08001270   0x08001270   0x0000000c   Code   RO         2280    .text.AHBDMAC1_BLOCK_IRQHandler  et6x_interrupt.o
    0x0800127c   0x0800127c   0x00000004   PAD
    0x08001280   0x08001280   0x0000000c   Code   RO         2288    .text.AHBDMAC1_COMBINED_IRQHandler  et6x_interrupt.o
    0x0800128c   0x0800128c   0x00000004   PAD
    0x08001290   0x08001290   0x0000000c   Code   RO         2284    .text.AHBDMAC1_DSTTRAN_IRQHandler  et6x_interrupt.o
    0x0800129c   0x0800129c   0x00000004   PAD
    0x080012a0   0x080012a0   0x0000000c   Code   RO         2286    .text.AHBDMAC1_ERROR_IRQHandler  et6x_interrupt.o
    0x080012ac   0x080012ac   0x00000004   PAD
    0x080012b0   0x080012b0   0x0000000c   Code   RO         2282    .text.AHBDMAC1_SRCTRAN_IRQHandler  et6x_interrupt.o
    0x080012bc   0x080012bc   0x00000004   PAD
    0x080012c0   0x080012c0   0x0000000c   Code   RO         2278    .text.AHBDMAC1_TFR_IRQHandler  et6x_interrupt.o
    0x080012cc   0x080012cc   0x00000004   PAD
    0x080012d0   0x080012d0   0x0000000e   Code   RO         2314    .text.CAN0_DMU_IRQHandler  et6x_interrupt.o
    0x080012de   0x080012de   0x00000002   PAD
    0x080012e0   0x080012e0   0x0000000e   Code   RO         2310    .text.CAN0_INT0_IRQHandler  et6x_interrupt.o
    0x080012ee   0x080012ee   0x00000002   PAD
    0x080012f0   0x080012f0   0x0000000e   Code   RO         2312    .text.CAN0_INT1_IRQHandler  et6x_interrupt.o
    0x080012fe   0x080012fe   0x00000002   PAD
    0x08001300   0x08001300   0x0000000e   Code   RO         2320    .text.CAN1_DMU_IRQHandler  et6x_interrupt.o
    0x0800130e   0x0800130e   0x00000002   PAD
    0x08001310   0x08001310   0x0000000e   Code   RO         2316    .text.CAN1_INT0_IRQHandler  et6x_interrupt.o
    0x0800131e   0x0800131e   0x00000002   PAD
    0x08001320   0x08001320   0x0000000e   Code   RO         2318    .text.CAN1_INT1_IRQHandler  et6x_interrupt.o
    0x0800132e   0x0800132e   0x00000002   PAD
    0x08001330   0x08001330   0x0000000e   Code   RO         2390    .text.CMPC_INTR0_IRQHandler  et6x_interrupt.o
    0x0800133e   0x0800133e   0x00000002   PAD
    0x08001340   0x08001340   0x0000000e   Code   RO         2392    .text.CMPC_INTR1_IRQHandler  et6x_interrupt.o
    0x0800134e   0x0800134e   0x00000002   PAD
    0x08001350   0x08001350   0x0000000e   Code   RO         2394    .text.CMPC_INTR2_IRQHandler  et6x_interrupt.o
    0x0800135e   0x0800135e   0x00000002   PAD
    0x08001360   0x08001360   0x0000000e   Code   RO         2396    .text.CMPC_INTR3_IRQHandler  et6x_interrupt.o
    0x0800136e   0x0800136e   0x00000002   PAD
    0x08001370   0x08001370   0x0000000e   Code   RO         2434    .text.CORDIC_IRQHandler  et6x_interrupt.o
    0x0800137e   0x0800137e   0x00000002   PAD
    0x08001380   0x08001380   0x0000000e   Code   RO         2384    .text.CORE2PERI_TIMEOUT_IRQHandler  et6x_interrupt.o
    0x0800138e   0x0800138e   0x00000002   PAD
    0x08001390   0x08001390   0x0000000e   Code   RO         2432    .text.CRC_IRQHandler  et6x_interrupt.o
    0x0800139e   0x0800139e   0x00000002   PAD
    0x080013a0   0x080013a0   0x0000002e   Code   RO         1714    .text.CRG_getAPB3Clock  et6x_crg.o
    0x080013ce   0x080013ce   0x00000002   PAD
    0x080013d0   0x080013d0   0x000000f8   Code   RO         1710    .text.CRG_getBUSClock  et6x_crg.o
    0x080014c8   0x080014c8   0x000000ee   Code   RO         1708    .text.CRG_getCPUClock  et6x_crg.o
    0x080015b6   0x080015b6   0x00000002   PAD
    0x080015b8   0x080015b8   0x00000014   Code   RO         1688    .text.CRG_lockClockConfig  et6x_crg.o
    0x080015cc   0x080015cc   0x00000004   PAD
    0x080015d0   0x080015d0   0x00000104   Code   RO         1696    .text.CRG_setClockDivConfig  et6x_crg.o
    0x080016d4   0x080016d4   0x00000004   PAD
    0x080016d8   0x080016d8   0x0000002c   Code   RO         1698    .text.CRG_setClockOutSource  et6x_crg.o
    0x08001704   0x08001704   0x00000004   PAD
    0x08001708   0x08001708   0x00000102   Code   RO         1694    .text.CRG_setPLLConfig  et6x_crg.o
    0x0800180a   0x0800180a   0x00000006   PAD
    0x08001810   0x08001810   0x00000014   Code   RO         1690    .text.CRG_unlockClockConfig  et6x_crg.o
    0x08001824   0x08001824   0x00000004   PAD
    0x08001828   0x08001828   0x00000048   Code   RO          546    .text.Circle_Limitation  circle_limitation.o
    0x08001870   0x08001870   0x0000000e   Code   RO         2398    .text.DACC_INTR0_IRQHandler  et6x_interrupt.o
    0x0800187e   0x0800187e   0x00000002   PAD
    0x08001880   0x08001880   0x0000000e   Code   RO         2400    .text.DACC_INTR1_IRQHandler  et6x_interrupt.o
    0x0800188e   0x0800188e   0x00000002   PAD
    0x08001890   0x08001890   0x00000046   Code   RO            4    .text.DAC_Exec      dac_ui.o
    0x080018d6   0x080018d6   0x00000002   PAD
    0x080018d8   0x080018d8   0x00000008   Code   RO         1106    .text.DAC_GetChannelConfig  dac_common_ui.o
    0x080018e0   0x080018e0   0x0000000a   Code   RO         1110    .text.DAC_GetUserChannelValue  dac_common_ui.o
    0x080018ea   0x080018ea   0x00000006   PAD
    0x080018f0   0x080018f0   0x00000060   Code   RO            2    .text.DAC_Init      dac_ui.o
    0x08001950   0x08001950   0x00000008   Code   RO         1104    .text.DAC_SetChannelConfig  dac_common_ui.o
    0x08001958   0x08001958   0x00000008   Code   RO         1108    .text.DAC_SetUserChannelValue  dac_common_ui.o
    0x08001960   0x08001960   0x00000052   Code   RO         1734    .text.DAC_configTriggerMode  et6x_dac.o
    0x080019b2   0x080019b2   0x00000006   PAD
    0x080019b8   0x080019b8   0x0000003e   Code   RO         1746    .text.DAC_enableOutput  et6x_dac.o
    0x080019f6   0x080019f6   0x00000002   PAD
    0x080019f8   0x080019f8   0x00000050   Code   RO         1738    .text.DAC_setReferenceVoltage  et6x_dac.o
    0x08001a48   0x08001a48   0x0000004a   Code   RO         1740    .text.DAC_setTriggerSource  et6x_dac.o
    0x08001a92   0x08001a92   0x00000006   PAD
    0x08001a98   0x08001a98   0x00000036   Code   RO         1742    .text.DAC_setValue  et6x_dac.o
    0x08001ace   0x08001ace   0x00000002   PAD
    0x08001ad0   0x08001ad0   0x000000a2   Code   RO         1622    .text.DWT_delay_us  et6x_cortex.o
    0x08001b72   0x08001b72   0x00000006   PAD
    0x08001b78   0x08001b78   0x0000000e   Code   RO         2368    .text.EFC0_FLASH_IRQHandler  et6x_interrupt.o
    0x08001b86   0x08001b86   0x00000002   PAD
    0x08001b88   0x08001b88   0x0000000e   Code   RO         2370    .text.EFC1_FLASH_IRQHandler  et6x_interrupt.o
    0x08001b96   0x08001b96   0x00000002   PAD
    0x08001b98   0x08001b98   0x0000000e   Code   RO         2372    .text.EFC2_FLASH_IRQHandler  et6x_interrupt.o
    0x08001ba6   0x08001ba6   0x00000002   PAD
    0x08001ba8   0x08001ba8   0x0000000e   Code   RO         2472    .text.EPWM_EPWMCOM_INTR0_IRQHandler  et6x_interrupt.o
    0x08001bb6   0x08001bb6   0x00000002   PAD
    0x08001bb8   0x08001bb8   0x0000000e   Code   RO         2492    .text.EPWM_EPWMCOM_INTR10_IRQHandler  et6x_interrupt.o
    0x08001bc6   0x08001bc6   0x00000002   PAD
    0x08001bc8   0x08001bc8   0x0000000e   Code   RO         2494    .text.EPWM_EPWMCOM_INTR11_IRQHandler  et6x_interrupt.o
    0x08001bd6   0x08001bd6   0x00000002   PAD
    0x08001bd8   0x08001bd8   0x0000000e   Code   RO         2474    .text.EPWM_EPWMCOM_INTR1_IRQHandler  et6x_interrupt.o
    0x08001be6   0x08001be6   0x00000002   PAD
    0x08001be8   0x08001be8   0x0000000e   Code   RO         2476    .text.EPWM_EPWMCOM_INTR2_IRQHandler  et6x_interrupt.o
    0x08001bf6   0x08001bf6   0x00000002   PAD
    0x08001bf8   0x08001bf8   0x0000000e   Code   RO         2478    .text.EPWM_EPWMCOM_INTR3_IRQHandler  et6x_interrupt.o
    0x08001c06   0x08001c06   0x00000002   PAD
    0x08001c08   0x08001c08   0x0000000e   Code   RO         2480    .text.EPWM_EPWMCOM_INTR4_IRQHandler  et6x_interrupt.o
    0x08001c16   0x08001c16   0x00000002   PAD
    0x08001c18   0x08001c18   0x0000000e   Code   RO         2482    .text.EPWM_EPWMCOM_INTR5_IRQHandler  et6x_interrupt.o
    0x08001c26   0x08001c26   0x00000002   PAD
    0x08001c28   0x08001c28   0x0000000e   Code   RO         2484    .text.EPWM_EPWMCOM_INTR6_IRQHandler  et6x_interrupt.o
    0x08001c36   0x08001c36   0x00000002   PAD
    0x08001c38   0x08001c38   0x0000000e   Code   RO         2486    .text.EPWM_EPWMCOM_INTR7_IRQHandler  et6x_interrupt.o
    0x08001c46   0x08001c46   0x00000002   PAD
    0x08001c48   0x08001c48   0x0000000e   Code   RO         2488    .text.EPWM_EPWMCOM_INTR8_IRQHandler  et6x_interrupt.o
    0x08001c56   0x08001c56   0x00000002   PAD
    0x08001c58   0x08001c58   0x0000000e   Code   RO         2490    .text.EPWM_EPWMCOM_INTR9_IRQHandler  et6x_interrupt.o
    0x08001c66   0x08001c66   0x00000002   PAD
    0x08001c68   0x08001c68   0x0000000e   Code   RO         2408    .text.EQEP_INTR0_IRQHandler  et6x_interrupt.o
    0x08001c76   0x08001c76   0x00000002   PAD
    0x08001c78   0x08001c78   0x0000000e   Code   RO         2410    .text.EQEP_INTR1_IRQHandler  et6x_interrupt.o
    0x08001c86   0x08001c86   0x00000002   PAD
    0x08001c88   0x08001c88   0x0000000e   Code   RO         2444    .text.ETIM_INTR0_IRQHandler  et6x_interrupt.o
    0x08001c96   0x08001c96   0x00000002   PAD
    0x08001c98   0x08001c98   0x0000000e   Code   RO         2464    .text.ETIM_INTR10_IRQHandler  et6x_interrupt.o
    0x08001ca6   0x08001ca6   0x00000002   PAD
    0x08001ca8   0x08001ca8   0x0000000e   Code   RO         2466    .text.ETIM_INTR11_IRQHandler  et6x_interrupt.o
    0x08001cb6   0x08001cb6   0x00000002   PAD
    0x08001cb8   0x08001cb8   0x0000000e   Code   RO         2468    .text.ETIM_INTR12_IRQHandler  et6x_interrupt.o
    0x08001cc6   0x08001cc6   0x00000002   PAD
    0x08001cc8   0x08001cc8   0x0000000e   Code   RO         2470    .text.ETIM_INTR13_IRQHandler  et6x_interrupt.o
    0x08001cd6   0x08001cd6   0x00000002   PAD
    0x08001cd8   0x08001cd8   0x0000000e   Code   RO         2446    .text.ETIM_INTR1_IRQHandler  et6x_interrupt.o
    0x08001ce6   0x08001ce6   0x00000002   PAD
    0x08001ce8   0x08001ce8   0x0000000e   Code   RO         2448    .text.ETIM_INTR2_IRQHandler  et6x_interrupt.o
    0x08001cf6   0x08001cf6   0x00000002   PAD
    0x08001cf8   0x08001cf8   0x0000000e   Code   RO         2450    .text.ETIM_INTR3_IRQHandler  et6x_interrupt.o
    0x08001d06   0x08001d06   0x00000002   PAD
    0x08001d08   0x08001d08   0x0000000e   Code   RO         2452    .text.ETIM_INTR4_IRQHandler  et6x_interrupt.o
    0x08001d16   0x08001d16   0x00000002   PAD
    0x08001d18   0x08001d18   0x0000000e   Code   RO         2454    .text.ETIM_INTR5_IRQHandler  et6x_interrupt.o
    0x08001d26   0x08001d26   0x00000002   PAD
    0x08001d28   0x08001d28   0x0000000e   Code   RO         2456    .text.ETIM_INTR6_IRQHandler  et6x_interrupt.o
    0x08001d36   0x08001d36   0x00000002   PAD
    0x08001d38   0x08001d38   0x0000000e   Code   RO         2458    .text.ETIM_INTR7_IRQHandler  et6x_interrupt.o
    0x08001d46   0x08001d46   0x00000002   PAD
    0x08001d48   0x08001d48   0x0000000e   Code   RO         2460    .text.ETIM_INTR8_IRQHandler  et6x_interrupt.o
    0x08001d56   0x08001d56   0x00000002   PAD
    0x08001d58   0x08001d58   0x0000000e   Code   RO         2462    .text.ETIM_INTR9_IRQHandler  et6x_interrupt.o
    0x08001d66   0x08001d66   0x00000002   PAD
    0x08001d68   0x08001d68   0x000000ac   Code   RO         1129    .text.FCP_CalcCRC   frame_communication_protocol.o
    0x08001e14   0x08001e14   0x00000004   PAD
    0x08001e18   0x08001e18   0x00000018   Code   RO         1123    .text.FCP_Init      frame_communication_protocol.o
    0x08001e30   0x08001e30   0x00000010   Code   RO         1125    .text.FCP_SetClient  frame_communication_protocol.o
    0x08001e40   0x08001e40   0x0000000e   Code   RO         2436    .text.FMAC_IRQHandler  et6x_interrupt.o
    0x08001e4e   0x08001e4e   0x00000002   PAD
    0x08001e50   0x08001e50   0x00000032   Code   RO          268    .text.FOC_CalcCurrRef  mc_tasks.o
    0x08001e82   0x08001e82   0x00000006   PAD
    0x08001e88   0x08001e88   0x0000004a   Code   RO          252    .text.FOC_Clear     mc_tasks.o
    0x08001ed2   0x08001ed2   0x00000006   PAD
    0x08001ed8   0x08001ed8   0x00000002   Code   RO          266    .text.FOC_InitAdditionalMethods  mc_tasks.o
    0x08001eda   0x08001eda   0x00000006   PAD
    0x08001ee0   0x08001ee0   0x0000005e   Code   RO          466    .text.Flag_init     key.o
    0x08001f3e   0x08001f3e   0x00000002   PAD
    0x08001f40   0x08001f40   0x0000000e   Code   RO         2324    .text.GPIOA_COMBINT_IRQHandler  et6x_interrupt.o
    0x08001f4e   0x08001f4e   0x00000002   PAD
    0x08001f50   0x08001f50   0x0000000e   Code   RO         2326    .text.GPIOB_COMBINT_IRQHandler  et6x_interrupt.o
    0x08001f5e   0x08001f5e   0x00000002   PAD
    0x08001f60   0x08001f60   0x0000000e   Code   RO         2328    .text.GPIOC_COMBINT_IRQHandler  et6x_interrupt.o
    0x08001f6e   0x08001f6e   0x00000002   PAD
    0x08001f70   0x08001f70   0x0000000e   Code   RO         2330    .text.GPIOD_COMBINT_IRQHandler  et6x_interrupt.o
    0x08001f7e   0x08001f7e   0x00000002   PAD
    0x08001f80   0x08001f80   0x0000000e   Code   RO         2332    .text.GPIOE_COMBINT_IRQHandler  et6x_interrupt.o
    0x08001f8e   0x08001f8e   0x00000002   PAD
    0x08001f90   0x08001f90   0x0000000e   Code   RO         2336    .text.GPIOE_GPIOINT0_IRQHandler  et6x_interrupt.o
    0x08001f9e   0x08001f9e   0x00000002   PAD
    0x08001fa0   0x08001fa0   0x0000000e   Code   RO         2356    .text.GPIOE_GPIOINT10_IRQHandler  et6x_interrupt.o
    0x08001fae   0x08001fae   0x00000002   PAD
    0x08001fb0   0x08001fb0   0x0000000e   Code   RO         2358    .text.GPIOE_GPIOINT11_IRQHandler  et6x_interrupt.o
    0x08001fbe   0x08001fbe   0x00000002   PAD
    0x08001fc0   0x08001fc0   0x0000000e   Code   RO         2360    .text.GPIOE_GPIOINT12_IRQHandler  et6x_interrupt.o
    0x08001fce   0x08001fce   0x00000002   PAD
    0x08001fd0   0x08001fd0   0x0000000e   Code   RO         2362    .text.GPIOE_GPIOINT13_IRQHandler  et6x_interrupt.o
    0x08001fde   0x08001fde   0x00000002   PAD
    0x08001fe0   0x08001fe0   0x0000000e   Code   RO         2364    .text.GPIOE_GPIOINT14_IRQHandler  et6x_interrupt.o
    0x08001fee   0x08001fee   0x00000002   PAD
    0x08001ff0   0x08001ff0   0x0000000e   Code   RO         2366    .text.GPIOE_GPIOINT15_IRQHandler  et6x_interrupt.o
    0x08001ffe   0x08001ffe   0x00000002   PAD
    0x08002000   0x08002000   0x0000000e   Code   RO         2338    .text.GPIOE_GPIOINT1_IRQHandler  et6x_interrupt.o
    0x0800200e   0x0800200e   0x00000002   PAD
    0x08002010   0x08002010   0x0000000e   Code   RO         2340    .text.GPIOE_GPIOINT2_IRQHandler  et6x_interrupt.o
    0x0800201e   0x0800201e   0x00000002   PAD
    0x08002020   0x08002020   0x0000000e   Code   RO         2342    .text.GPIOE_GPIOINT3_IRQHandler  et6x_interrupt.o
    0x0800202e   0x0800202e   0x00000002   PAD
    0x08002030   0x08002030   0x0000000e   Code   RO         2344    .text.GPIOE_GPIOINT4_IRQHandler  et6x_interrupt.o
    0x0800203e   0x0800203e   0x00000002   PAD
    0x08002040   0x08002040   0x0000000e   Code   RO         2346    .text.GPIOE_GPIOINT5_IRQHandler  et6x_interrupt.o
    0x0800204e   0x0800204e   0x00000002   PAD
    0x08002050   0x08002050   0x0000000e   Code   RO         2348    .text.GPIOE_GPIOINT6_IRQHandler  et6x_interrupt.o
    0x0800205e   0x0800205e   0x00000002   PAD
    0x08002060   0x08002060   0x0000000e   Code   RO         2350    .text.GPIOE_GPIOINT7_IRQHandler  et6x_interrupt.o
    0x0800206e   0x0800206e   0x00000002   PAD
    0x08002070   0x08002070   0x0000000e   Code   RO         2352    .text.GPIOE_GPIOINT8_IRQHandler  et6x_interrupt.o
    0x0800207e   0x0800207e   0x00000002   PAD
    0x08002080   0x08002080   0x0000000e   Code   RO         2354    .text.GPIOE_GPIOINT9_IRQHandler  et6x_interrupt.o
    0x0800208e   0x0800208e   0x00000002   PAD
    0x08002090   0x08002090   0x0000000e   Code   RO         2334    .text.GPIOF_COMBINT_IRQHandler  et6x_interrupt.o
    0x0800209e   0x0800209e   0x00000002   PAD
    0x080020a0   0x080020a0   0x00000026   Code   RO         2116    .text.GPIO_initPadConfigStruct  et6x_gpio.o
    0x080020c6   0x080020c6   0x00000002   PAD
    0x080020c8   0x080020c8   0x00000034   Code   RO         2124    .text.GPIO_readPin  et6x_gpio.o
    0x080020fc   0x080020fc   0x00000004   PAD
    0x08002100   0x08002100   0x00000148   Code   RO         2118    .text.GPIO_setPadConfig  et6x_gpio.o
    0x08002248   0x08002248   0x0000009c   Code   RO         2120    .text.GPIO_setPinConfig  et6x_gpio.o
    0x080022e4   0x080022e4   0x00000004   PAD
    0x080022e8   0x080022e8   0x00000040   Code   RO         2122    .text.GPIO_setPortDirectionMode  et6x_gpio.o
    0x08002328   0x08002328   0x0000004c   Code   RO         2156    .text.GPIO_togglePin  et6x_gpio.o
    0x08002374   0x08002374   0x00000004   PAD
    0x08002378   0x08002378   0x00000056   Code   RO         2126    .text.GPIO_writePin  et6x_gpio.o
    0x080023ce   0x080023ce   0x00000002   PAD
    0x080023d0   0x080023d0   0x00000068   Code   RO          509    .text.HardFault_Handler  mc_it.o
    0x08002438   0x08002438   0x0000000e   Code   RO         2298    .text.I2C0_IC_IRQHandler  et6x_interrupt.o
    0x08002446   0x08002446   0x00000002   PAD
    0x08002448   0x08002448   0x0000000e   Code   RO         2300    .text.I2C1_IC_IRQHandler  et6x_interrupt.o
    0x08002456   0x08002456   0x00000002   PAD
    0x08002458   0x08002458   0x00000002   Code   RO         2264    .text.Interrupt_defaultHandler  et6x_interrupt.o
    0x0800245a   0x0800245a   0x00000006   PAD
    0x08002460   0x08002460   0x0000000e   Code   RO          202    .text.MCI_Clear_Iqdref  mc_interface.o
    0x0800246e   0x0800246e   0x00000002   PAD
    0x08002470   0x08002470   0x00000008   Code   RO          148    .text.MCI_EncoderAlign  mc_interface.o
    0x08002478   0x08002478   0x0000007a   Code   RO          150    .text.MCI_ExecBufferedCommands  mc_interface.o
    0x080024f2   0x080024f2   0x00000006   PAD
    0x080024f8   0x080024f8   0x00000010   Code   RO          136    .text.MCI_ExecSpeedRamp  mc_interface.o
    0x08002508   0x08002508   0x0000000e   Code   RO          138    .text.MCI_ExecTorqueRamp  mc_interface.o
    0x08002516   0x08002516   0x00000002   PAD
    0x08002518   0x08002518   0x00000006   Code   RO          146    .text.MCI_FaultAcknowledged  mc_interface.o
    0x0800251e   0x0800251e   0x00000002   PAD
    0x08002520   0x08002520   0x00000010   Code   RO          174    .text.MCI_GetAvrgMecSpeedUnit  mc_interface.o
    0x08002530   0x08002530   0x00000004   Code   RO          160    .text.MCI_GetControlMode  mc_interface.o
    0x08002534   0x08002534   0x00000004   PAD
    0x08002538   0x08002538   0x00000006   Code   RO          178    .text.MCI_GetIab    mc_interface.o
    0x0800253e   0x0800253e   0x00000002   PAD
    0x08002540   0x08002540   0x00000006   Code   RO          180    .text.MCI_GetIalphabeta  mc_interface.o
    0x08002546   0x08002546   0x00000002   PAD
    0x08002548   0x08002548   0x00000036   Code   RO          162    .text.MCI_GetImposedMotorDirection  mc_interface.o
    0x0800257e   0x0800257e   0x00000002   PAD
    0x08002580   0x08002580   0x00000006   Code   RO          182    .text.MCI_GetIqd    mc_interface.o
    0x08002586   0x08002586   0x00000002   PAD
    0x08002588   0x08002588   0x00000006   Code   RO          186    .text.MCI_GetIqdref  mc_interface.o
    0x0800258e   0x0800258e   0x00000002   PAD
    0x08002590   0x08002590   0x00000012   Code   RO          164    .text.MCI_GetLastRampFinalSpeed  mc_interface.o
    0x080025a2   0x080025a2   0x00000006   PAD
    0x080025a8   0x080025a8   0x00000006   Code   RO          176    .text.MCI_GetMecSpeedRefUnit  mc_interface.o
    0x080025ae   0x080025ae   0x00000002   PAD
    0x080025b0   0x080025b0   0x00000006   Code   RO          154    .text.MCI_GetSTMState  mc_interface.o
    0x080025b6   0x080025b6   0x00000002   PAD
    0x080025b8   0x080025b8   0x00000008   Code   RO          194    .text.MCI_GetTeref  mc_interface.o
    0x080025c0   0x080025c0   0x00000008   Code   RO          190    .text.MCI_GetValphabeta  mc_interface.o
    0x080025c8   0x080025c8   0x00000008   Code   RO          188    .text.MCI_GetVqd    mc_interface.o
    0x080025d0   0x080025d0   0x00000012   Code   RO          134    .text.MCI_Init      mc_interface.o
    0x080025e2   0x080025e2   0x00000006   PAD
    0x080025e8   0x080025e8   0x00000010   Code   RO          140    .text.MCI_SetCurrentReferences  mc_interface.o
    0x080025f8   0x080025f8   0x00000008   Code   RO          200    .text.MCI_SetIdref  mc_interface.o
    0x08002600   0x08002600   0x00000018   Code   RO          142    .text.MCI_StartMotor  mc_interface.o
    0x08002618   0x08002618   0x00000008   Code   RO          144    .text.MCI_StopMotor  mc_interface.o
    0x08002620   0x08002620   0x00000006   Code   RO          170    .text.MCI_StopRamp  mc_interface.o
    0x08002626   0x08002626   0x00000002   PAD
    0x08002628   0x08002628   0x00000032   Code   RO          215    .text.MCM_Clarke    mc_math.o
    0x0800265a   0x0800265a   0x00000006   PAD
    0x08002660   0x08002660   0x00000048   Code   RO          217    .text.MCM_Park      mc_math.o
    0x080026a8   0x080026a8   0x00000026   Code   RO          221    .text.MCM_Rev_Park  mc_math.o
    0x080026ce   0x080026ce   0x00000002   PAD
    0x080026d0   0x080026d0   0x00000088   Code   RO          219    .text.MCM_Trig_Functions  mc_math.o
    0x08002758   0x08002758   0x0000004a   Code   RO          301    .text.MCP_Init      motor_control_protocol.o
    0x080027a2   0x080027a2   0x00000006   PAD
    0x080027a8   0x080027a8   0x00000004   Code   RO          307    .text.MCP_OnTimeOut  motor_control_protocol.o
    0x080027ac   0x080027ac   0x00000004   PAD
    0x080027b0   0x080027b0   0x00000952   Code   RO          305    .text.MCP_ReceivedFrame  motor_control_protocol.o
    0x08003102   0x08003102   0x00000006   PAD
    0x08003108   0x08003108   0x00000004   Code   RO          303    .text.MCP_SentFrame  motor_control_protocol.o
    0x0800310c   0x0800310c   0x00000004   PAD
    0x08003110   0x08003110   0x0000001a   Code   RO          309    .text.MCP_WaitNextFrame  motor_control_protocol.o
    0x0800312a   0x0800312a   0x00000006   PAD
    0x08003130   0x08003130   0x0000000e   Code   RO           53    .text.MC_GetMecSpeedAverageMotor1  mc_api.o
    0x0800313e   0x0800313e   0x00000002   PAD
    0x08003140   0x08003140   0x00000016   Code   RO           37    .text.MC_ProgramSpeedRampMotor1  mc_api.o
    0x08003156   0x08003156   0x00000002   PAD
    0x08003158   0x08003158   0x00000022   Code   RO          254    .text.MC_RunMotorControlTasks  mc_tasks.o
    0x0800317a   0x0800317a   0x00000006   PAD
    0x08003180   0x08003180   0x00000044   Code   RO          256    .text.MC_Scheduler  mc_tasks.o
    0x080031c4   0x080031c4   0x00000004   PAD
    0x080031c8   0x080031c8   0x0000000e   Code   RO           33    .text.MC_StartMotor1  mc_api.o
    0x080031d6   0x080031d6   0x00000002   PAD
    0x080031d8   0x080031d8   0x0000000e   Code   RO           35    .text.MC_StopMotor1  mc_api.o
    0x080031e6   0x080031e6   0x00000002   PAD
    0x080031e8   0x080031e8   0x000001c6   Code   RO          250    .text.MCboot        mc_tasks.o
    0x080033ae   0x080033ae   0x00000002   PAD
    0x080033b0   0x080033b0   0x0000000e   Code   RO         2388    .text.MISC_M7_IRQHandler  et6x_interrupt.o
    0x080033be   0x080033be   0x00000002   PAD
    0x080033c0   0x080033c0   0x00000104   Code   RO          575    .text.MPM_CalcElMotorPower  motor_power_measurement.o
    0x080034c4   0x080034c4   0x00000004   PAD
    0x080034c8   0x080034c8   0x0000000c   Code   RO          573    .text.MPM_Clear     motor_power_measurement.o
    0x080034d4   0x080034d4   0x00000004   PAD
    0x080034d8   0x080034d8   0x00000006   Code   RO          579    .text.MPM_GetAvrgElMotorPowerW  motor_power_measurement.o
    0x080034de   0x080034de   0x00000002   PAD
    0x080034e0   0x080034e0   0x0000000e   Code   RO         2322    .text.MTTCAN_ECC_IRQHandler  et6x_interrupt.o
    0x080034ee   0x080034ee   0x00000002   PAD
    0x080034f0   0x080034f0   0x00000078   Code   RO          331    .text.MX_MotorControl_Init  motorcontrol.o
    0x08003568   0x08003568   0x00000032   Code   RO          488    .text.MX_NVIC_Init  init_config.o
    0x0800359a   0x0800359a   0x00000006   PAD
    0x080035a0   0x080035a0   0x0000003a   Code   RO          598    .text.NTC_CalcAvTemp  ntc_temperature_sensor.o
    0x080035da   0x080035da   0x00000006   PAD
    0x080035e0   0x080035e0   0x00000006   Code   RO          596    .text.NTC_Clear     ntc_temperature_sensor.o
    0x080035e6   0x080035e6   0x00000002   PAD
    0x080035e8   0x080035e8   0x00000028   Code   RO          602    .text.NTC_GetAvTemp_C  ntc_temperature_sensor.o
    0x08003610   0x08003610   0x0000002a   Code   RO          594    .text.NTC_Init      ntc_temperature_sensor.o
    0x0800363a   0x0800363a   0x00000006   PAD
    0x08003640   0x08003640   0x0000001c   Code   RO          592    .text.NTC_SetFaultState  ntc_temperature_sensor.o
    0x0800365c   0x0800365c   0x00000004   PAD
    0x08003660   0x08003660   0x0000000e   Code   RO         2374    .text.PBUS2_TIMEOUT_IRQHandler  et6x_interrupt.o
    0x0800366e   0x0800366e   0x00000002   PAD
    0x08003670   0x08003670   0x0000000e   Code   RO         2386    .text.PERI2CORE_TIMEOUT_IRQHandler  et6x_interrupt.o
    0x0800367e   0x0800367e   0x00000002   PAD
    0x08003680   0x08003680   0x00000006   Code   RO          674    .text.PID_GetKD     pid_regulator.o
    0x08003686   0x08003686   0x00000002   PAD
    0x08003688   0x08003688   0x00000006   Code   RO          646    .text.PID_GetKI     pid_regulator.o
    0x0800368e   0x0800368e   0x00000002   PAD
    0x08003690   0x08003690   0x00000004   Code   RO          658    .text.PID_GetKIDivisor  pid_regulator.o
    0x08003694   0x08003694   0x00000004   PAD
    0x08003698   0x08003698   0x00000006   Code   RO          644    .text.PID_GetKP     pid_regulator.o
    0x0800369e   0x0800369e   0x00000002   PAD
    0x080036a0   0x080036a0   0x00000004   Code   RO          654    .text.PID_GetKPDivisor  pid_regulator.o
    0x080036a4   0x080036a4   0x00000004   PAD
    0x080036a8   0x080036a8   0x00000010   Code   RO          638    .text.PID_HandleInit  pid_regulator.o
    0x080036b8   0x080036b8   0x00000004   Code   RO          652    .text.PID_SetIntegralTerm  pid_regulator.o
    0x080036bc   0x080036bc   0x00000004   PAD
    0x080036c0   0x080036c0   0x00000004   Code   RO          672    .text.PID_SetKD     pid_regulator.o
    0x080036c4   0x080036c4   0x00000004   PAD
    0x080036c8   0x080036c8   0x00000004   Code   RO          642    .text.PID_SetKI     pid_regulator.o
    0x080036cc   0x080036cc   0x00000004   PAD
    0x080036d0   0x080036d0   0x00000004   Code   RO          640    .text.PID_SetKP     pid_regulator.o
    0x080036d4   0x080036d4   0x00000004   PAD
    0x080036d8   0x080036d8   0x0000007e   Code   RO          680    .text.PI_Controller  pid_regulator.o
    0x08003756   0x08003756   0x00000002   PAD
    0x08003758   0x08003758   0x00000060   Code   RO          695    .text.PQD_CalcElMotorPower  pqd_motor_power_measurement.o
    0x080037b8   0x080037b8   0x00000004   Code   RO          731    .text.PWMC_CheckOverCurrent  pwm_curr_fdbk.o
    0x080037bc   0x080037bc   0x00000004   PAD
    0x080037c0   0x080037c0   0x00000040   Code   RO          727    .text.PWMC_CurrentReadingCalibr  pwm_curr_fdbk.o
    0x08003800   0x08003800   0x00000004   Code   RO          719    .text.PWMC_GetPhaseCurrents  pwm_curr_fdbk.o
    0x08003804   0x08003804   0x00000004   PAD
    0x08003808   0x08003808   0x00000198   Code   RO          721    .text.PWMC_SetPhaseVoltage  pwm_curr_fdbk.o
    0x080039a0   0x080039a0   0x00000004   Code   RO          723    .text.PWMC_SwitchOffPWM  pwm_curr_fdbk.o
    0x080039a4   0x080039a4   0x00000004   PAD
    0x080039a8   0x080039a8   0x00000030   Code   RO          505    .text.PWM_U_IRQHandler  mc_it.o
    0x080039d8   0x080039d8   0x0000015a   Code   RO         1007    .text.R3_2_CurrentReadingCalibration  r3_2_f4xx_pwm_curr_fdbk.o
    0x08003b32   0x08003b32   0x00000006   PAD
    0x08003b38   0x08003b38   0x00000130   Code   RO         1019    .text.R3_2_GetPhaseCurrents  r3_2_f4xx_pwm_curr_fdbk.o
    0x08003c68   0x08003c68   0x0000004c   Code   RO         1011    .text.R3_2_HFCurrentsCalibrationAB  r3_2_f4xx_pwm_curr_fdbk.o
    0x08003cb4   0x08003cb4   0x00000004   PAD
    0x08003cb8   0x08003cb8   0x00000040   Code   RO         1017    .text.R3_2_HFCurrentsCalibrationC  r3_2_f4xx_pwm_curr_fdbk.o
    0x08003cf8   0x08003cf8   0x00000008   Code   RO         1005    .text.R3_2_Init     r3_2_f4xx_pwm_curr_fdbk.o
    0x08003d00   0x08003d00   0x00000016   Code   RO         1029    .text.R3_2_IsOverCurrentOccurred  r3_2_f4xx_pwm_curr_fdbk.o
    0x08003d16   0x08003d16   0x00000002   PAD
    0x08003d18   0x08003d18   0x000000e6   Code   RO         1039    .text.R3_2_RLDetectionModeDisable  r3_2_f4xx_pwm_curr_fdbk.o
    0x08003dfe   0x08003dfe   0x00000002   PAD
    0x08003e00   0x08003e00   0x0000008e   Code   RO         1031    .text.R3_2_RLDetectionModeEnable  r3_2_f4xx_pwm_curr_fdbk.o
    0x08003e8e   0x08003e8e   0x00000002   PAD
    0x08003e90   0x08003e90   0x00000042   Code   RO         1041    .text.R3_2_RLDetectionModeSetDuty  r3_2_f4xx_pwm_curr_fdbk.o
    0x08003ed2   0x08003ed2   0x00000006   PAD
    0x08003ed8   0x08003ed8   0x00000052   Code   RO         1033    .text.R3_2_RLGetPhaseCurrents  r3_2_f4xx_pwm_curr_fdbk.o
    0x08003f2a   0x08003f2a   0x00000006   PAD
    0x08003f30   0x08003f30   0x00000080   Code   RO         1037    .text.R3_2_RLSwitchOnPWM  r3_2_f4xx_pwm_curr_fdbk.o
    0x08003fb0   0x08003fb0   0x00000038   Code   RO         1035    .text.R3_2_RLTurnOnLowSides  r3_2_f4xx_pwm_curr_fdbk.o
    0x08003fe8   0x08003fe8   0x00000072   Code   RO         1013    .text.R3_2_SetADCSampPointCalibration  r3_2_f4xx_pwm_curr_fdbk.o
    0x0800405a   0x0800405a   0x00000006   PAD
    0x08004060   0x08004060   0x000000aa   Code   RO         1021    .text.R3_2_SetADCSampPointSectX  r3_2_f4xx_pwm_curr_fdbk.o
    0x0800410a   0x0800410a   0x00000006   PAD
    0x08004110   0x08004110   0x0000006c   Code   RO         1009    .text.R3_2_SwitchOffPWM  r3_2_f4xx_pwm_curr_fdbk.o
    0x0800417c   0x0800417c   0x00000004   PAD
    0x08004180   0x08004180   0x00000076   Code   RO         1015    .text.R3_2_SwitchOnPWM  r3_2_f4xx_pwm_curr_fdbk.o
    0x080041f6   0x080041f6   0x00000002   PAD
    0x080041f8   0x080041f8   0x000000ac   Code   RO         1025    .text.R3_2_TIMx_UP_IRQHandler  r3_2_f4xx_pwm_curr_fdbk.o
    0x080042a4   0x080042a4   0x00000004   PAD
    0x080042a8   0x080042a8   0x00000050   Code   RO         1023    .text.R3_2_TurnOnLowSides  r3_2_f4xx_pwm_curr_fdbk.o
    0x080042f8   0x080042f8   0x00000036   Code   RO          349    .text.RCM_ExecRegularConv  regular_conversion_manager.o
    0x0800432e   0x0800432e   0x00000002   PAD
    0x08004330   0x08004330   0x00000062   Code   RO          355    .text.RCM_ExecUserConv  regular_conversion_manager.o
    0x08004392   0x08004392   0x00000006   PAD
    0x08004398   0x08004398   0x000000fe   Code   RO          347    .text.RCM_RegisterRegConv  regular_conversion_manager.o
    0x08004496   0x08004496   0x00000002   PAD
    0x08004498   0x08004498   0x0000002a   Code   RO          801    .text.REMNG_Calc    ramp_ext_mngr.o
    0x080044c2   0x080044c2   0x00000006   PAD
    0x080044c8   0x080044c8   0x00000082   Code   RO          803    .text.REMNG_ExecRamp  ramp_ext_mngr.o
    0x0800454a   0x0800454a   0x00000006   PAD
    0x08004550   0x08004550   0x00000010   Code   RO          799    .text.REMNG_Init    ramp_ext_mngr.o
    0x08004560   0x08004560   0x0000000a   Code   RO          809    .text.REMNG_RampCompleted  ramp_ext_mngr.o
    0x0800456a   0x0800456a   0x00000006   PAD
    0x08004570   0x08004570   0x00000084   Code   RO          826    .text.RUC_Clear     revup_ctrl.o
    0x080045f4   0x080045f4   0x00000004   PAD
    0x080045f8   0x080045f8   0x00000070   Code   RO          830    .text.RUC_Exec      revup_ctrl.o
    0x08004668   0x08004668   0x00000012   Code   RO          836    .text.RUC_FirstAccelerationStageReached  revup_ctrl.o
    0x0800467a   0x0800467a   0x00000006   PAD
    0x08004680   0x08004680   0x00000006   Code   RO          850    .text.RUC_GetNumberOfPhases  revup_ctrl.o
    0x08004686   0x08004686   0x00000002   PAD
    0x08004688   0x08004688   0x0000000c   Code   RO          844    .text.RUC_GetPhaseDurationms  revup_ctrl.o
    0x08004694   0x08004694   0x00000004   PAD
    0x08004698   0x08004698   0x0000000e   Code   RO          846    .text.RUC_GetPhaseFinalMecSpeedUnit  revup_ctrl.o
    0x080046a6   0x080046a6   0x00000002   PAD
    0x080046a8   0x080046a8   0x0000000e   Code   RO          848    .text.RUC_GetPhaseFinalTorque  revup_ctrl.o
    0x080046b6   0x080046b6   0x00000002   PAD
    0x080046b8   0x080046b8   0x0000006a   Code   RO          824    .text.RUC_Init      revup_ctrl.o
    0x08004722   0x08004722   0x00000006   PAD
    0x08004728   0x08004728   0x0000000c   Code   RO          838    .text.RUC_SetPhaseDurationms  revup_ctrl.o
    0x08004734   0x08004734   0x00000004   PAD
    0x08004738   0x08004738   0x0000000c   Code   RO          840    .text.RUC_SetPhaseFinalMecSpeedUnit  revup_ctrl.o
    0x08004744   0x08004744   0x00000004   PAD
    0x08004748   0x08004748   0x0000000c   Code   RO          842    .text.RUC_SetPhaseFinalTorque  revup_ctrl.o
    0x08004754   0x08004754   0x00000004   PAD
    0x08004758   0x08004758   0x00000094   Code   RO          786    .text.RVBS_CalcAvVbus  r_divider_bus_voltage_sensor.o
    0x080047ec   0x080047ec   0x00000004   PAD
    0x080047f0   0x080047f0   0x0000001a   Code   RO          784    .text.RVBS_CheckFaultState  r_divider_bus_voltage_sensor.o
    0x0800480a   0x0800480a   0x00000006   PAD
    0x08004810   0x08004810   0x00000062   Code   RO          780    .text.RVBS_Clear    r_divider_bus_voltage_sensor.o
    0x08004872   0x08004872   0x00000006   PAD
    0x08004878   0x08004878   0x00000018   Code   RO          778    .text.RVBS_Init     r_divider_bus_voltage_sensor.o
    0x08004890   0x08004890   0x0000000e   Code   RO         2402    .text.SARC_INTR0_IRQHandler  et6x_interrupt.o
    0x0800489e   0x0800489e   0x00000002   PAD
    0x080048a0   0x080048a0   0x0000000e   Code   RO         2404    .text.SARC_INTR1_IRQHandler  et6x_interrupt.o
    0x080048ae   0x080048ae   0x00000002   PAD
    0x080048b0   0x080048b0   0x0000000e   Code   RO         2406    .text.SARC_INTR2_IRQHandler  et6x_interrupt.o
    0x080048be   0x080048be   0x00000002   PAD
    0x080048c0   0x080048c0   0x0000000e   Code   RO         2414    .text.SDFM_DR_INTR0_IRQHandler  et6x_interrupt.o
    0x080048ce   0x080048ce   0x00000002   PAD
    0x080048d0   0x080048d0   0x0000000e   Code   RO         2416    .text.SDFM_DR_INTR1_IRQHandler  et6x_interrupt.o
    0x080048de   0x080048de   0x00000002   PAD
    0x080048e0   0x080048e0   0x0000000e   Code   RO         2418    .text.SDFM_DR_INTR2_IRQHandler  et6x_interrupt.o
    0x080048ee   0x080048ee   0x00000002   PAD
    0x080048f0   0x080048f0   0x0000000e   Code   RO         2420    .text.SDFM_DR_INTR3_IRQHandler  et6x_interrupt.o
    0x080048fe   0x080048fe   0x00000002   PAD
    0x08004900   0x08004900   0x0000000e   Code   RO         2424    .text.SDFM_DR_INTR4_IRQHandler  et6x_interrupt.o
    0x0800490e   0x0800490e   0x00000002   PAD
    0x08004910   0x08004910   0x0000000e   Code   RO         2426    .text.SDFM_DR_INTR5_IRQHandler  et6x_interrupt.o
    0x0800491e   0x0800491e   0x00000002   PAD
    0x08004920   0x08004920   0x0000000e   Code   RO         2428    .text.SDFM_DR_INTR6_IRQHandler  et6x_interrupt.o
    0x0800492e   0x0800492e   0x00000002   PAD
    0x08004930   0x08004930   0x0000000e   Code   RO         2430    .text.SDFM_DR_INTR7_IRQHandler  et6x_interrupt.o
    0x0800493e   0x0800493e   0x00000002   PAD
    0x08004940   0x08004940   0x0000000e   Code   RO         2412    .text.SDFM_ERR_INTR0_IRQHandler  et6x_interrupt.o
    0x0800494e   0x0800494e   0x00000002   PAD
    0x08004950   0x08004950   0x0000000e   Code   RO         2422    .text.SDFM_ERR_INTR1_IRQHandler  et6x_interrupt.o
    0x0800495e   0x0800495e   0x00000002   PAD
    0x08004960   0x08004960   0x00000006   Code   RO          869    .text.SPD_GetAvrgMecSpeedUnit  speed_pos_fdbk.o
    0x08004966   0x08004966   0x00000002   PAD
    0x08004968   0x08004968   0x00000006   Code   RO          865    .text.SPD_GetElAngle  speed_pos_fdbk.o
    0x0800496e   0x0800496e   0x00000002   PAD
    0x08004970   0x08004970   0x00000006   Code   RO          873    .text.SPD_GetInstElSpeedDpp  speed_pos_fdbk.o
    0x08004976   0x08004976   0x00000002   PAD
    0x08004978   0x08004978   0x00000014   Code   RO          879    .text.SPD_GetS16Speed  speed_pos_fdbk.o
    0x0800498c   0x0800498c   0x00000004   PAD
    0x08004990   0x08004990   0x0000005c   Code   RO          877    .text.SPD_IsMecSpeedReliable  speed_pos_fdbk.o
    0x080049ec   0x080049ec   0x00000004   PAD
    0x080049f0   0x080049f0   0x0000000e   Code   RO         2302    .text.SPIM0_SSI_IRQHandler  et6x_interrupt.o
    0x080049fe   0x080049fe   0x00000002   PAD
    0x08004a00   0x08004a00   0x0000000e   Code   RO         2304    .text.SPIM1_SSI_IRQHandler  et6x_interrupt.o
    0x08004a0e   0x08004a0e   0x00000002   PAD
    0x08004a10   0x08004a10   0x0000000e   Code   RO         2306    .text.SPIM2_SSI_IRQHandler  et6x_interrupt.o
    0x08004a1e   0x08004a1e   0x00000002   PAD
    0x08004a20   0x08004a20   0x0000000e   Code   RO         2308    .text.SPIS0_SSI_IRQHandler  et6x_interrupt.o
    0x08004a2e   0x08004a2e   0x00000002   PAD
    0x08004a30   0x08004a30   0x0000000e   Code   RO         2378    .text.SRAM0_ECC_MERR_IRQHandler  et6x_interrupt.o
    0x08004a3e   0x08004a3e   0x00000002   PAD
    0x08004a40   0x08004a40   0x0000000e   Code   RO         2376    .text.SRAM0_ECC_SERR_IRQHandler  et6x_interrupt.o
    0x08004a4e   0x08004a4e   0x00000002   PAD
    0x08004a50   0x08004a50   0x0000000e   Code   RO         2382    .text.SRAM1_ECC_MERR_IRQHandler  et6x_interrupt.o
    0x08004a5e   0x08004a5e   0x00000002   PAD
    0x08004a60   0x08004a60   0x0000000e   Code   RO         2380    .text.SRAM1_ECC_SERR_IRQHandler  et6x_interrupt.o
    0x08004a6e   0x08004a6e   0x00000002   PAD
    0x08004a70   0x08004a70   0x00000030   Code   RO         2815    .text.SRPWMCOM_configADCTriggerMux  et6x_srpwm.o
    0x08004aa0   0x08004aa0   0x0000002c   Code   RO         2609    .text.SRPWMCOM_disable  et6x_srpwm.o
    0x08004acc   0x08004acc   0x00000004   PAD
    0x08004ad0   0x08004ad0   0x0000002c   Code   RO         2607    .text.SRPWMCOM_enable  et6x_srpwm.o
    0x08004afc   0x08004afc   0x00000004   PAD
    0x08004b00   0x08004b00   0x000000dc   Code   RO         2743    .text.SRPWMCOM_forcePSTPOutState  et6x_srpwm.o
    0x08004bdc   0x08004bdc   0x00000004   PAD
    0x08004be0   0x08004be0   0x000000c2   Code   RO         2833    .text.SRPWMCOM_selectSyncToSRPWM  et6x_srpwm.o
    0x08004ca2   0x08004ca2   0x00000006   PAD
    0x08004ca8   0x08004ca8   0x00000056   Code   RO         2819    .text.SRPWM_clearADCTriggerSource  et6x_srpwm.o
    0x08004cfe   0x08004cfe   0x00000002   PAD
    0x08004d00   0x08004d00   0x0000004e   Code   RO         2671    .text.SRPWM_clearInterruptStatus  et6x_srpwm.o
    0x08004d4e   0x08004d4e   0x00000002   PAD
    0x08004d50   0x08004d50   0x0000003c   Code   RO         2785    .text.SRPWM_disableHRPWMBypass  et6x_srpwm.o
    0x08004d8c   0x08004d8c   0x00000004   PAD
    0x08004d90   0x08004d90   0x0000004a   Code   RO         2677    .text.SRPWM_enableEvtInterrupt  et6x_srpwm.o
    0x08004dda   0x08004dda   0x00000006   PAD
    0x08004de0   0x08004de0   0x0000004e   Code   RO         2661    .text.SRPWM_enableInterrupt  et6x_srpwm.o
    0x08004e2e   0x08004e2e   0x00000002   PAD
    0x08004e30   0x08004e30   0x000000e6   Code   RO         2673    .text.SRPWM_getInterruptStatus  et6x_srpwm.o
    0x08004f16   0x08004f16   0x00000002   PAD
    0x08004f18   0x08004f18   0x00000208   Code   RO         2631    .text.SRPWM_initCMP  et6x_srpwm.o
    0x08005120   0x08005120   0x00000026   Code   RO         2629    .text.SRPWM_initCMPStruct  et6x_srpwm.o
    0x08005146   0x08005146   0x00000002   PAD
    0x08005148   0x08005148   0x000001dc   Code   RO         2637    .text.SRPWM_initDB  et6x_srpwm.o
    0x08005324   0x08005324   0x00000004   PAD
    0x08005328   0x08005328   0x00000014   Code   RO         2635    .text.SRPWM_initDBStruct  et6x_srpwm.o
    0x0800533c   0x0800533c   0x00000004   PAD
    0x08005340   0x08005340   0x0000009c   Code   RO         2765    .text.SRPWM_initPSTP  et6x_srpwm.o
    0x080053dc   0x080053dc   0x00000004   PAD
    0x080053e0   0x080053e0   0x00000008   Code   RO         2763    .text.SRPWM_initPSTPStruct  et6x_srpwm.o
    0x080053e8   0x080053e8   0x00000160   Code   RO         2627    .text.SRPWM_initTB  et6x_srpwm.o
    0x08005548   0x08005548   0x00000012   Code   RO         2625    .text.SRPWM_initTBStruct  et6x_srpwm.o
    0x0800555a   0x0800555a   0x00000006   PAD
    0x08005560   0x08005560   0x00000066   Code   RO         2835    .text.SRPWM_selectSyncOut  et6x_srpwm.o
    0x080055c6   0x080055c6   0x00000002   PAD
    0x080055c8   0x080055c8   0x00000056   Code   RO         2817    .text.SRPWM_setADCTriggerSource  et6x_srpwm.o
    0x0800561e   0x0800561e   0x00000002   PAD
    0x08005620   0x08005620   0x000000a4   Code   RO         2643    .text.SRPWM_setCounterCompareValue  et6x_srpwm.o
    0x080056c4   0x080056c4   0x00000004   PAD
    0x080056c8   0x080056c8   0x00000086   Code   RO         2659    .text.SRPWM_setPG   et6x_srpwm.o
    0x0800574e   0x0800574e   0x00000002   PAD
    0x08005750   0x08005750   0x00000056   Code   RO          916    .text.STC_CalcTorqueReference  speed_torq_ctrl.o
    0x080057a6   0x080057a6   0x00000002   PAD
    0x080057a8   0x080057a8   0x00000010   Code   RO          902    .text.STC_Clear     speed_torq_ctrl.o
    0x080057b8   0x080057b8   0x000000a4   Code   RO          912    .text.STC_ExecRamp  speed_torq_ctrl.o
    0x0800585c   0x0800585c   0x00000004   PAD
    0x08005860   0x08005860   0x00000010   Code   RO          932    .text.STC_ForceSpeedReferenceToCurrentSpeed  speed_torq_ctrl.o
    0x08005870   0x08005870   0x00000006   Code   RO          928    .text.STC_GetDefaultIqdref  speed_torq_ctrl.o
    0x08005876   0x08005876   0x00000002   PAD
    0x08005878   0x08005878   0x00000004   Code   RO          920    .text.STC_GetMaxAppPositiveMecSpeedUnit  speed_torq_ctrl.o
    0x0800587c   0x0800587c   0x00000004   PAD
    0x08005880   0x08005880   0x0000000c   Code   RO          904    .text.STC_GetMecSpeedRefUnit  speed_torq_ctrl.o
    0x0800588c   0x0800588c   0x00000004   PAD
    0x08005890   0x08005890   0x00000006   Code   RO          918    .text.STC_GetMecSpeedRefUnitDefault  speed_torq_ctrl.o
    0x08005896   0x08005896   0x00000002   PAD
    0x08005898   0x08005898   0x00000006   Code   RO          922    .text.STC_GetMinAppNegativeMecSpeedUnit  speed_torq_ctrl.o
    0x0800589e   0x0800589e   0x00000002   PAD
    0x080058a0   0x080058a0   0x00000004   Code   RO          900    .text.STC_GetSpeedSensor  speed_torq_ctrl.o
    0x080058a4   0x080058a4   0x00000004   PAD
    0x080058a8   0x080058a8   0x0000000c   Code   RO          906    .text.STC_GetTorqueRef  speed_torq_ctrl.o
    0x080058b4   0x080058b4   0x00000004   PAD
    0x080058b8   0x080058b8   0x0000002a   Code   RO          896    .text.STC_Init      speed_torq_ctrl.o
    0x080058e2   0x080058e2   0x00000006   PAD
    0x080058e8   0x080058e8   0x00000008   Code   RO          908    .text.STC_SetControlMode  speed_torq_ctrl.o
    0x080058f0   0x080058f0   0x00000004   Code   RO          898    .text.STC_SetSpeedSensor  speed_torq_ctrl.o
    0x080058f4   0x080058f4   0x00000004   PAD
    0x080058f8   0x080058f8   0x00000008   Code   RO          914    .text.STC_StopRamp  speed_torq_ctrl.o
    0x08005900   0x08005900   0x0000001a   Code   RO          953    .text.STM_FaultAcknowledged  state_machine.o
    0x0800591a   0x0800591a   0x00000006   PAD
    0x08005920   0x08005920   0x00000044   Code   RO          949    .text.STM_FaultProcessing  state_machine.o
    0x08005964   0x08005964   0x00000004   PAD
    0x08005968   0x08005968   0x0000000a   Code   RO          955    .text.STM_GetFaultState  state_machine.o
    0x08005972   0x08005972   0x00000006   PAD
    0x08005978   0x08005978   0x00000004   Code   RO          951    .text.STM_GetState  state_machine.o
    0x0800597c   0x0800597c   0x00000004   PAD
    0x08005980   0x08005980   0x0000000e   Code   RO         2438    .text.STM_INTR0_IRQHandler  et6x_interrupt.o
    0x0800598e   0x0800598e   0x00000002   PAD
    0x08005990   0x08005990   0x0000000e   Code   RO         2440    .text.STM_INTR1_IRQHandler  et6x_interrupt.o
    0x0800599e   0x0800599e   0x00000002   PAD
    0x080059a0   0x080059a0   0x0000000a   Code   RO          945    .text.STM_Init      state_machine.o
    0x080059aa   0x080059aa   0x00000006   PAD
    0x080059b0   0x080059b0   0x00000290   Code   RO          947    .text.STM_NextState  state_machine.o
    0x08005c40   0x08005c40   0x0000001c   Code   RO         1166    .text.STO_GetPLLGains  sto_pll_speed_pos_fdbk.o
    0x08005c5c   0x08005c5c   0x00000004   PAD
    0x08005c60   0x08005c60   0x0000000a   Code   RO         1172    .text.STO_OTF_ResetPLL  sto_pll_speed_pos_fdbk.o
    0x08005c6a   0x08005c6a   0x00000006   PAD
    0x08005c70   0x08005c70   0x0000005a   Code   RO         1154    .text.STO_PLL_CalcAvrgElSpeedDpp  sto_pll_speed_pos_fdbk.o
    0x08005cca   0x08005cca   0x00000006   PAD
    0x08005cd0   0x08005cd0   0x0000029e   Code   RO         1152    .text.STO_PLL_CalcAvrgMecSpeedUnit  sto_pll_speed_pos_fdbk.o
    0x08005f6e   0x08005f6e   0x00000002   PAD
    0x08005f70   0x08005f70   0x00000198   Code   RO         1150    .text.STO_PLL_CalcElAngle  sto_pll_speed_pos_fdbk.o
    0x08006108   0x08006108   0x00000048   Code   RO         1146    .text.STO_PLL_Clear  sto_pll_speed_pos_fdbk.o
    0x08006150   0x08006150   0x0000000a   Code   RO         1188    .text.STO_PLL_ForceConvergency1  sto_pll_speed_pos_fdbk.o
    0x0800615a   0x0800615a   0x00000006   PAD
    0x08006160   0x08006160   0x0000000a   Code   RO         1190    .text.STO_PLL_ForceConvergency2  sto_pll_speed_pos_fdbk.o
    0x0800616a   0x0800616a   0x00000006   PAD
    0x08006170   0x08006170   0x00000004   Code   RO         1158    .text.STO_PLL_GetEstimatedBemf  sto_pll_speed_pos_fdbk.o
    0x08006174   0x08006174   0x00000004   PAD
    0x08006178   0x08006178   0x00000006   Code   RO         1178    .text.STO_PLL_GetEstimatedBemfLevel  sto_pll_speed_pos_fdbk.o
    0x0800617e   0x0800617e   0x00000002   PAD
    0x08006180   0x08006180   0x00000012   Code   RO         1160    .text.STO_PLL_GetEstimatedCurrent  sto_pll_speed_pos_fdbk.o
    0x08006192   0x08006192   0x00000006   PAD
    0x08006198   0x08006198   0x00000006   Code   RO         1180    .text.STO_PLL_GetObservedBemfLevel  sto_pll_speed_pos_fdbk.o
    0x0800619e   0x0800619e   0x00000002   PAD
    0x080061a0   0x080061a0   0x0000000a   Code   RO         1162    .text.STO_PLL_GetObserverGains  sto_pll_speed_pos_fdbk.o
    0x080061aa   0x080061aa   0x00000006   PAD
    0x080061b0   0x080061b0   0x000000cc   Code   RO         1144    .text.STO_PLL_Init  sto_pll_speed_pos_fdbk.o
    0x0800627c   0x0800627c   0x00000004   PAD
    0x08006280   0x08006280   0x000000b6   Code   RO         1156    .text.STO_PLL_IsObserverConverged  sto_pll_speed_pos_fdbk.o
    0x08006336   0x08006336   0x00000002   PAD
    0x08006338   0x08006338   0x00000008   Code   RO         1186    .text.STO_PLL_IsVarianceTight  sto_pll_speed_pos_fdbk.o
    0x08006340   0x08006340   0x00000006   Code   RO         1164    .text.STO_PLL_SetObserverGains  sto_pll_speed_pos_fdbk.o
    0x08006346   0x08006346   0x00000002   PAD
    0x08006348   0x08006348   0x00000008   Code   RO         1174    .text.STO_ResetPLL  sto_pll_speed_pos_fdbk.o
    0x08006350   0x08006350   0x0000001a   Code   RO         1168    .text.STO_SetPLLGains  sto_pll_speed_pos_fdbk.o
    0x0800636a   0x0800636a   0x00000006   PAD
    0x08006370   0x08006370   0x0000004c   Code   RO         2979    .text.SYSCTRL_selectAnalogPinMux  et6x_sysctrl.o
    0x080063bc   0x080063bc   0x00000004   PAD
    0x080063c0   0x080063c0   0x0000000e   Code   RO         2496    .text.SYSC_IRQHandler  et6x_interrupt.o
    0x080063ce   0x080063ce   0x00000002   PAD
    0x080063d0   0x080063d0   0x00000050   Code   RO          511    .text.SysTick_Handler  mc_it.o
    0x08006420   0x08006420   0x00000012   Code   RO         3293    .text.SystemCoreClockUpdate  system_et6x.o
    0x08006432   0x08006432   0x00000006   PAD
    0x08006438   0x08006438   0x00000292   Code   RO         3291    .text.SystemInit    system_et6x.o
    0x080066ca   0x080066ca   0x00000006   PAD
    0x080066d0   0x080066d0   0x00000012   Code   RO          264    .text.TSK_ChargeBootCapDelayHasElapsedM1  mc_tasks.o
    0x080066e2   0x080066e2   0x00000006   PAD
    0x080066e8   0x080066e8   0x00000020   Code   RO          282    .text.TSK_HardwareFaultTask  mc_tasks.o
    0x08006708   0x08006708   0x00000162   Code   RO          274    .text.TSK_HighFrequencyTask  mc_tasks.o
    0x0800686a   0x0800686a   0x00000006   PAD
    0x08006870   0x08006870   0x0000027e   Code   RO          260    .text.TSK_MediumFrequencyTaskM1  mc_tasks.o
    0x08006aee   0x08006aee   0x00000002   PAD
    0x08006af0   0x08006af0   0x00000020   Code   RO          258    .text.TSK_SafetyTask  mc_tasks.o
    0x08006b10   0x08006b10   0x00000080   Code   RO          276    .text.TSK_SafetyTask_PWMOFF  mc_tasks.o
    0x08006b90   0x08006b90   0x0000000c   Code   RO          262    .text.TSK_SetChargeBootCapDelayM1  mc_tasks.o
    0x08006b9c   0x08006b9c   0x00000004   PAD
    0x08006ba0   0x08006ba0   0x0000000c   Code   RO          270    .text.TSK_SetStopPermanencyTimeM1  mc_tasks.o
    0x08006bac   0x08006bac   0x00000004   PAD
    0x08006bb0   0x08006bb0   0x00000012   Code   RO          272    .text.TSK_StopPermanencyTimeHasElapsedM1  mc_tasks.o
    0x08006bc2   0x08006bc2   0x00000006   PAD
    0x08006bc8   0x08006bc8   0x0000000c   Code   RO         2294    .text.UART0_IRQHandler  et6x_interrupt.o
    0x08006bd4   0x08006bd4   0x00000004   PAD
    0x08006bd8   0x08006bd8   0x0000000e   Code   RO         2296    .text.UART1_IRQHandler  et6x_interrupt.o
    0x08006be6   0x08006be6   0x00000002   PAD
    0x08006be8   0x08006be8   0x0000003e   Code   RO         3061    .text.UART_clearInterruptStatus  et6x_uart.o
    0x08006c26   0x08006c26   0x00000002   PAD
    0x08006c28   0x08006c28   0x00000028   Code   RO         3057    .text.UART_disableInterrupt  et6x_uart.o
    0x08006c50   0x08006c50   0x00000048   Code   RO         3007    .text.UART_enableFIFO  et6x_uart.o
    0x08006c98   0x08006c98   0x00000026   Code   RO         3055    .text.UART_enableInterrupt  et6x_uart.o
    0x08006cbe   0x08006cbe   0x00000002   PAD
    0x08006cc0   0x08006cc0   0x00000028   Code   RO         3059    .text.UART_getInterruptStatus  et6x_uart.o
    0x08006ce8   0x08006ce8   0x00000028   Code   RO         3021    .text.UART_isSpaceAvailableNonFIFO  et6x_uart.o
    0x08006d10   0x08006d10   0x00000032   Code   RO         3043    .text.UART_performSoftwareReset  et6x_uart.o
    0x08006d42   0x08006d42   0x00000006   PAD
    0x08006d48   0x08006d48   0x0000004c   Code   RO         3039    .text.UART_readCharBlockingNonFIFO  et6x_uart.o
    0x08006d94   0x08006d94   0x00000004   PAD
    0x08006d98   0x08006d98   0x00000022   Code   RO         3041    .text.UART_readCharNonBlocking  et6x_uart.o
    0x08006dba   0x08006dba   0x00000006   PAD
    0x08006dc0   0x08006dc0   0x000000ac   Code   RO         3049    .text.UART_setConfig  et6x_uart.o
    0x08006e6c   0x08006e6c   0x00000004   PAD
    0x08006e70   0x08006e70   0x0000004c   Code   RO         3031    .text.UART_writeCharBlockingNonFIFO  et6x_uart.o
    0x08006ebc   0x08006ebc   0x00000004   PAD
    0x08006ec0   0x08006ec0   0x00000020   Code   RO         3033    .text.UART_writeCharNonBlocking  et6x_uart.o
    0x08006ee0   0x08006ee0   0x00000008   Code   RO         1088    .text.UFCP_AbortReceive  usart_frame_communication_protocol.o
    0x08006ee8   0x08006ee8   0x00000004   Code   RO         1074    .text.UFCP_Init     usart_frame_communication_protocol.o
    0x08006eec   0x08006eec   0x00000004   PAD
    0x08006ef0   0x08006ef0   0x0000001a   Code   RO         1082    .text.UFCP_OVR_IRQ_Handler  usart_frame_communication_protocol.o
    0x08006f0a   0x08006f0a   0x00000006   PAD
    0x08006f10   0x08006f10   0x000000ca   Code   RO         1076    .text.UFCP_RX_IRQ_Handler  usart_frame_communication_protocol.o
    0x08006fda   0x08006fda   0x00000006   PAD
    0x08006fe0   0x08006fe0   0x0000002a   Code   RO         1086    .text.UFCP_Receive  usart_frame_communication_protocol.o
    0x0800700a   0x0800700a   0x00000006   PAD
    0x08007010   0x08007010   0x000000bc   Code   RO         1078    .text.UFCP_Send     usart_frame_communication_protocol.o
    0x080070cc   0x080070cc   0x00000004   PAD
    0x080070d0   0x080070d0   0x00000076   Code   RO         1080    .text.UFCP_TX_IRQ_Handler  usart_frame_communication_protocol.o
    0x08007146   0x08007146   0x00000002   PAD
    0x08007148   0x08007148   0x0000000a   Code   RO          443    .text.UI_DACExec    user_interface.o
    0x08007152   0x08007152   0x00000006   PAD
    0x08007158   0x08007158   0x0000000a   Code   RO          441    .text.UI_DACInit    user_interface.o
    0x08007162   0x08007162   0x00000006   PAD
    0x08007168   0x08007168   0x00000022   Code   RO          375    .text.UI_DACUpdate  ui_task.o
    0x0800718a   0x0800718a   0x00000006   PAD
    0x08007190   0x08007190   0x0000009e   Code   RO          427    .text.UI_ExecCmd    user_interface.o
    0x0800722e   0x0800722e   0x00000002   PAD
    0x08007230   0x08007230   0x00000026   Code   RO          429    .text.UI_ExecSpeedRamp  user_interface.o
    0x08007256   0x08007256   0x00000002   PAD
    0x08007258   0x08007258   0x00000014   Code   RO          431    .text.UI_ExecTorqueRamp  user_interface.o
    0x0800726c   0x0800726c   0x00000004   PAD
    0x08007270   0x08007270   0x0000000c   Code   RO          425    .text.UI_GetDAC     user_interface.o
    0x0800727c   0x0800727c   0x00000004   PAD
    0x08007280   0x08007280   0x00000004   Code   RO          439    .text.UI_GetMPInfo  user_interface.o
    0x08007284   0x08007284   0x00000004   PAD
    0x08007288   0x08007288   0x00000616   Code   RO          423    .text.UI_GetReg     user_interface.o
    0x0800789e   0x0800789e   0x00000002   PAD
    0x080078a0   0x080078a0   0x00000046   Code   RO          433    .text.UI_GetRevupData  user_interface.o
    0x080078e6   0x080078e6   0x00000002   PAD
    0x080078e8   0x080078e8   0x00000006   Code   RO          417    .text.UI_GetSelectedMC  user_interface.o
    0x080078ee   0x080078ee   0x00000002   PAD
    0x080078f0   0x080078f0   0x00000012   Code   RO          413    .text.UI_Init       user_interface.o
    0x08007902   0x08007902   0x00000006   PAD
    0x08007908   0x08007908   0x00000036   Code   RO          373    .text.UI_Scheduler  ui_task.o
    0x0800793e   0x0800793e   0x00000002   PAD
    0x08007940   0x08007940   0x00000014   Code   RO          415    .text.UI_SelectMC   user_interface.o
    0x08007954   0x08007954   0x00000004   PAD
    0x08007958   0x08007958   0x0000000e   Code   RO          395    .text.UI_SerialCommunicationTimeOutStart  ui_task.o
    0x08007966   0x08007966   0x00000002   PAD
    0x08007968   0x08007968   0x0000000e   Code   RO          393    .text.UI_SerialCommunicationTimeOutStop  ui_task.o
    0x08007976   0x08007976   0x00000002   PAD
    0x08007978   0x08007978   0x00000012   Code   RO          437    .text.UI_SetCurrentReferences  user_interface.o
    0x0800798a   0x0800798a   0x00000006   PAD
    0x08007990   0x08007990   0x0000000a   Code   RO          445    .text.UI_SetDAC     user_interface.o
    0x0800799a   0x0800799a   0x00000006   PAD
    0x080079a0   0x080079a0   0x000002da   Code   RO          421    .text.UI_SetReg     user_interface.o
    0x08007c7a   0x08007c7a   0x00000006   PAD
    0x08007c80   0x08007c80   0x00000036   Code   RO          435    .text.UI_SetRevupData  user_interface.o
    0x08007cb6   0x08007cb6   0x00000002   PAD
    0x08007cb8   0x08007cb8   0x00000104   Code   RO          371    .text.UI_TaskInit   ui_task.o
    0x08007dbc   0x08007dbc   0x00000004   PAD
    0x08007dc0   0x08007dc0   0x00000060   Code   RO          507    .text.USER_UART_IRQHandler  mc_it.o
    0x08007e20   0x08007e20   0x0000000a   Code   RO          531    .text.VBS_GetAvBusVoltage_V  bus_voltage_sensor.o
    0x08007e2a   0x08007e2a   0x00000006   PAD
    0x08007e30   0x08007e30   0x00000004   Code   RO          529    .text.VBS_GetAvBusVoltage_d  bus_voltage_sensor.o
    0x08007e34   0x08007e34   0x00000004   PAD
    0x08007e38   0x08007e38   0x0000009a   Code   RO          974    .text.VSS_CalcAvrgMecSpeedUnit  virtual_speed_sensor.o
    0x08007ed2   0x08007ed2   0x00000006   PAD
    0x08007ed8   0x08007ed8   0x000000a8   Code   RO          972    .text.VSS_CalcElAngle  virtual_speed_sensor.o
    0x08007f80   0x08007f80   0x0000001a   Code   RO          970    .text.VSS_Clear     virtual_speed_sensor.o
    0x08007f9a   0x08007f9a   0x00000006   PAD
    0x08007fa0   0x08007fa0   0x00000004   Code   RO          968    .text.VSS_Init      virtual_speed_sensor.o
    0x08007fa4   0x08007fa4   0x00000004   PAD
    0x08007fa8   0x08007fa8   0x00000082   Code   RO          978    .text.VSS_SetMecAcceleration  virtual_speed_sensor.o
    0x0800802a   0x0800802a   0x00000006   PAD
    0x08008030   0x08008030   0x0000000e   Code   RO          976    .text.VSS_SetMecAngle  virtual_speed_sensor.o
    0x0800803e   0x0800803e   0x00000002   PAD
    0x08008040   0x08008040   0x00000020   Code   RO          984    .text.VSS_SetStartTransition  virtual_speed_sensor.o
    0x08008060   0x08008060   0x00000006   Code   RO          988    .text.VSS_TransitionEnded  virtual_speed_sensor.o
    0x08008066   0x08008066   0x00000002   PAD
    0x08008068   0x08008068   0x0000000c   Code   RO         2290    .text.WDG0_IRQHandler  et6x_interrupt.o
    0x08008074   0x08008074   0x00000004   PAD
    0x08008078   0x08008078   0x0000000c   Code   RO         2292    .text.WDG1_IRQHandler  et6x_interrupt.o
    0x08008084   0x08008084   0x00000004   PAD
    0x08008088   0x08008088   0x0000000e   Code   RO         2498    .text.XBAR_INTR0_IRQHandler  et6x_interrupt.o
    0x08008096   0x08008096   0x00000002   PAD
    0x08008098   0x08008098   0x0000000e   Code   RO         2500    .text.XBAR_INTR1_IRQHandler  et6x_interrupt.o
    0x080080a6   0x080080a6   0x00000002   PAD
    0x080080a8   0x080080a8   0x0000000e   Code   RO         2502    .text.XBAR_INTR2_IRQHandler  et6x_interrupt.o
    0x080080b6   0x080080b6   0x00000002   PAD
    0x080080b8   0x080080b8   0x0000000e   Code   RO         2504    .text.XBAR_INTR3_IRQHandler  et6x_interrupt.o
    0x080080c6   0x080080c6   0x00000002   PAD
    0x080080c8   0x080080c8   0x0000000e   Code   RO         2506    .text.XBAR_INTR4_IRQHandler  et6x_interrupt.o
    0x080080d6   0x080080d6   0x00000002   PAD
    0x080080d8   0x080080d8   0x00000014   Code   RO         1620    .text.arm_cm_delay_asm  et6x_cortex.o
    0x080080ec   0x080080ec   0x00000004   PAD
    0x080080f0   0x080080f0   0x0000003c   Code   RO           17    .text.assert_failed  main.o
    0x0800812c   0x0800812c   0x00000004   PAD
    0x08008130   0x08008130   0x00000014   Code   RO          484    .text.fputc         init_config.o
    0x08008144   0x08008144   0x00000004   PAD
    0x08008148   0x08008148   0x0000006c   Code   RO          805    .text.getScalingFactor  ramp_ext_mngr.o
    0x080081b4   0x080081b4   0x00000004   PAD
    0x080081b8   0x080081b8   0x0000004c   Code   RO          460    .text.key_init      key.o
    0x08008204   0x08008204   0x00000004   PAD
    0x08008208   0x08008208   0x00000074   Code   RO          462    .text.key_scan      key.o
    0x0800827c   0x0800827c   0x00000004   PAD
    0x08008280   0x08008280   0x0000003c   Code   RO          464    .text.led_init      key.o
    0x080082bc   0x080082bc   0x00000004   PAD
    0x080082c0   0x080082c0   0x000001e8   Code   RO           19    .text.main          main.o
    0x080084a8   0x080084a8   0x0000003e   Code   RO          490    .text.sd_gpio_init  init_config.o
    0x080084e6   0x080084e6   0x00000002   PAD
    0x080084e8   0x080084e8   0x00000158   Code   RO          480    .text.user_adc_init  init_config.o
    0x08008640   0x08008640   0x000003b8   Code   RO          482    .text.user_srpwm_init  init_config.o
    0x080089f8   0x080089f8   0x00000076   Code   RO          486    .text.user_uart_init  init_config.o
    0x08008a6e   0x08008a6e   0x00000002   PAD
    0x08008a70   0x08008a70   0x0000006a   Code   RO          707    .text.waitForPolarizationEnd  pwm_common.o
    0x08008ada   0x08008ada   0x00000002   PAD
    0x08008adc   0x08008adc   0x00000020   Code   RO         3430    i.__0printf$4       mc_w.l(printf4.o)
    0x08008afc   0x08008afc   0x0000000e   Code   RO         3629    i.__scatterload_copy  mc_w.l(handlers.o)
    0x08008b0a   0x08008b0a   0x00000002   Code   RO         3630    i.__scatterload_null  mc_w.l(handlers.o)
    0x08008b0c   0x08008b0c   0x0000000e   Code   RO         3631    i.__scatterload_zeroinit  mc_w.l(handlers.o)
    0x08008b1a   0x08008b1a   0x00000002   PAD
    0x08008b1c   0x08008b1c   0x0000022c   Code   RO         3437    i._printf_core      mc_w.l(printf4.o)
    0x08008d48   0x08008d48   0x00000024   Code   RO         3311    i.puts              mc_w.l(puts.o)
    0x08008d6c   0x08008d6c   0x000000bc   Data   RO          241    .rodata.R3_2_ParamsM1  mc_parameters.o
    0x08008e28   0x08008e28   0x00000002   Data   RO         1090    .rodata.UFCP_Usart_Timeout_none  usart_frame_communication_protocol.o
    0x08008e2a   0x08008e2a   0x00000002   Data   RO         1091    .rodata.UFCP_Usart_Timeout_start  usart_frame_communication_protocol.o
    0x08008e2c   0x08008e2c   0x00000002   Data   RO         1092    .rodata.UFCP_Usart_Timeout_stop  usart_frame_communication_protocol.o
    0x08008e2e   0x08008e2e   0x00000002   PAD
    0x08008e30   0x08008e30   0x0000000c   Data   RO         3297    .rodata.clkInit     system_et6x.o
    0x08008e3c   0x08008e3c   0x00000200   Data   RO          229    .rodata.hSin_Cos_Table  mc_math.o
    0x0800903c   0x0800903c   0x00000020   Data   RO         3296    .rodata.pllInit     system_et6x.o
    0x0800905c   0x0800905c   0x00000020   Data   RO          333    .rodata.s_fwVer     motorcontrol.o
    0x0800907c   0x0800907c   0x00000047   Data   RO         1451    .rodata.str1.1      et6x_adc.o
    0x080090c3   0x080090c3   0x0000004a   Data   RO         1625    .rodata.str1.1      et6x_cortex.o
    0x0800910d   0x0800910d   0x00000047   Data   RO         1722    .rodata.str1.1      et6x_crg.o
    0x08009154   0x08009154   0x00000047   Data   RO         1788    .rodata.str1.1      et6x_dac.o
    0x0800919b   0x0800919b   0x00000048   Data   RO         2160    .rodata.str1.1      et6x_gpio.o
    0x080091e3   0x080091e3   0x00000049   Data   RO         2861    .rodata.str1.1      et6x_srpwm.o
    0x0800922c   0x0800922c   0x00000048   Data   RO         3067    .rodata.str1.1      et6x_uart.o
    0x08009274   0x08009274   0x00000020   Data   RO         3628    Region$$Table       anon$$obj.o


    Execution Region RW_IRAM1 (Exec base: 0x20000000, Load base: 0x08009298, Size: 0x00001368, Max: 0x00008000, ABSOLUTE, COMPRESSED[0x00000230])

    Exec Addr    Load Addr    Size         Type   Attr      Idx    E Section Name        Object

    0x20000000   COMPRESSED   0x00000004   Data   RW         3594    .data               mc_w.l(stdout.o)
    0x20000004   COMPRESSED   0x00000004   Data   RW          515    .data..L_MergedGlobals  mc_it.o
    0x20000008   COMPRESSED   0x000000b4   Data   RW          124    .data.CircleLimitationM1  mc_config.o
    0x200000bc   COMPRESSED   0x0000003c   Data   RW          122    .data.DAC_UI_Params  mc_config.o
    0x200000f8   COMPRESSED   0x0000002c   Data   RW          110    .data.PIDIdHandle_M1  mc_config.o
    0x20000124   COMPRESSED   0x0000002c   Data   RW          109    .data.PIDIqHandle_M1  mc_config.o
    0x20000150   COMPRESSED   0x0000002c   Data   RW          108    .data.PIDSpeedHandle_M1  mc_config.o
    0x2000017c   COMPRESSED   0x00000114   Data   RW          106    .data.PQD_MotorPowMeasM1  mc_config.o
    0x20000290   COMPRESSED   0x0000007c   Data   RW          113    .data.PWM_Handle_M1  mc_config.o
    0x2000030c   COMPRESSED   0x00000018   Data   RW          123    .data.RampExtMngrHFParamsM1  mc_config.o
    0x20000324   COMPRESSED   0x00000028   Data   RW          120    .data.RealBusVoltageSensorParamsM1  mc_config.o
    0x2000034c   COMPRESSED   0x00000078   Data   RW          112    .data.RevUpControlM1  mc_config.o
    0x200003c4   COMPRESSED   0x00000014   Data   RW          117    .data.STO_M1        mc_config.o
    0x200003d8   COMPRESSED   0x00000128   Data   RW          115    .data.STO_PLL_M1    mc_config.o
    0x20000500   COMPRESSED   0x00000034   Data   RW          111    .data.SpeednTorqCtrlM1  mc_config.o
    0x20000534   COMPRESSED   0x00000004   Data   RW         3295    .data.SystemCoreClock  system_et6x.o
    0x20000538   COMPRESSED   0x00000028   Data   RW          118    .data.TempSensorParamsM1  mc_config.o
    0x20000560   COMPRESSED   0x00000030   Data   RW          121    .data.UI_Params     mc_config.o
    0x20000590   COMPRESSED   0x00000038   Data   RW          114    .data.VirtualSpeedSensorM1  mc_config.o
    0x200005c8   COMPRESSED   0x00000002   Data   RW          400    .data.bCOMATRTimeCounter  ui_task.o
    0x200005ca   COMPRESSED   0x00000002   PAD
    0x200005cc   COMPRESSED   0x0000013c   Data   RW          125    .data.pUSART        mc_config.o
    0x20000708   COMPRESSED   0x00000004   Data   RW          334    .data.wConfig       motorcontrol.o
    0x2000070c   COMPRESSED   0x00000004   PAD
    0x20000710        -       0x0000007e   Zero   RW          289    .bss..L_MergedGlobals  mc_tasks.o
    0x2000078e   COMPRESSED   0x00000002   PAD
    0x20000790        -       0x00000008   Zero   RW          335    .bss..L_MergedGlobals  motorcontrol.o
    0x20000798        -       0x00000034   Zero   RW          359    .bss..L_MergedGlobals  regular_conversion_manager.o
    0x200007cc        -       0x0000000c   Zero   RW          401    .bss..L_MergedGlobals  ui_task.o
    0x200007d8        -       0x00000002   Zero   RW         3068    .bss..L_MergedGlobals  et6x_uart.o
    0x200007da   COMPRESSED   0x00000002   PAD
    0x200007dc        -       0x000000cc   Zero   RW          399    .bss.MCP_UI_Params  ui_task.o
    0x200008a8        -       0x00000054   Zero   RW          286    .bss.MCT            mc_tasks.o
    0x200008fc        -       0x00000008   Zero   RW          319    .bss.MPInfo         motor_control_protocol.o
    0x20000904        -       0x00000014   Zero   RW          119    .bss.RealBusVoltageSensorFilterBufferM1  mc_config.o
    0x20000918        -       0x00000001   Zero   RW          468    .bss.key_scan.key_up  key.o
    0x20000919   COMPRESSED   0x00000003   PAD
    0x2000091c        -       0x00000004   Zero   RW          514    .bss.uwTick         mc_it.o
    0x20000920        -       0x00000248   Zero   RW         2508    .bss.vectorTable    et6x_interrupt.o
    0x20000b68        -       0x00000800   Zero   RW         3281    STACK               startup_et6039.o


==============================================================================

Image component sizes


      Code (inc. data)   RO Data    RW Data    ZI Data      Debug   Object Name

        14          0          0          0          0       1857   bus_voltage_sensor.o
        72          0          0          0          0       2044   circle_limitation.o
        34          0          0          0          0      42412   dac_common_ui.o
       166          0          0          0          0      42978   dac_ui.o
      3524        436         71          0          0      41036   et6x_adc.o
       182          0         74          0          0       7961   et6x_cortex.o
      1134          0         71          0          0      15434   et6x_crg.o
       352          0         71          0          0      11287   et6x_dac.o
       800          0         72          0          0      14916   et6x_gpio.o
      1666          0          0          0        584      15595   et6x_interrupt.o
      3230        204         73          0          0      72910   et6x_srpwm.o
        76          0          0          0          0      13958   et6x_sysctrl.o
       732          4         72          0          2      12663   et6x_uart.o
       212          0          0          0          0      44460   frame_communication_protocol.o
      1546          0          0          0          0      52048   init_config.o
       346          0          0          0          1       3484   key.o
       548        108          0          0          0       4658   main.o
        64          0          0          0          0       9159   mc_api.o
         0          0          0       1784         20          0   mc_config.o
       412          0          0          0          0      10460   mc_interface.o
       392          0          0          4          4      69177   mc_it.o
       296          4        512          0          0       5211   mc_math.o
         0          0        188          0          0          0   mc_parameters.o
      1926         34          0          0        210      43174   mc_tasks.o
      2494        586          0          0          8      52294   motor_control_protocol.o
       278          0          0          0          0       2936   motor_power_measurement.o
       120          0         32          4          8      40704   motorcontrol.o
       174          0          0          0          0      14216   ntc_temperature_sensor.o
       184          0          0          0          0       5169   pid_regulator.o
        96          0          0          0          0       2811   pqd_motor_power_measurement.o
       106          0          0          0          0      22290   pwm_common.o
       484          0          0          0          0       7111   pwm_curr_fdbk.o
      2286          0          0          0          0      50181   r3_2_f4xx_pwm_curr_fdbk.o
       296          0          0          0          0      15164   r_divider_bus_voltage_sensor.o
       306          0          0          0          0       3089   ramp_ext_mngr.o
       406          0          0          0         52      15383   regular_conversion_manager.o
       450          0          0          0          0      11016   revup_ctrl.o
       130          0          0          0          0       3319   speed_pos_fdbk.o
       394          0          0          0          0       6776   speed_torq_ctrl.o
        40         20        584          0       2048        488   startup_et6039.o
       774        184          0          0          0       3856   state_machine.o
      1776          0          0          0          0      13775   sto_pll_speed_pos_fdbk.o
       676          0         44          4          0       8264   system_et6x.o
       376          0          0          2        216      45733   ui_task.o
       588          0          6          0          0      47343   usart_frame_communication_protocol.o
      2736        460          0          0          0      53737   user_interface.o
       534          0          0          0          0       5562   virtual_speed_sensor.o

    ----------------------------------------------------------------------
     34612       2052       1904       1800       3164     968099   Object Totals
         0          0         32          0          0          0   (incl. Generated)
      1184         12          2          2         11          0   (incl. Padding)

    ----------------------------------------------------------------------

      Code (inc. data)   RO Data    RW Data    ZI Data      Debug   Library Member Name

        86          0          0          0          0          0   __dczerorl2.o
         0          0          0          0          0          0   entry.o
         0          0          0          0          0          0   entry10a.o
         0          0          0          0          0          0   entry11a.o
         8          4          0          0          0          0   entry2.o
         4          0          0          0          0          0   entry5.o
         0          0          0          0          0          0   entry7b.o
         0          0          0          0          0          0   entry8b.o
         8          4          0          0          0          0   entry9a.o
        30          0          0          0          0          0   handlers.o
        48         10          0          0          0         68   init.o
        30          0          0          0          0         68   llshl.o
        32          0          0          0          0         68   llushr.o
        36          0          0          0          0        108   memseta.o
       588         14          0          0          0        184   printf4.o
        36          6          0          0          0         80   puts.o
         0          0          0          4          0          0   stdout.o
        98          0          0          0          0         92   uldiv.o

    ----------------------------------------------------------------------
      1008         38          0          4          0        668   Library Totals
         4          0          0          0          0          0   (incl. Padding)

    ----------------------------------------------------------------------

      Code (inc. data)   RO Data    RW Data    ZI Data      Debug   Library Name

      1004         38          0          4          0        668   mc_w.l

    ----------------------------------------------------------------------
      1008         38          0          4          0        668   Library Totals

    ----------------------------------------------------------------------

==============================================================================


      Code (inc. data)   RO Data    RW Data    ZI Data      Debug   

     35620       2090       1904       1804       3164     967931   Grand Totals
     35620       2090       1904        560       3164     967931   ELF Image Totals (compressed)
     35620       2090       1904        560          0          0   ROM Totals

==============================================================================

    Total RO  Size (Code + RO Data)                37524 (  36.64kB)
    Total RW  Size (RW Data + ZI Data)              4968 (   4.85kB)
    Total ROM Size (Code + RO Data + RW Data)      38084 (  37.19kB)

==============================================================================

